D/dalvikvm(23456): GC_EXPLICIT freed 5K, 50% free 2717K/5379K, external 1625K/2137K, paused 67ms
D/dalvikvm(23463): GC_EXPLICIT freed 4K, 50% free 2715K/5379K, external 1625K/2137K, paused 76ms
D/dalvikvm(  225): GC_EXPLICIT freed 371K, 51% free 3713K/7431K, external 4438K/5243K, paused 69ms
I/power   (   96): *** set_screen_state 0
D/MinimalTextUpdateService(  429): Receiving Screen On/Off Message: android.intent.action.SCREEN_OFF
I/WLBroadcast(  438): LOCKED
I/ActivityManager(   96): Starting: Intent { flg=0x34840000 cmp=com.teslacoilsw.widgetlocker/.WidgetLocker (has extras) } from pid 438
I/WLBroadcast(  438): VISIBLE atLockScreen:true inInteraction:true
W/IInputConnectionWrapper(  438): showStatusIcon on inactive InputConnection
W/IInputConnectionWrapper(  181): getExtractedText on inactive InputConnection
D/SurfaceFlinger(   96): About to give-up screen, flinger = 0x1288d8
W/IInputConnectionWrapper(  438): getExtractedText on inactive InputConnection
W/IInputConnectionWrapper(  438): getExtractedText on inactive InputConnection
W/IInputConnectionWrapper(  438): getExtractedText on inactive InputConnection
W/IInputConnectionWrapper(  438): getExtractedText on inactive InputConnection
I/ActivityManager(   96): Starting: Intent { flg=0x34840000 cmp=com.teslacoilsw.widgetlocker/.WidgetLocker (has extras) } from pid 438
I/WLBroadcast(  438): VISIBLE atLockScreen:true inInteraction:true
W/BackupManagerService(   96): dataChanged but no participant pkg='com.android.providers.settings' uid=10059
W/BackupManagerService(   96): dataChanged but no participant pkg='com.android.providers.settings' uid=10059
D/AK8973  (   73): Compass CLOSE 
W/BackupManagerService(   96): dataChanged but no participant pkg='com.android.providers.settings' uid=10059
D/dalvikvm(   96): GC_EXTERNAL_ALLOC freed 646K, 40% free 7695K/12679K, external 4797K/4878K, paused 88ms
W/IInputConnectionWrapper(  438): getExtractedText on inactive InputConnection
W/IInputConnectionWrapper(  438): getExtractedText on inactive InputConnection
W/IInputConnectionWrapper(  438): getExtractedText on inactive InputConnection
W/IInputConnectionWrapper(  438): getExtractedText on inactive InputConnection
D/MinimalTextUpdateService(  429): The screen is currently off. Skipping update.
D/dalvikvm(21114): GC_EXPLICIT freed 5K, 56% free 4481K/9991K, external 1625K/2137K, paused 71ms
D/dalvikvm(  268): GC_EXPLICIT freed 212K, 50% free 2820K/5639K, external 2053K/2137K, paused 54ms
D/dalvikvm(  429): GC_EXPLICIT freed 27K, 59% free 3162K/7559K, external 3265K/4078K, paused 57ms
D/dalvikvm(23492): GC_EXPLICIT freed 10K, 48% free 3787K/7175K, external 1625K/2137K, paused 76ms
D/dalvikvm(  181): GC_EXPLICIT freed 98K, 51% free 3319K/6663K, external 6306K/6729K, paused 63ms
I/RealTimeChat( 7419): Sending ping to bunch
I/RealTimeChat( 7419): Ping response from backend
D/AndroidRuntime(23867): 
D/AndroidRuntime(23867): >>>>>> AndroidRuntime START com.android.internal.os.RuntimeInit <<<<<<
D/AndroidRuntime(23867): CheckJNI is OFF
D/dalvikvm(23867): creating instr width table
D/AndroidRuntime(23867): Calling main entry com.android.commands.pm.Pm
I/PackageManager(   96): Removing non-system package:com.vitruvianinteractive.vitae
I/ActivityManager(   96): Force stopping package com.vitruvianinteractive.vitae uid=10077
I/WLBroadcast(  438): VISIBLE atLockScreen:true inInteraction:true
D/PackageManager(   96): Removing package com.vitruvianinteractive.vitae
D/PackageManager(   96):   Activities: android.app.NativeActivity
W/BackupManagerService(   96): dataChanged but no participant pkg='com.android.providers.settings' uid=10059
I/ActivityManager(   96): Force stopping package com.vitruvianinteractive.vitae uid=10077
W/BackupManagerService(   96): dataChanged but no participant pkg='com.android.providers.settings' uid=10059
D/dalvikvm(   96): GC_EXPLICIT freed 516K, 39% free 7742K/12679K, external 5303K/5630K, paused 89ms
D/dalvikvm(  181): GC_EXPLICIT freed 43K, 51% free 3278K/6663K, external 5699K/6729K, paused 38ms
I/VoiceActionsFactory(18593): Applications list changed, recalculating supported actions
D/VoiceDialerReceiver(23424): onReceive Intent { act=android.intent.action.PACKAGE_REMOVED dat=package:com.vitruvianinteractive.vitae flg=0x10000000 cmp=com.android.voicedialer/.VoiceDialerReceiver (has extras) }
V/RecognizerEngine(23424): deleteCachedGrammarFiles /data/data/com.android.voicedialer/files/openentries.txt
I/WLBroadcast(  438): VISIBLE atLockScreen:true inInteraction:true
D/dalvikvm(  438): GC_EXPLICIT freed 521K, 54% free 3277K/6983K, external 2262K/2733K, paused 42ms
D/szipinf (   96): Initializing inflate state
D/dalvikvm(  225): GC_EXPLICIT freed 24K, 51% free 3689K/7431K, external 4438K/5243K, paused 159ms
D/Sources (  225): Creating external source for type=com.twitter.android.auth.login, packageName=com.twitter.android
D/Sources (  225): Creating external source for type=com.facebook.auth.login, packageName=com.facebook.katana
W/BackupManagerService(   96): dataChanged but no participant pkg='com.android.providers.settings' uid=10059
D/vending (21713): [48] LocalAssetCache.updateOnePackage(): No local info for com.vitruvianinteractive.vitae
D/dalvikvm(   96): GC_EXPLICIT freed 208K, 39% free 7737K/12679K, external 5168K/5630K, paused 90ms
W/BackupManagerService(   96): dataChanged but no participant pkg='com.android.providers.settings' uid=10059
I/installd(   70): unlink /data/dalvik-cache/data@app@com.vitruvianinteractive.vitae-1.apk@classes.dex
E/installd(   70): Couldn't unlink /data/dalvik-cache/data@app@com.vitruvianinteractive.vitae-1.apk@classes.dex: No such file or directory
D/AndroidRuntime(23867): Shutting down VM
W/PackageManager(   96): Couldn't remove dex file for package:  at location /data/app/com.vitruvianinteractive.vitae-1.apk, retcode=-1
D/dalvikvm(23867): GC_CONCURRENT freed 99K, 72% free 292K/1024K, external 0K/0K, paused 0ms+1ms
D/jdwp    (23867): adbd disconnected
D/AndroidRuntime(23881): 
D/AndroidRuntime(23881): >>>>>> AndroidRuntime START com.android.internal.os.RuntimeInit <<<<<<
D/AndroidRuntime(23881): CheckJNI is OFF
D/dalvikvm(23881): creating instr width table
D/AndroidRuntime(23881): Calling main entry com.android.commands.pm.Pm
D/dalvikvm(23403): GC_EXPLICIT freed 7K, 50% free 2723K/5379K, external 1625K/2137K, paused 26ms
W/ActivityManager(   96): No content provider found for: 
W/ActivityManager(   96): No content provider found for: 
D/PackageParser(   96): Scanning package: /data/app/vmdl1624194414.tmp
I/PackageParser(   96): com.vitruvianinteractive.vitae: compat added android.permission.WRITE_EXTERNAL_STORAGE android.permission.READ_PHONE_STATE
D/PackageManager(   96): Scanning package com.vitruvianinteractive.vitae
I/PackageManager(   96): Unpacking native libraries for /data/app/com.vitruvianinteractive.vitae-1.apk
I/ActivityManager(   96): Force stopping package com.vitruvianinteractive.vitae uid=10077
I/WLBroadcast(  438): VISIBLE atLockScreen:true inInteraction:true
D/PackageManager(   96):   Activities: android.app.NativeActivity
W/BackupManagerService(   96): dataChanged but no participant pkg='com.android.providers.settings' uid=10059
D/PackageManager(   96): New package installed in /data/app/com.vitruvianinteractive.vitae-1.apk
D/KeyguardViewMediator(   96): wakeWhenReadyLocked(26)
I/power   (   96): *** set_screen_state 1
D/SurfaceFlinger(   96): Screen about to return, flinger = 0x1288d8
D/AK8973  (   73): Compass Start
W/BackupManagerService(   96): dataChanged but no participant pkg='com.android.providers.settings' uid=10059
I/WLBroadcast(  438): VISIBLE atLockScreen:true inInteraction:true
D/MinimalTextUpdateService(  429): Receiving Screen On/Off Message: android.intent.action.SCREEN_ON
D/MinimalTextUpdateService(  429): Checking if widget 17 needs an update
D/MinimalTextUpdateService(  429): Updating widget 17; Change: 4194328, Demand: 183
D/dalvikvm(  429): GetFieldID: unable to find field Ljava/util/HashMap;.loadFactor:F
D/dalvikvm(  429): GetFieldID: unable to find field Ljava/util/HashMap;.loadFactor:F
D/dalvikvm(  429): GetFieldID: unable to find field Ljava/util/HashMap;.loadFactor:F
D/dalvikvm(  429): GetFieldID: unable to find field Ljava/util/HashMap;.loadFactor:F
D/dalvikvm(  429): GetFieldID: unable to find field Ljava/util/HashMap;.loadFactor:F
D/dalvikvm(  429): GetFieldID: unable to find field Ljava/util/HashMap;.loadFactor:F
D/dalvikvm(  429): GetFieldID: unable to find field Ljava/util/HashMap;.loadFactor:F
D/MinimalTextUpdateService(  429): Checking if widget 24 needs an update
D/MinimalTextUpdateService(  429): Updating widget 24; Change: 4194328, Demand: 48
D/dalvikvm(  429): GetFieldID: unable to find field Ljava/util/HashMap;.loadFactor:F
D/dalvikvm(  429): GetFieldID: unable to find field Ljava/util/HashMap;.loadFactor:F
D/dalvikvm(  429): GetFieldID: unable to find field Ljava/util/HashMap;.loadFactor:F
D/dalvikvm(  429): GetFieldID: unable to find field Ljava/util/HashMap;.loadFactor:F
D/dalvikvm(  429): GetFieldID: unable to find field Ljava/util/HashMap;.loadFactor:F
D/dalvikvm(  429): GetFieldID: unable to find field Ljava/util/HashMap;.loadFactor:F
D/dalvikvm(  429): GetFieldID: unable to find field Ljava/util/HashMap;.loadFactor:F
D/SettingsProvider(   96): external modification to /data/data/com.android.providers.settings/databases/settings.db; event=2
D/SettingsProvider(   96): updating our caches for /data/data/com.android.providers.settings/databases/settings.db
D/SettingsProvider(   96): cache for settings table 'secure' rows=44; fullycached=true
D/SettingsProvider(   96): cache for settings table 'system' rows=57; fullycached=true
D/SettingsProvider(   96): external modification to /data/data/com.android.providers.settings/databases/settings.db; event=2
D/SettingsProvider(   96): updating our caches for /data/data/com.android.providers.settings/databases/settings.db
D/SettingsProvider(   96): cache for settings table 'secure' rows=44; fullycached=true
D/SettingsProvider(   96): cache for settings table 'system' rows=57; fullycached=true
I/VoiceActionsFactory(18593): Applications list changed, recalculating supported actions
D/GTalkService(  204): handlePackageInstalled: re-initialize providers
D/GTalkService(  204): [RawStanzaProvidersMgr] ##### searchProvidersFromIntent
D/GTalkService(  204): [RawStanzaProvidersMgr] no intent receivers found
D/VoiceDialerReceiver(23424): onReceive Intent { act=android.intent.action.PACKAGE_ADDED dat=package:com.vitruvianinteractive.vitae flg=0x10000000 cmp=com.android.voicedialer/.VoiceDialerReceiver (has extras) }
V/RecognizerEngine(23424): deleteCachedGrammarFiles /data/data/com.android.voicedialer/files/openentries.txt
D/szipinf (   96): Initializing inflate state
D/Sources (  225): Creating external source for type=com.twitter.android.auth.login, packageName=com.twitter.android
D/Sources (  225): Creating external source for type=com.facebook.auth.login, packageName=com.facebook.katana
D/dalvikvm(   96): GC_EXPLICIT freed 1181K, 39% free 7832K/12679K, external 5313K/5630K, paused 93ms
D/AndroidRuntime(23881): Shutting down VM
D/dalvikvm(23881): GC_CONCURRENT freed 100K, 72% free 294K/1024K, external 0K/0K, paused 0ms+1ms
D/jdwp    (23881): adbd disconnected
D/vending (21713): [50] LocalAssetCache.updateOnePackage(): No local info for com.vitruvianinteractive.vitae
I/ActivityManager(   96): Starting: Intent { flg=0x10800000 cmp=com.teslacoilsw.widgetlocker/.LauncherProAnimationKillerActivity } from pid 438
E/WLBroadcast(  438): UNLOCKED
I/ActivityManager(   96): moveTaskToBack: 4
W/BackupManagerService(   96): dataChanged but no participant pkg='com.android.providers.settings' uid=10059
I/ActivityManager(   96): Displayed com.teslacoilsw.widgetlocker/.LauncherProAnimationKillerActivity: +177ms (total +3m27s54ms)
D/dalvikvm(  181): GC_EXTERNAL_ALLOC freed 194K, 51% free 3313K/6663K, external 6723K/6729K, paused 59ms
D/dalvikvm(  181): GC_EXTERNAL_ALLOC freed 42K, 51% free 3277K/6663K, external 6580K/7099K, paused 34ms
I/ActivityManager(   96): Starting: Intent { act=android.intent.action.MAIN cat=[android.intent.category.LAUNCHER] flg=0x10200000 cmp=com.vitruvianinteractive.vitae/android.app.NativeActivity } from pid 181
I/ActivityManager(   96): Start proc com.vitruvianinteractive.vitae for activity com.vitruvianinteractive.vitae/android.app.NativeActivity: pid=23896 uid=10077 gids={1015}
I/threaded_app(23896): Creating: 0x2a15f8
I/threaded_app(23896): Config: mcc=234 mnc=15 lang=en cnt=GB orien=1 touch=3 dens=160 keys=1 nav=3 keysHid=3 navHid=0 sdk=10 size=2 long=2 modetype=1 modenight=1
I/vitae   (23896): Loading Vitae.
I/vitae   (23896): RENDERING: Initialising OpenGL rendering settings.
I/vitae   (23896): Loaded default texture as OpenGL texture name: 0
I/vitae   (23896): SHADER: Loading Shader (Vertex: "shaders/phong.v.glsl", Fragment: "shaders/phong.f.glsl")
I/vitae   (23896): vfile: Unable to open shaders/phong.v.glsl for reading
I/vitae   (23896): vfile: Unable to open shaders/phong.f.glsl for reading
I/threaded_app(23896): Start: 0x2a15f8
I/DEBUG   (23679): *** *** *** *** *** *** *** *** *** *** *** *** *** *** *** ***
I/DEBUG   (23679): Build fingerprint: 'google/passion/passion:2.3.4/GRJ22/121341:user/release-keys'
I/DEBUG   (23679): pid: 23896, tid: 23904  >>> com.vitruvianinteractive.vitae <<<
I/DEBUG   (23679): signal 11 (SIGSEGV), code 1 (SEGV_MAPERR), fault addr 00000000
I/DEBUG   (23679):  r0 00000000  r1 8042a1f8  r2 80808080  r3 00000000
I/DEBUG   (23679):  r4 00000000  r5 8042a1f8  r6 00008b31  r7 8042a210
I/DEBUG   (23679):  r8 00000000  r9 002a1838  10 00100000  fp 00000001
I/DEBUG   (23679):  ip 8042fa88  sp 44717e20  lr 8040e51f  pc afd14bd8  cpsr 40000010
I/DEBUG   (23679):  d0  61657220726f6664  d1  7472655628207269
I/DEBUG   (23679):  d2  786574204c476e6e  d3  6d616e2065727567
I/DEBUG   (23679):  d4  0000000000000000  d5  0000000000000000
I/DEBUG   (23679):  d6  0000000000000000  d7  0000000000000000
I/DEBUG   (23679):  d8  0000000000000000  d9  0000000000000000
I/DEBUG   (23679):  d10 0000000000000000  d11 0000000000000000
I/DEBUG   (23679):  d12 0000000000000000  d13 0000000000000000
I/DEBUG   (23679):  d14 0000000000000000  d15 0000000000000000
I/DEBUG   (23679):  d16 0000000700000001  d17 bff0000000000000
I/DEBUG   (23679):  d18 3ff0000000000000  d19 0000000000000000
I/DEBUG   (23679):  d20 0000000000000000  d21 0000000000000000
I/DEBUG   (23679):  d22 3ff0000000000000  d23 0000000000000000
I/DEBUG   (23679):  d24 3ff0000000000000  d25 0000000000000000
I/DEBUG   (23679):  d26 0000000000000000  d27 0000000000000000
I/DEBUG   (23679):  d28 0000000000000000  d29 0000000000000000
I/DEBUG   (23679):  d30 0000000000000000  d31 0000000000000000
I/DEBUG   (23679):  scr 60000012
I/DEBUG   (23679): 
I/DEBUG   (23679):          #00  pc 00014bd8  /system/lib/libc.so
I/DEBUG   (23679):          #01  pc 0000e51c  /data/data/com.vitruvianinteractive.vitae/lib/libvitae.so
I/DEBUG   (23679):          #02  pc 0000e5b0  /data/data/com.vitruvianinteractive.vitae/lib/libvitae.so
I/DEBUG   (23679):          #03  pc 0000e826  /data/data/com.vitruvianinteractive.vitae/lib/libvitae.so
I/DEBUG   (23679):          #04  pc 0000e180  /data/data/com.vitruvianinteractive.vitae/lib/libvitae.so
I/DEBUG   (23679):          #05  pc 0000e380  /data/data/com.vitruvianinteractive.vitae/lib/libvitae.so
I/DEBUG   (23679):          #06  pc 0000919c  /data/data/com.vitruvianinteractive.vitae/lib/libvitae.so
I/DEBUG   (23679):          #07  pc 00008d16  /data/data/com.vitruvianinteractive.vitae/lib/libvitae.so
I/DEBUG   (23679):          #08  pc 00008d3e  /data/data/com.vitruvianinteractive.vitae/lib/libvitae.so
I/DEBUG   (23679):          #09  pc 0000fe52  /data/data/com.vitruvianinteractive.vitae/lib/libvitae.so
I/DEBUG   (23679):          #10  pc 000118e4  /system/lib/libc.so
I/DEBUG   (23679):          #11  pc 000114b0  /system/lib/libc.so
I/DEBUG   (23679): 
I/DEBUG   (23679): code around pc:
I/DEBUG   (23679): afd14bb8 0a00003d e58d2004 e59d2004 e3120003 
I/DEBUG   (23679): afd14bc8 1afffff6 e0800003 e3082080 e3482080 
I/DEBUG   (23679): afd14bd8 e4901004 e0433000 f5d0f040 e041c3a2 
I/DEBUG   (23679): afd14be8 e00cc002 e1dcc001 04901004 1a000022 
I/DEBUG   (23679): afd14bf8 e041c3a2 e00cc002 e1dcc001 04901004 
I/DEBUG   (23679): 
I/DEBUG   (23679): code around lr:
I/DEBUG   (23679): 8040e4fc 0001b2ec 0001be56 000216c4 00021692 
I/DEBUG   (23679): 8040e50c b084b570 1c101c06 1c141c0d f7fa9201 
I/DEBUG   (23679): 8040e51c 9003eb88 d0272c00 f7fa1c30 ab03eaa4 
I/DEBUG   (23679): 8040e52c 21011c04 f7faaa01 1c20e858 e800f7fa 
I/DEBUG   (23679): 8040e53c 49121c20 f7faaa02 9b02e9f4 d1102b00 
I/DEBUG   (23679): 
I/DEBUG   (23679): stack:
I/DEBUG   (23679):     44717de0  00000001  
I/DEBUG   (23679):     44717de4  44717e90  
I/DEBUG   (23679):     44717de8  002a179c  
I/DEBUG   (23679):     44717dec  afd13ec7  /system/lib/libc.so
I/DEBUG   (23679):     44717df0  00000050  
I/DEBUG   (23679):     44717df4  b88b77e4  
I/DEBUG   (23679):     44717df8  afd46784  
I/DEBUG   (23679):     44717dfc  00000000  
I/DEBUG   (23679):     44717e00  afd46784  
I/DEBUG   (23679):     44717e04  afd249d7  /system/lib/libc.so
I/DEBUG   (23679):     44717e08  afd46784  
I/DEBUG   (23679):     44717e0c  afd16ffd  /system/lib/libc.so
I/DEBUG   (23679):     44717e10  8042a210  /data/data/com.vitruvianinteractive.vitae/lib/libvitae.so
I/DEBUG   (23679):     44717e14  00000000  
I/DEBUG   (23679):     44717e18  df002777  
I/DEBUG   (23679):     44717e1c  e3a070ad  
I/DEBUG   (23679): #00 44717e20  000001b6  
I/DEBUG   (23679):     44717e24  b88b77e4  
I/DEBUG   (23679): #01 44717e28  8042a210  /data/data/com.vitruvianinteractive.vitae/lib/libvitae.so
I/DEBUG   (23679):     44717e2c  00000000  
I/DEBUG   (23679):     44717e30  44717e64  
I/DEBUG   (23679):     44717e34  8042a210  /data/data/com.vitruvianinteractive.vitae/lib/libvitae.so
I/DEBUG   (23679):     44717e38  8042a1f8  /data/data/com.vitruvianinteractive.vitae/lib/libvitae.so
I/DEBUG   (23679):     44717e3c  00000000  
I/DEBUG   (23679):     44717e40  8042a210  /data/data/com.vitruvianinteractive.vitae/lib/libvitae.so
I/DEBUG   (23679):     44717e44  8040e5b5  /data/data/com.vitruvianinteractive.vitae/lib/libvitae.so
I/BootReceiver(   96): Copying /data/tombstones/tombstone_06 to DropBox (SYSTEM_TOMBSTONE)
I/ActivityManager(   96): Process com.vitruvianinteractive.vitae (pid 23896) has died.
D/Zygote  (   67): Process 23896 terminated by signal (11)
D/dalvikvm(   96): GC_FOR_MALLOC freed 733K, 39% free 7839K/12679K, external 5339K/5630K, paused 77ms
W/InputManagerService(   96): Window already focused, ignoring focus gain of: com.android.internal.view.IInputMethodClient$Stub$Proxy@40b9ad70
