W/BackupManagerService(   96): dataChanged but no participant pkg='com.android.providers.settings' uid=10059
W/BackupManagerService(   96): dataChanged but no participant pkg='com.android.providers.settings' uid=10059
I/ActivityManager(   96): Start proc com.spotify.mobile.android.ui for service com.spotify.mobile.android.ui/com.spotify.mobile.android.service.LocalService: pid=7263 uid=10065 gids={3003, 1015}
I/ActivityThread( 7263): Pub com.spotify.mobile.android.ui.PlaylistSearchProvider: com.spotify.mobile.android.model.PlaylistSearchProvider
I/ActivityThread( 7263): Pub com.spotify.mobile.android.model.StarredTracksContentProvider: com.spotify.mobile.android.model.StarredTracksContentProvider
I/ActivityThread( 7263): Pub com.spotify.mobile.android.ui.SearchProvider: com.spotify.mobile.android.model.SearchSuggestionSampleProvider
D/dalvikvm( 7263): Trying to load lib /data/data/com.spotify.mobile.android.ui/lib/libspotifyjni-arm.so 0x40515f68
D/dalvikvm( 7263): Added shared lib /data/data/com.spotify.mobile.android.ui/lib/libspotifyjni-arm.so 0x40515f68
D/SpotifyJava( 7263): PHONE STATE - IDLE
D/SpotifyJava( 7263): Received broadcast: android.intent.action.HEADSET_PLUG
D/SpotifyJava( 7263): Not logged in. Ignoring intent.
D/dalvikvm( 6782): GC_EXPLICIT freed 396K, 47% free 3253K/6087K, external 1625K/2137K, paused 93ms
D/dalvikvm( 6760): GC_EXPLICIT freed <1K, 49% free 3627K/6983K, external 1625K/2137K, paused 70ms
D/skia    (   96): purging 187K from font cache [14 entries]
D/AndroidRuntime( 7274): 
D/AndroidRuntime( 7274): >>>>>> AndroidRuntime START com.android.internal.os.RuntimeInit <<<<<<
D/AndroidRuntime( 7274): CheckJNI is OFF
D/dalvikvm( 7274): creating instr width table
D/AndroidRuntime( 7274): Calling main entry com.android.commands.pm.Pm
D/dalvikvm( 6649): GC_EXPLICIT freed 5K, 50% free 2722K/5379K, external 1625K/2137K, paused 26ms
W/ActivityManager(   96): No content provider found for: 
D/PackageParser(   96): Scanning package: /data/app/vmdl-750761343.tmp
I/PackageParser(   96): com.vitruvianinteractive.vitae: compat added android.permission.WRITE_EXTERNAL_STORAGE android.permission.READ_PHONE_STATE
W/ActivityManager(   96): No content provider found for: 
D/PackageManager(   96): Scanning package com.vitruvianinteractive.vitae
I/PackageManager(   96): Unpacking native libraries for /data/app/com.vitruvianinteractive.vitae-1.apk
I/ActivityManager(   96): Force stopping package com.vitruvianinteractive.vitae uid=10077
I/WLBroadcast(  438): VISIBLE atLockScreen:true inInteraction:true
D/PackageManager(   96):   Activities: com.vitruvianinteractive.vitae.NativeActivity
W/BackupManagerService(   96): dataChanged but no participant pkg='com.android.providers.settings' uid=10059
D/PackageManager(   96): New package installed in /data/app/com.vitruvianinteractive.vitae-1.apk
W/BackupManagerService(   96): dataChanged but no participant pkg='com.android.providers.settings' uid=10059
D/GTalkService(  204): handlePackageInstalled: re-initialize providers
D/GTalkService(  204): [RawStanzaProvidersMgr] ##### searchProvidersFromIntent
D/GTalkService(  204): [RawStanzaProvidersMgr] no intent receivers found
D/VoiceDialerReceiver( 6672): onReceive Intent { act=android.intent.action.PACKAGE_ADDED dat=package:com.vitruvianinteractive.vitae flg=0x10000000 cmp=com.android.voicedialer/.VoiceDialerReceiver (has extras) }
V/RecognizerEngine( 6672): deleteCachedGrammarFiles /data/data/com.android.voicedialer/files/openentries.txt
D/vending ( 6680): [49] LocalAssetCache.updateOnePackage(): No local info for com.vitruvianinteractive.vitae
D/szipinf (   96): Initializing inflate state
D/dalvikvm(   96): GC_EXPLICIT freed 1067K, 40% free 7099K/11783K, external 5515K/6798K, paused 81ms
D/AndroidRuntime( 7274): Shutting down VM
D/dalvikvm( 7274): GC_CONCURRENT freed 100K, 72% free 294K/1024K, external 0K/0K, paused 1ms+0ms
D/jdwp    ( 7274): adbd disconnected
I/AndroidRuntime( 7274): NOTE: attach of thread 'Binder Thread #3' failed
D/KeyguardViewMediator(   96): wakeWhenReadyLocked(26)
I/power   (   96): *** set_screen_state 1
D/SurfaceFlinger(   96): Screen about to return, flinger = 0x1288d8
D/AK8973  (   73): Compass Start
I/WLBroadcast(  438): VISIBLE atLockScreen:true inInteraction:true
D/MinimalTextUpdateService(  429): Receiving Screen On/Off Message: android.intent.action.SCREEN_ON
D/MinimalTextUpdateService(  429): Checking if widget 17 needs an update
D/MinimalTextUpdateService(  429): Updating widget 17; Change: 4194328, Demand: 183
D/dalvikvm(  429): GetFieldID: unable to find field Ljava/util/HashMap;.loadFactor:F
D/dalvikvm(  429): GetFieldID: unable to find field Ljava/util/HashMap;.loadFactor:F
D/dalvikvm(  429): GetFieldID: unable to find field Ljava/util/HashMap;.loadFactor:F
D/dalvikvm(  429): GetFieldID: unable to find field Ljava/util/HashMap;.loadFactor:F
D/dalvikvm(  429): GetFieldID: unable to find field Ljava/util/HashMap;.loadFactor:F
D/dalvikvm(  429): GetFieldID: unable to find field Ljava/util/HashMap;.loadFactor:F
D/dalvikvm(  429): GetFieldID: unable to find field Ljava/util/HashMap;.loadFactor:F
D/MinimalTextUpdateService(  429): Checking if widget 24 needs an update
D/MinimalTextUpdateService(  429): Updating widget 24; Change: 4194328, Demand: 48
D/dalvikvm(  429): GetFieldID: unable to find field Ljava/util/HashMap;.loadFactor:F
D/dalvikvm(  429): GetFieldID: unable to find field Ljava/util/HashMap;.loadFactor:F
D/dalvikvm(  429): GetFieldID: unable to find field Ljava/util/HashMap;.loadFactor:F
D/dalvikvm(  429): GetFieldID: unable to find field Ljava/util/HashMap;.loadFactor:F
D/dalvikvm(  429): GetFieldID: unable to find field Ljava/util/HashMap;.loadFactor:F
D/dalvikvm(  429): GetFieldID: unable to find field Ljava/util/HashMap;.loadFactor:F
D/dalvikvm(  429): GetFieldID: unable to find field Ljava/util/HashMap;.loadFactor:F
I/ActivityManager(   96): Starting: Intent { flg=0x10800000 cmp=com.teslacoilsw.widgetlocker/.LauncherProAnimationKillerActivity } from pid 438
I/ActivityManager(   96): moveTaskToBack: 4
E/WLBroadcast(  438): UNLOCKED
W/BackupManagerService(   96): dataChanged but no participant pkg='com.android.providers.settings' uid=10059
I/ActivityManager(   96): Displayed com.teslacoilsw.widgetlocker/.LauncherProAnimationKillerActivity: +292ms
D/dalvikvm(  181): GC_EXTERNAL_ALLOC freed 194K, 50% free 3309K/6599K, external 6769K/6838K, paused 43ms
I/ActivityManager(   96): Starting: Intent { act=android.intent.action.MAIN cat=[android.intent.category.LAUNCHER] flg=0x10200000 cmp=com.vitruvianinteractive.vitae/.NativeActivity } from pid 181
I/ActivityManager(   96): Start proc com.vitruvianinteractive.vitae for activity com.vitruvianinteractive.vitae/.NativeActivity: pid=7290 uid=10077 gids={1015}
D/dalvikvm(   67): GC_EXPLICIT freed 11K, 50% free 2718K/5379K, external 1625K/2137K, paused 56ms
D/AndroidRuntime( 7290): Shutting down VM
W/dalvikvm( 7290): threadid=1: thread exiting with uncaught exception (group=0x40015560)
E/AndroidRuntime( 7290): FATAL EXCEPTION: main
E/AndroidRuntime( 7290): java.lang.RuntimeException: Unable to instantiate activity ComponentInfo{com.vitruvianinteractive.vitae/com.vitruvianinteractive.vitae.NativeActivity}: java.lang.ClassNotFoundException: com.vitruvianinteractive.vitae.NativeActivity in loader dalvik.system.PathClassLoader[.]
E/AndroidRuntime( 7290): 	at android.app.ActivityThread.performLaunchActivity(ActivityThread.java:1569)
E/AndroidRuntime( 7290): 	at android.app.ActivityThread.handleLaunchActivity(ActivityThread.java:1663)
E/AndroidRuntime( 7290): 	at android.app.ActivityThread.access$1500(ActivityThread.java:117)
E/AndroidRuntime( 7290): 	at android.app.ActivityThread$H.handleMessage(ActivityThread.java:931)
E/AndroidRuntime( 7290): 	at android.os.Handler.dispatchMessage(Handler.java:99)
E/AndroidRuntime( 7290): 	at android.os.Looper.loop(Looper.java:130)
E/AndroidRuntime( 7290): 	at android.app.ActivityThread.main(ActivityThread.java:3683)
E/AndroidRuntime( 7290): 	at java.lang.reflect.Method.invokeNative(Native Method)
E/AndroidRuntime( 7290): 	at java.lang.reflect.Method.invoke(Method.java:507)
E/AndroidRuntime( 7290): 	at com.android.internal.os.ZygoteInit$MethodAndArgsCaller.run(ZygoteInit.java:839)
E/AndroidRuntime( 7290): 	at com.android.internal.os.ZygoteInit.main(ZygoteInit.java:597)
E/AndroidRuntime( 7290): 	at dalvik.system.NativeStart.main(Native Method)
E/AndroidRuntime( 7290): Caused by: java.lang.ClassNotFoundException: com.vitruvianinteractive.vitae.NativeActivity in loader dalvik.system.PathClassLoader[.]
E/AndroidRuntime( 7290): 	at dalvik.system.PathClassLoader.findClass(PathClassLoader.java:240)
E/AndroidRuntime( 7290): 	at java.lang.ClassLoader.loadClass(ClassLoader.java:551)
E/AndroidRuntime( 7290): 	at java.lang.ClassLoader.loadClass(ClassLoader.java:511)
E/AndroidRuntime( 7290): 	at android.app.Instrumentation.newActivity(Instrumentation.java:1021)
E/AndroidRuntime( 7290): 	at android.app.ActivityThread.performLaunchActivity(ActivityThread.java:1561)
E/AndroidRuntime( 7290): 	... 11 more
W/ActivityManager(   96):   Force finishing activity com.vitruvianinteractive.vitae/.NativeActivity
D/dalvikvm(   67): GC_EXPLICIT freed <1K, 50% free 2718K/5379K, external 1625K/2137K, paused 111ms
D/dalvikvm(   67): GC_EXPLICIT freed <1K, 50% free 2718K/5379K, external 1625K/2137K, paused 86ms
W/ActivityManager(   96): Activity pause timeout for HistoryRecord{40848010 com.vitruvianinteractive.vitae/.NativeActivity}
I/ActivityManager(   96): No longer want com.google.android.apps.maps:NetworkLocationService (pid 6760): hidden #16
W/ActivityManager(   96): Scheduling restart of crashed service com.google.android.apps.maps/com.google.android.location.internal.server.NetworkLocationService in 5000ms
I/Process ( 7290): Sending signal. PID: 7290 SIG: 9
W/InputManagerService(   96): Window already focused, ignoring focus gain of: com.android.internal.view.IInputMethodClient$Stub$Proxy@40544508
I/ActivityManager(   96): Process com.vitruvianinteractive.vitae (pid 7290) has died.
I/power   (   96): *** set_screen_state 0
D/MinimalTextUpdateService(  429): Receiving Screen On/Off Message: android.intent.action.SCREEN_OFF
W/IInputConnectionWrapper(  181): getExtractedText on inactive InputConnection
W/IInputConnectionWrapper(  438): showStatusIcon on inactive InputConnection
W/IInputConnectionWrapper(  438): getExtractedText on inactive InputConnection
W/IInputConnectionWrapper(  438): getExtractedText on inactive InputConnection
D/SurfaceFlinger(   96): About to give-up screen, flinger = 0x1288d8
W/IInputConnectionWrapper(  438): getExtractedText on inactive InputConnection
W/IInputConnectionWrapper(  438): getExtractedText on inactive InputConnection
I/WLBroadcast(  438): LOCKED
I/ActivityManager(   96): Starting: Intent { flg=0x34840000 cmp=com.teslacoilsw.widgetlocker/.WidgetLocker (has extras) } from pid 438
W/IInputConnectionWrapper(  438): getExtractedText on inactive InputConnection
W/IInputConnectionWrapper(  438): getExtractedText on inactive InputConnection
I/WLBroadcast(  438): VISIBLE atLockScreen:true inInteraction:true
W/IInputConnectionWrapper(  438): getExtractedText on inactive InputConnection
W/IInputConnectionWrapper(  438): getExtractedText on inactive InputConnection
W/IInputConnectionWrapper(  438): getExtractedText on inactive InputConnection
W/InputManagerService(   96): Window already focused, ignoring focus gain of: com.android.internal.view.IInputMethodClient$Stub$Proxy@4052d810
I/ActivityManager(   96): Starting: Intent { flg=0x34840000 cmp=com.teslacoilsw.widgetlocker/.WidgetLocker (has extras) } from pid 438
I/WLBroadcast(  438): VISIBLE atLockScreen:true inInteraction:true
D/AK8973  (   73): Compass CLOSE 
W/BackupManagerService(   96): dataChanged but no participant pkg='com.android.providers.settings' uid=10059
W/BackupManagerService(   96): dataChanged but no participant pkg='com.android.providers.settings' uid=10059
W/BackupManagerService(   96): dataChanged but no participant pkg='com.android.providers.settings' uid=10059
D/AndroidRuntime( 7301): 
D/AndroidRuntime( 7301): >>>>>> AndroidRuntime START com.android.internal.os.RuntimeInit <<<<<<
D/AndroidRuntime( 7301): CheckJNI is OFF
D/dalvikvm( 7301): creating instr width table
D/AndroidRuntime( 7301): Calling main entry com.android.commands.pm.Pm
I/PackageManager(   96): Removing non-system package:com.vitruvianinteractive.vitae
I/ActivityManager(   96): Force stopping package com.vitruvianinteractive.vitae uid=10077
I/ActivityManager(   96):   Force finishing activity HistoryRecord{40848010 com.vitruvianinteractive.vitae/.NativeActivity}
W/ActivityManager(   96): Duplicate finish request for HistoryRecord{40848010 com.vitruvianinteractive.vitae/.NativeActivity}
I/WLBroadcast(  438): VISIBLE atLockScreen:true inInteraction:true
D/PackageManager(   96): Removing package com.vitruvianinteractive.vitae
D/PackageManager(   96):   Activities: com.vitruvianinteractive.vitae.NativeActivity
W/BackupManagerService(   96): dataChanged but no participant pkg='com.android.providers.settings' uid=10059
I/ActivityManager(   96): Start proc com.google.android.apps.maps:NetworkLocationService for service com.google.android.apps.maps/com.google.android.location.internal.server.NetworkLocationService: pid=7309 uid=10040 gids={3003, 1015}
I/ActivityManager(   96): Force stopping package com.vitruvianinteractive.vitae uid=10077
I/ActivityManager(   96):   Force finishing activity HistoryRecord{40848010 com.vitruvianinteractive.vitae/.NativeActivity}
W/ActivityManager(   96): Duplicate finish request for HistoryRecord{40848010 com.vitruvianinteractive.vitae/.NativeActivity}
D/dalvikvm(   96): GC_EXPLICIT freed 805K, 40% free 7113K/11783K, external 6324K/6406K, paused 87ms
D/dalvikvm(  181): GC_EXPLICIT freed 59K, 51% free 3278K/6599K, external 5989K/6705K, paused 35ms
D/VoiceDialerReceiver( 6672): onReceive Intent { act=android.intent.action.PACKAGE_REMOVED dat=package:com.vitruvianinteractive.vitae flg=0x10000000 cmp=com.android.voicedialer/.VoiceDialerReceiver (has extras) }
V/RecognizerEngine( 6672): deleteCachedGrammarFiles /data/data/com.android.voicedialer/files/openentries.txt
I/WLBroadcast(  438): VISIBLE atLockScreen:true inInteraction:true
D/NlpVersionInfo( 7309): com.google.android.location not found
D/szipinf (   96): Initializing inflate state
D/dalvikvm(  438): GC_EXPLICIT freed 749K, 53% free 3230K/6855K, external 2235K/2728K, paused 37ms
W/BackupManagerService(   96): dataChanged but no participant pkg='com.android.providers.settings' uid=10059
D/vending ( 6680): [51] LocalAssetCache.updateOnePackage(): No local info for com.vitruvianinteractive.vitae
D/dalvikvm(   96): GC_EXPLICIT freed 215K, 40% free 7089K/11783K, external 5510K/6406K, paused 86ms
D/dalvikvm(  225): GC_EXPLICIT freed 213K, 50% free 3183K/6279K, external 1625K/2137K, paused 269ms
I/dalvikvm( 7309): Total arena pages for JIT: 11
I/installd(   70): unlink /data/dalvik-cache/data@app@com.vitruvianinteractive.vitae-1.apk@classes.dex
E/installd(   70): Couldn't unlink /data/dalvik-cache/data@app@com.vitruvianinteractive.vitae-1.apk@classes.dex: No such file or directory
W/PackageManager(   96): Couldn't remove dex file for package:  at location /data/app/com.vitruvianinteractive.vitae-1.apk, retcode=-1
D/AndroidRuntime( 7301): Shutting down VM
D/dalvikvm( 7301): GC_CONCURRENT freed 99K, 72% free 292K/1024K, external 0K/0K, paused 0ms+0ms
D/jdwp    ( 7301): adbd disconnected
D/szipinf ( 7309): Initializing inflate state
D/szipinf ( 7309): Initializing zlib to inflate
D/dalvikvm( 7309): GC_CONCURRENT freed 455K, 43% free 3856K/6727K, external 1625K/2137K, paused 3ms+3ms
E/wpa_supplicant(  229): Ongoing Scan action...
W/ActivityManager(   96): Activity destroy timeout for HistoryRecord{40848010 com.vitruvianinteractive.vitae/.NativeActivity}
D/dalvikvm( 6672): GC_EXPLICIT freed 15K, 50% free 2717K/5379K, external 1625K/2137K, paused 54ms
D/dalvikvm( 6680): GC_EXPLICIT freed 44K, 50% free 2996K/5959K, external 1625K/2137K, paused 68ms
D/dalvikvm( 6692): GC_EXPLICIT freed 7K, 49% free 2777K/5379K, external 1625K/2137K, paused 54ms
D/MinimalTextUpdateService(  429): The screen is currently off. Skipping update.
D/AndroidRuntime( 7329): 
D/AndroidRuntime( 7329): >>>>>> AndroidRuntime START com.android.internal.os.RuntimeInit <<<<<<
D/AndroidRuntime( 7329): CheckJNI is OFF
D/dalvikvm( 7329): creating instr width table
D/AndroidRuntime( 7329): Calling main entry com.android.commands.pm.Pm
D/dalvikvm( 6649): GC_EXPLICIT freed 10K, 50% free 2722K/5379K, external 1625K/2137K, paused 256ms
D/dalvikvm( 6649): GC_EXPLICIT freed 5K, 50% free 2722K/5379K, external 1625K/2137K, paused 26ms
W/ActivityManager(   96): No content provider found for: 
D/PackageParser(   96): Scanning package: /data/app/vmdl-823620984.tmp
I/PackageParser(   96): com.vitruvianinteractive.vitae: compat added android.permission.WRITE_EXTERNAL_STORAGE android.permission.READ_PHONE_STATE
W/ActivityManager(   96): No content provider found for: 
D/PackageManager(   96): Scanning package com.vitruvianinteractive.vitae
I/PackageManager(   96): Unpacking native libraries for /data/app/com.vitruvianinteractive.vitae-1.apk
I/ActivityManager(   96): Force stopping package com.vitruvianinteractive.vitae uid=10077
I/WLBroadcast(  438): VISIBLE atLockScreen:true inInteraction:true
D/PackageManager(   96):   Activities: com.vitruvianinteractive.vitae.NativeActivity
W/BackupManagerService(   96): dataChanged but no participant pkg='com.android.providers.settings' uid=10059
D/PackageManager(   96): New package installed in /data/app/com.vitruvianinteractive.vitae-1.apk
D/GTalkService(  204): handlePackageInstalled: re-initialize providers
D/GTalkService(  204): [RawStanzaProvidersMgr] ##### searchProvidersFromIntent
D/GTalkService(  204): [RawStanzaProvidersMgr] no intent receivers found
W/BackupManagerService(   96): dataChanged but no participant pkg='com.android.providers.settings' uid=10059
D/VoiceDialerReceiver( 6672): onReceive Intent { act=android.intent.action.PACKAGE_ADDED dat=package:com.vitruvianinteractive.vitae flg=0x10000000 cmp=com.android.voicedialer/.VoiceDialerReceiver (has extras) }
V/RecognizerEngine( 6672): deleteCachedGrammarFiles /data/data/com.android.voicedialer/files/openentries.txt
D/szipinf (   96): Initializing inflate state
D/dalvikvm(   96): GC_EXPLICIT freed 784K, 40% free 7109K/11783K, external 5510K/6406K, paused 90ms
D/AndroidRuntime( 7329): Shutting down VM
D/dalvikvm( 7329): GC_CONCURRENT freed 100K, 72% free 294K/1024K, external 0K/0K, paused 1ms+0ms
D/jdwp    ( 7329): adbd disconnected
D/vending ( 6680): [53] LocalAssetCache.updateOnePackage(): No local info for com.vitruvianinteractive.vitae
D/AndroidRuntime( 7344): 
D/AndroidRuntime( 7344): >>>>>> AndroidRuntime START com.android.internal.os.RuntimeInit <<<<<<
D/AndroidRuntime( 7344): CheckJNI is OFF
D/dalvikvm( 7344): creating instr width table
D/AndroidRuntime( 7344): Calling main entry com.android.commands.pm.Pm
I/PackageManager(   96): Removing non-system package:com.vitruvianinteractive.vitae
I/ActivityManager(   96): Force stopping package com.vitruvianinteractive.vitae uid=10077
I/WLBroadcast(  438): VISIBLE atLockScreen:true inInteraction:true
D/PackageManager(   96): Removing package com.vitruvianinteractive.vitae
D/PackageManager(   96):   Activities: com.vitruvianinteractive.vitae.NativeActivity
W/BackupManagerService(   96): dataChanged but no participant pkg='com.android.providers.settings' uid=10059
I/ActivityManager(   96): Force stopping package com.vitruvianinteractive.vitae uid=10077
W/BackupManagerService(   96): dataChanged but no participant pkg='com.android.providers.settings' uid=10059
D/dalvikvm(  181): GC_EXPLICIT freed 97K, 51% free 3275K/6599K, external 5700K/6705K, paused 43ms
D/VoiceDialerReceiver( 6672): onReceive Intent { act=android.intent.action.PACKAGE_REMOVED dat=package:com.vitruvianinteractive.vitae flg=0x10000000 cmp=com.android.voicedialer/.VoiceDialerReceiver (has extras) }
V/RecognizerEngine( 6672): deleteCachedGrammarFiles /data/data/com.android.voicedialer/files/openentries.txt
I/WLBroadcast(  438): VISIBLE atLockScreen:true inInteraction:true
D/szipinf (   96): Initializing inflate state
D/dalvikvm(  438): GC_EXPLICIT freed 303K, 54% free 3166K/6855K, external 2192K/2728K, paused 39ms
W/BackupManagerService(   96): dataChanged but no participant pkg='com.android.providers.settings' uid=10059
D/vending ( 6680): [55] LocalAssetCache.updateOnePackage(): No local info for com.vitruvianinteractive.vitae
D/dalvikvm(  225): GC_EXPLICIT freed 356K, 50% free 3184K/6279K, external 1625K/2137K, paused 238ms
D/dalvikvm(   96): GC_EXPLICIT freed 487K, 40% free 7096K/11783K, external 5510K/6406K, paused 87ms
I/installd(   70): unlink /data/dalvik-cache/data@app@com.vitruvianinteractive.vitae-1.apk@classes.dex
E/installd(   70): Couldn't unlink /data/dalvik-cache/data@app@com.vitruvianinteractive.vitae-1.apk@classes.dex: No such file or directory
D/AndroidRuntime( 7344): Shutting down VM
D/dalvikvm( 7344): GC_CONCURRENT freed 99K, 72% free 292K/1024K, external 0K/0K, paused 1ms+0ms
D/jdwp    ( 7344): adbd disconnected
W/PackageManager(   96): Couldn't remove dex file for package:  at location /data/app/com.vitruvianinteractive.vitae-1.apk, retcode=-1
D/dalvikvm(  626): GC_EXPLICIT freed 12K, 55% free 4385K/9607K, external 1625K/2137K, paused 82ms
D/dalvikvm(  268): GC_EXPLICIT freed 90K, 50% free 2814K/5575K, external 1862K/2137K, paused 61ms
D/dalvikvm( 6658): GC_EXPLICIT freed 5K, 50% free 2717K/5379K, external 1625K/2137K, paused 54ms
D/dalvikvm( 6665): GC_EXPLICIT freed 4K, 50% free 2715K/5379K, external 1625K/2137K, paused 67ms
D/dalvikvm(  181): GC_EXPLICIT freed 61K, 52% free 3216K/6599K, external 5527K/6705K, paused 59ms
D/dalvikvm(  429): GC_EXPLICIT freed 501K, 55% free 3071K/6727K, external 2553K/2916K, paused 74ms
