D/dalvikvm(   96): GC_EXPLICIT freed 1001K, 40% free 7897K/12999K, external 3929K/4907K, paused 91ms
D/AndroidRuntime(27187): Shutting down VM
D/dalvikvm(27187): GC_CONCURRENT freed 100K, 72% free 294K/1024K, external 0K/0K, paused 0ms+0ms
D/jdwp    (27187): adbd disconnected
I/power   (   96): *** set_screen_state 0
D/MinimalTextUpdateService(  429): Receiving Screen On/Off Message: android.intent.action.SCREEN_OFF
I/WLBroadcast(  438): LOCKED
I/ActivityManager(   96): Starting: Intent { flg=0x34840000 cmp=com.teslacoilsw.widgetlocker/.WidgetLocker (has extras) } from pid 438
I/WLBroadcast(  438): VISIBLE atLockScreen:true inInteraction:true
W/IInputConnectionWrapper(  438): showStatusIcon on inactive InputConnection
W/IInputConnectionWrapper(  181): getExtractedText on inactive InputConnection
D/SurfaceFlinger(   96): About to give-up screen, flinger = 0x1288d8
W/IInputConnectionWrapper(  438): getExtractedText on inactive InputConnection
W/IInputConnectionWrapper(  438): getExtractedText on inactive InputConnection
W/IInputConnectionWrapper(  438): getExtractedText on inactive InputConnection
W/IInputConnectionWrapper(  438): getExtractedText on inactive InputConnection
I/ActivityManager(   96): Starting: Intent { flg=0x34840000 cmp=com.teslacoilsw.widgetlocker/.WidgetLocker (has extras) } from pid 438
W/BackupManagerService(   96): dataChanged but no participant pkg='com.android.providers.settings' uid=10059
I/WLBroadcast(  438): VISIBLE atLockScreen:true inInteraction:true
D/AK8973  (   73): Compass CLOSE 
W/BackupManagerService(   96): dataChanged but no participant pkg='com.android.providers.settings' uid=10059
W/BackupManagerService(   96): dataChanged but no participant pkg='com.android.providers.settings' uid=10059
I/power   (   96): *** set_screen_state 1
D/SurfaceFlinger(   96): Screen about to return, flinger = 0x1288d8
D/AK8973  (   73): Compass Start
I/WLBroadcast(  438): VISIBLE atLockScreen:true inInteraction:true
D/MinimalTextUpdateService(  429): Receiving Screen On/Off Message: android.intent.action.SCREEN_ON
D/MinimalTextUpdateService(  429): Checking if widget 17 needs an update
D/MinimalTextUpdateService(  429): No Update neccessary!
D/MinimalTextUpdateService(  429): Checking if widget 24 needs an update
D/MinimalTextUpdateService(  429): No Update neccessary!
D/dalvikvm(  429): GetFieldID: unable to find field Ljava/util/HashMap;.loadFactor:F
D/dalvikvm(  429): GetFieldID: unable to find field Ljava/util/HashMap;.loadFactor:F
D/dalvikvm(  429): GetFieldID: unable to find field Ljava/util/HashMap;.loadFactor:F
D/dalvikvm(  429): GetFieldID: unable to find field Ljava/util/HashMap;.loadFactor:F
D/dalvikvm(  429): GetFieldID: unable to find field Ljava/util/HashMap;.loadFactor:F
D/dalvikvm(  429): GetFieldID: unable to find field Ljava/util/HashMap;.loadFactor:F
D/dalvikvm(  429): GetFieldID: unable to find field Ljava/util/HashMap;.loadFactor:F
I/ActivityManager(   96): Starting: Intent { flg=0x10800000 cmp=com.teslacoilsw.widgetlocker/.LauncherProAnimationKillerActivity } from pid 438
E/WLBroadcast(  438): UNLOCKED
I/ActivityManager(   96): moveTaskToBack: 4
W/BackupManagerService(   96): dataChanged but no participant pkg='com.android.providers.settings' uid=10059
I/ActivityManager(   96): Displayed com.teslacoilsw.widgetlocker/.LauncherProAnimationKillerActivity: +125ms (total +1m2s417ms)
D/dalvikvm(  181): GC_EXTERNAL_ALLOC freed 112K, 52% free 3246K/6663K, external 5890K/6556K, paused 56ms
I/ActivityManager(   96): Starting: Intent { act=android.intent.action.MAIN cat=[android.intent.category.LAUNCHER] flg=0x10200000 cmp=com.vitruvianinteractive.vitae/.VNativeActivity } from pid 181
I/ActivityManager(   96): Start proc com.vitruvianinteractive.vitae for activity com.vitruvianinteractive.vitae/.VNativeActivity: pid=27203 uid=10077 gids={1015}
I/vitae   (27203): APK path: /data/app/com.vitruvianinteractive.vitae-1.apk
I/threaded_app(27203): Creating: 0x2a2388
I/threaded_app(27203): Config: mcc=234 mnc=15 lang=en cnt=GB orien=1 touch=3 dens=160 keys=1 nav=3 keysHid=3 navHid=0 sdk=10 size=2 long=2 modetype=1 modenight=1
I/threaded_app(27203): Start: 0x2a2388
I/vitae   (27203): Loading Vitae.
I/vitae   (27203): RENDERING: Initialising OpenGL rendering settings.
I/vitae   (27203): Loaded default texture as OpenGL texture name: 0
I/vitae   (27203): SHADER: Loading Shader (Vertex: "dat/shaders/phong.v.glsl", Fragment: "dat/shaders/phong.f.glsl")
I/vitae   (27203): Error loading file: "dat/shaders/phong.v.glsl"
I/DEBUG   (23679): *** *** *** *** *** *** *** *** *** *** *** *** *** *** *** ***
I/DEBUG   (23679): Build fingerprint: 'google/passion/passion:2.3.4/GRJ22/121341:user/release-keys'
I/DEBUG   (23679): pid: 27203, tid: 27211  >>> com.vitruvianinteractive.vitae <<<
I/DEBUG   (23679): signal 11 (SIGSEGV), code 1 (SEGV_MAPERR), fault addr 00000028
I/DEBUG   (23679):  r0 00000000  r1 afd46310  r2 ffffff84  r3 00000001
I/DEBUG   (23679):  r4 00000000  r5 00000002  r6 8042cba8  r7 8042cbc4
I/DEBUG   (23679):  r8 00000000  r9 afd41504  10 00100000  fp 00000001
I/DEBUG   (23679):  ip 80433760  sp 4471adb0  lr afd18e97  pc afd18c30  cpsr 00000030
I/DEBUG   (23679):  d0  6f68702f73726564  d1  736c672e762e676e
I/DEBUG   (23679):  d2  786574204c476e68  d3  6d616e2065727561
I/DEBUG   (23679):  d4  0000000000000000  d5  0000000000000000
I/DEBUG   (23679):  d6  0000000000000000  d7  0000000000000000
I/DEBUG   (23679):  d8  0000000000000000  d9  0000000000000000
I/DEBUG   (23679):  d10 0000000000000000  d11 0000000000000000
I/DEBUG   (23679):  d12 0000000000000000  d13 0000000000000000
I/DEBUG   (23679):  d14 0000000000000000  d15 0000000000000000
I/DEBUG   (23679):  d16 0000000700000001  d17 bff0000000000000
I/DEBUG   (23679):  d18 3ff0000000000000  d19 0000000000000000
I/DEBUG   (23679):  d20 0000000000000000  d21 0000000000000000
I/DEBUG   (23679):  d22 3ff0000000000000  d23 0000000000000000
I/DEBUG   (23679):  d24 3ff0000000000000  d25 0000000000000000
I/DEBUG   (23679):  d26 0000000000000000  d27 0000000000000000
I/DEBUG   (23679):  d28 0000000000000000  d29 0000000000000000
I/DEBUG   (23679):  d30 0000000000000000  d31 0000000000000000
I/DEBUG   (23679):  scr 60000012
I/DEBUG   (23679): 
I/DEBUG   (23679):          #00  pc 00018c30  /system/lib/libc.so
I/DEBUG   (23679):          #01  pc 00018e92  /system/lib/libc.so
I/DEBUG   (23679):          #02  pc 0000fcfc  /data/data/com.vitruvianinteractive.vitae/lib/libvitae.so
I/DEBUG   (23679):          #03  pc 0000efae  /data/data/com.vitruvianinteractive.vitae/lib/libvitae.so
I/DEBUG   (23679):          #04  pc 0000e920  /data/data/com.vitruvianinteractive.vitae/lib/libvitae.so
I/DEBUG   (23679):          #05  pc 0000eb20  /data/data/com.vitruvianinteractive.vitae/lib/libvitae.so
I/DEBUG   (23679):          #06  pc 0000993c  /data/data/com.vitruvianinteractive.vitae/lib/libvitae.so
I/DEBUG   (23679):          #07  pc 000094b6  /data/data/com.vitruvianinteractive.vitae/lib/libvitae.so
I/DEBUG   (23679):          #08  pc 000094de  /data/data/com.vitruvianinteractive.vitae/lib/libvitae.so
I/DEBUG   (23679):          #09  pc 00010632  /data/data/com.vitruvianinteractive.vitae/lib/libvitae.so
I/DEBUG   (23679):          #10  pc 000118e4  /system/lib/libc.so
I/DEBUG   (23679):          #11  pc 000114b0  /system/lib/libc.so
I/DEBUG   (23679): 
I/DEBUG   (23679): code around pc:
I/DEBUG   (23679): afd18c10 4ff0e92d 926cf8df 4a9b4615 468844f9 
I/DEBUG   (23679): afd18c20 4604b09b 1002f859 b90b680b fc3cf7ff 
I/DEBUG   (23679): afd18c30 b91f6aa7 f926f7f9 e034231d d0042d01 
I/DEBUG   (23679): afd18c40 d0322d02 d0302d00 4620e02a fb12f7ff 
I/DEBUG   (23679): afd18c50 f41089a0 bf185180 a050f8d4 69e0d107 
I/DEBUG   (23679): 
I/DEBUG   (23679): code around lr:
I/DEBUG   (23679): afd18e74 e001c00c 30fff04f e8bdb01b bf008ff0 
I/DEBUG   (23679): afd18e84 000288e4 ffffff84 ffffff74 f7ffb510 
I/DEBUG   (23679): afd18e94 bd10febd 6809b510 f7ff2200 bd10feb7 
I/DEBUG   (23679): afd18ea4 b5106a83 b9334604 ffeaf7f8 6001211d 
I/DEBUG   (23679): afd18eb4 30fff04f f7ffe020 89a2f9db 5180f412 
I/DEBUG   (23679): 
I/DEBUG   (23679): stack:
I/DEBUG   (23679):     4471ad70  00000000  
I/DEBUG   (23679):     4471ad74  00000000  
I/DEBUG   (23679):     4471ad78  00000000  
I/DEBUG   (23679):     4471ad7c  00000000  
I/DEBUG   (23679):     4471ad80  00000000  
I/DEBUG   (23679):     4471ad84  00000000  
I/DEBUG   (23679):     4471ad88  00000000  
I/DEBUG   (23679):     4471ad8c  00000000  
I/DEBUG   (23679):     4471ad90  00000000  
I/DEBUG   (23679):     4471ad94  00000000  
I/DEBUG   (23679):     4471ad98  00000000  
I/DEBUG   (23679):     4471ad9c  00000000  
I/DEBUG   (23679):     4471ada0  00000000  
I/DEBUG   (23679):     4471ada4  00000000  
I/DEBUG   (23679):     4471ada8  df002777  
I/DEBUG   (23679):     4471adac  e3a070ad  
I/DEBUG   (23679): #00 4471adb0  00000000  
I/DEBUG   (23679):     4471adb4  00000000  
I/DEBUG   (23679):     4471adb8  00000000  
I/DEBUG   (23679):     4471adbc  00000000  
I/DEBUG   (23679):     4471adc0  00000000  
I/DEBUG   (23679):     4471adc4  00000000  
I/DEBUG   (23679):     4471adc8  00000000  
I/DEBUG   (23679):     4471adcc  00000000  
I/DEBUG   (23679):     4471add0  0000006b  
I/DEBUG   (23679):     4471add4  002a2660  
I/DEBUG   (23679):     4471add8  00000001  
I/DEBUG   (23679):     4471addc  00000014  
I/DEBUG   (23679):     4471ade0  00000001  
I/DEBUG   (23679):     4471ade4  4471ae90  
I/DEBUG   (23679):     4471ade8  002a252c  
I/DEBUG   (23679):     4471adec  afd13ec7  /system/lib/libc.so
I/DEBUG   (23679):     4471adf0  afd46784  
I/DEBUG   (23679):     4471adf4  afd249d7  /system/lib/libc.so
I/DEBUG   (23679):     4471adf8  afd46784  
I/DEBUG   (23679):     4471adfc  afd16ffd  /system/lib/libc.so
I/DEBUG   (23679):     4471ae00  8042cba8  /data/data/com.vitruvianinteractive.vitae/lib/libvitae.so
I/DEBUG   (23679):     4471ae04  00000000  
I/DEBUG   (23679):     4471ae08  afd187b5  /system/lib/libc.so
I/DEBUG   (23679):     4471ae0c  00000000  
I/DEBUG   (23679):     4471ae10  000001b6  
I/DEBUG   (23679):     4471ae14  b88b77e4  
I/DEBUG   (23679):     4471ae18  8042cba8  /data/data/com.vitruvianinteractive.vitae/lib/libvitae.so
I/DEBUG   (23679):     4471ae1c  4471ae64  
I/DEBUG   (23679):     4471ae20  00000000  
I/DEBUG   (23679):     4471ae24  8042cba8  /data/data/com.vitruvianinteractive.vitae/lib/libvitae.so
I/DEBUG   (23679):     4471ae28  8042cbc4  /data/data/com.vitruvianinteractive.vitae/lib/libvitae.so
I/DEBUG   (23679):     4471ae2c  4471ae64  
I/DEBUG   (23679):     4471ae30  002a25c8  
I/DEBUG   (23679):     4471ae34  00100000  
I/DEBUG   (23679):     4471ae38  00000001  
I/DEBUG   (23679):     4471ae3c  afd18e97  /system/lib/libc.so
I/DEBUG   (23679): #01 4471ae40  4471ae64  
I/DEBUG   (23679):     4471ae44  8040fcff  /data/data/com.vitruvianinteractive.vitae/lib/libvitae.so
I/BootReceiver(   96): Copying /data/tombstones/tombstone_00 to DropBox (SYSTEM_TOMBSTONE)
I/ActivityManager(   96): Process com.vitruvianinteractive.vitae (pid 27203) has died.
I/DEBUG   (23679): debuggerd committing suicide to free the zombie!
W/InputManagerService(   96): Window already focused, ignoring focus gain of: com.android.internal.view.IInputMethodClient$Stub$Proxy@408654a0
D/Zygote  (   67): Process 27203 terminated by signal (11)
I/DEBUG   (27212): debuggerd: Apr 22 2011 14:08:15
D/dalvikvm(25834): GC_EXPLICIT freed 66K, 50% free 3099K/6151K, external 1625K/2137K, paused 37ms
D/dalvikvm(  225): GC_EXPLICIT freed 371K, 51% free 3668K/7431K, external 3812K/4761K, paused 68ms
D/dalvikvm(21114): GC_EXPLICIT freed 10K, 57% free 4488K/10311K, external 1625K/2137K, paused 103ms
D/dalvikvm(  429): GC_EXPLICIT freed 87K, 60% free 3099K/7559K, external 2388K/2916K, paused 60ms
D/dalvikvm(27014): GC_EXPLICIT freed 1K, 49% free 3620K/6983K, external 1625K/2137K, paused 66ms
D/MinimalTextUpdateService(  429): Checking if widget 17 needs an update
D/MinimalTextUpdateService(  429): Updating widget 17; Change: 4194320, Demand: 183
D/dalvikvm(  429): GetFieldID: unable to find field Ljava/util/HashMap;.loadFactor:F
D/dalvikvm(  429): GetFieldID: unable to find field Ljava/util/HashMap;.loadFactor:F
D/dalvikvm(  429): GetFieldID: unable to find field Ljava/util/HashMap;.loadFactor:F
D/dalvikvm(  429): GetFieldID: unable to find field Ljava/util/HashMap;.loadFactor:F
D/dalvikvm(  429): GetFieldID: unable to find field Ljava/util/HashMap;.loadFactor:F
D/dalvikvm(  429): GetFieldID: unable to find field Ljava/util/HashMap;.loadFactor:F
D/dalvikvm(  429): GetFieldID: unable to find field Ljava/util/HashMap;.loadFactor:F
D/MinimalTextUpdateService(  429): Checking if widget 24 needs an update
D/MinimalTextUpdateService(  429): Updating widget 24; Change: 4194320, Demand: 48
D/dalvikvm(  429): GetFieldID: unable to find field Ljava/util/HashMap;.loadFactor:F
D/dalvikvm(  429): GetFieldID: unable to find field Ljava/util/HashMap;.loadFactor:F
D/dalvikvm(  429): GetFieldID: unable to find field Ljava/util/HashMap;.loadFactor:F
D/dalvikvm(  429): GetFieldID: unable to find field Ljava/util/HashMap;.loadFactor:F
D/dalvikvm(  429): GetFieldID: unable to find field Ljava/util/HashMap;.loadFactor:F
D/dalvikvm(  429): GetFieldID: unable to find field Ljava/util/HashMap;.loadFactor:F
D/dalvikvm(  429): GetFieldID: unable to find field Ljava/util/HashMap;.loadFactor:F
I/power   (   96): *** set_screen_state 0
D/MinimalTextUpdateService(  429): Receiving Screen On/Off Message: android.intent.action.SCREEN_OFF
I/WLBroadcast(  438): LOCKED
I/ActivityManager(   96): Starting: Intent { flg=0x34840000 cmp=com.teslacoilsw.widgetlocker/.WidgetLocker (has extras) } from pid 438
I/WLBroadcast(  438): VISIBLE atLockScreen:true inInteraction:true
W/IInputConnectionWrapper(  438): showStatusIcon on inactive InputConnection
W/IInputConnectionWrapper(  181): getExtractedText on inactive InputConnection
W/IInputConnectionWrapper(  438): getExtractedText on inactive InputConnection
D/SurfaceFlinger(   96): About to give-up screen, flinger = 0x1288d8
W/IInputConnectionWrapper(  438): getExtractedText on inactive InputConnection
W/IInputConnectionWrapper(  438): getExtractedText on inactive InputConnection
W/IInputConnectionWrapper(  438): getExtractedText on inactive InputConnection
I/ActivityManager(   96): Starting: Intent { flg=0x34840000 cmp=com.teslacoilsw.widgetlocker/.WidgetLocker (has extras) } from pid 438
W/BackupManagerService(   96): dataChanged but no participant pkg='com.android.providers.settings' uid=10059
I/WLBroadcast(  438): VISIBLE atLockScreen:true inInteraction:true
W/BackupManagerService(   96): dataChanged but no participant pkg='com.android.providers.settings' uid=10059
D/AK8973  (   73): Compass CLOSE 
W/BackupManagerService(   96): dataChanged but no participant pkg='com.android.providers.settings' uid=10059
D/dalvikvm(   96): GC_EXTERNAL_ALLOC freed 1165K, 40% free 7845K/12999K, external 4877K/4907K, paused 90ms
W/IInputConnectionWrapper(  438): getExtractedText on inactive InputConnection
W/IInputConnectionWrapper(  438): getExtractedText on inactive InputConnection
W/IInputConnectionWrapper(  438): getExtractedText on inactive InputConnection
W/IInputConnectionWrapper(  438): getExtractedText on inactive InputConnection
D/dalvikvm(  181): GC_EXPLICIT freed 70K, 51% free 3299K/6663K, external 6015K/6581K, paused 52ms
D/MinimalTextUpdateService(  429): The screen is currently off. Skipping update.
D/MediaUploader(23943): PhoneStateBroadcastReceiver.onReceive: CS is disabled or not initialized - skipping Intent { act=android.intent.action.BATTERY_CHANGED flg=0x60000000 (has extras) }
D/MinimalTextUpdateService(  429): Receiving Battery Message: android.intent.action.BATTERY_CHANGED
D/MinimalTextUpdateService(  429): Battery level and/or status changed. Updating widget
D/MinimalTextUpdateService(  429): The screen is currently off. Skipping update.
D/dalvikvm(  268): GC_EXPLICIT freed 148K, 51% free 2818K/5639K, external 1958K/2137K, paused 54ms
D/dalvikvm(  429): GC_EXPLICIT freed 469K, 59% free 3102K/7559K, external 2602K/2916K, paused 78ms
I/ActivityManager(   96): Start proc com.socialnmobile.dictapps.notepad.color.note for broadcast com.socialnmobile.dictapps.notepad.color.note/com.socialnmobile.colornote.receiver.ReminderReceiver: pid=27214 uid=10069 gids={1015}
I/ActivityThread(27214): Pub note.socialnmobile.provider.colornote: com.socialnmobile.colornote.data.NoteProvider
I/NoteProvider(27214): databasePath=/data/data/com.socialnmobile.dictapps.notepad.color.note/databases/colornote.db
I/RealTimeChat(23943): Sending ping to bunch
I/RealTimeChat(23943): Ping response from backend
D/MediaUploader(23943): PhoneStateBroadcastReceiver.onReceive: CS is disabled or not initialized - skipping Intent { act=android.intent.action.BATTERY_CHANGED flg=0x60000000 (has extras) }
D/MinimalTextUpdateService(  429): Receiving Battery Message: android.intent.action.BATTERY_CHANGED
D/MinimalTextUpdateService(  429): Battery level and/or status changed. Updating widget
D/MinimalTextUpdateService(  429): The screen is currently off. Skipping update.
D/dalvikvm(  268): GC_EXPLICIT freed 72K, 51% free 2814K/5639K, external 1767K/2137K, paused 55ms
V/WifiMonitor(   96): Event [CTRL-EVENT-STATE-CHANGE id=0 state=6 BSSID=00:00:00:00:00:00]
V/WifiStateTracker(   96): Changing supplicant state: COMPLETED ==> GROUP_HANDSHAKE
I/wpa_supplicant(  229): CTRL-EVENT-STATE-CHANGE id=0 state=6 BSSID=00:00:00:00:00:00
I/wpa_supplicant(  229): WPA: Group rekeying completed with 00:21:04:ca:20:52 [GTK=TKIP]
I/wpa_supplicant(  229): CTRL-EVENT-STATE-CHANGE id=0 state=7 BSSID=00:00:00:00:00:00
V/WifiMonitor(   96): Event [WPA: Group rekeying completed with 00:21:04:ca:20:52 [GTK=TKIP]]
V/WifiMonitor(   96): Event [CTRL-EVENT-STATE-CHANGE id=0 state=7 BSSID=00:00:00:00:00:00]
V/WifiStateTracker(   96): Changing supplicant state: GROUP_HANDSHAKE ==> COMPLETED
I/RealTimeChat(23943): Sending ping to bunch
I/RealTimeChat(23943): Ping response from backend
D/AndroidRuntime(27225): 
D/AndroidRuntime(27225): >>>>>> AndroidRuntime START com.android.internal.os.RuntimeInit <<<<<<
D/AndroidRuntime(27225): CheckJNI is OFF
D/dalvikvm(27225): creating instr width table
D/AndroidRuntime(27225): Calling main entry com.android.commands.pm.Pm
I/PackageManager(   96): Removing non-system package:com.vitruvianinteractive.vitae
I/WLBroadcast(  438): VISIBLE atLockScreen:true inInteraction:true
I/ActivityManager(   96): Force stopping package com.vitruvianinteractive.vitae uid=10077
D/PackageManager(   96): Removing package com.vitruvianinteractive.vitae
D/PackageManager(   96):   Activities: com.vitruvianinteractive.vitae.VNativeActivity
W/BackupManagerService(   96): dataChanged but no participant pkg='com.android.providers.settings' uid=10059
I/ActivityManager(   96): Force stopping package com.vitruvianinteractive.vitae uid=10077
W/BackupManagerService(   96): dataChanged but no participant pkg='com.android.providers.settings' uid=10059
D/dalvikvm(   96): GC_EXPLICIT freed 829K, 40% free 7887K/12999K, external 5503K/5923K, paused 92ms
D/dalvikvm(  181): GC_EXPLICIT freed 101K, 51% free 3305K/6663K, external 5530K/6581K, paused 35ms
I/VoiceActionsFactory(18593): Applications list changed, recalculating supported actions
D/VoiceDialerReceiver(26965): onReceive Intent { act=android.intent.action.PACKAGE_REMOVED dat=package:com.vitruvianinteractive.vitae flg=0x10000000 cmp=com.android.voicedialer/.VoiceDialerReceiver (has extras) }
V/RecognizerEngine(26965): deleteCachedGrammarFiles /data/data/com.android.voicedialer/files/openentries.txt
I/WLBroadcast(  438): VISIBLE atLockScreen:true inInteraction:true
D/dalvikvm(  438): GC_EXPLICIT freed 517K, 54% free 3236K/6983K, external 2256K/2735K, paused 33ms
D/szipinf (   96): Initializing inflate state
D/dalvikvm(  225): GC_EXPLICIT freed 24K, 51% free 3644K/7431K, external 3812K/4761K, paused 157ms
D/Sources (  225): Creating external source for type=com.twitter.android.auth.login, packageName=com.twitter.android
D/Sources (  225): Creating external source for type=com.facebook.auth.login, packageName=com.facebook.katana
W/BackupManagerService(   96): dataChanged but no participant pkg='com.android.providers.settings' uid=10059
D/vending (25834): [58] LocalAssetCache.updateOnePackage(): No local info for com.vitruvianinteractive.vitae
D/dalvikvm(   96): GC_EXPLICIT freed 221K, 40% free 7865K/12999K, external 5177K/5923K, paused 90ms
W/BackupManagerService(   96): dataChanged but no participant pkg='com.android.providers.settings' uid=10059
I/installd(   70): unlink /data/dalvik-cache/data@app@com.vitruvianinteractive.vitae-1.apk@classes.dex
D/AndroidRuntime(27225): Shutting down VM
D/dalvikvm(27225): GC_CONCURRENT freed 99K, 72% free 292K/1024K, external 0K/0K, paused 0ms+0ms
D/jdwp    (27225): adbd disconnected
D/KeyguardViewMediator(   96): wakeWhenReadyLocked(26)
I/power   (   96): *** set_screen_state 1
D/SurfaceFlinger(   96): Screen about to return, flinger = 0x1288d8
D/AK8973  (   73): Compass Start
I/WLBroadcast(  438): VISIBLE atLockScreen:true inInteraction:true
D/MinimalTextUpdateService(  429): Receiving Screen On/Off Message: android.intent.action.SCREEN_ON
D/MinimalTextUpdateService(  429): Checking if widget 17 needs an update
D/MinimalTextUpdateService(  429): Updating widget 17; Change: 4196601, Demand: 183
D/dalvikvm(  429): GetFieldID: unable to find field Ljava/util/HashMap;.loadFactor:F
D/dalvikvm(  429): GetFieldID: unable to find field Ljava/util/HashMap;.loadFactor:F
D/dalvikvm(  429): GetFieldID: unable to find field Ljava/util/HashMap;.loadFactor:F
D/dalvikvm(  429): GetFieldID: unable to find field Ljava/util/HashMap;.loadFactor:F
D/dalvikvm(  429): GetFieldID: unable to find field Ljava/util/HashMap;.loadFactor:F
D/dalvikvm(  429): GetFieldID: unable to find field Ljava/util/HashMap;.loadFactor:F
D/dalvikvm(  429): GetFieldID: unable to find field Ljava/util/HashMap;.loadFactor:F
D/MinimalTextUpdateService(  429): Checking if widget 24 needs an update
D/MinimalTextUpdateService(  429): Updating widget 24; Change: 4196601, Demand: 48
D/AndroidRuntime(27239): 
D/AndroidRuntime(27239): >>>>>> AndroidRuntime START com.android.internal.os.RuntimeInit <<<<<<
D/AndroidRuntime(27239): CheckJNI is OFF
D/dalvikvm(27239): creating instr width table
D/dalvikvm(  429): GetFieldID: unable to find field Ljava/util/HashMap;.loadFactor:F
D/dalvikvm(  429): GetFieldID: unable to find field Ljava/util/HashMap;.loadFactor:F
D/dalvikvm(  429): GetFieldID: unable to find field Ljava/util/HashMap;.loadFactor:F
D/dalvikvm(  429): GetFieldID: unable to find field Ljava/util/HashMap;.loadFactor:F
D/dalvikvm(  429): GetFieldID: unable to find field Ljava/util/HashMap;.loadFactor:F
D/dalvikvm(  429): GetFieldID: unable to find field Ljava/util/HashMap;.loadFactor:F
D/dalvikvm(  429): GetFieldID: unable to find field Ljava/util/HashMap;.loadFactor:F
D/AndroidRuntime(27239): Calling main entry com.android.commands.pm.Pm
D/dalvikvm(26975): GC_EXPLICIT freed 13K, 50% free 2725K/5379K, external 1625K/2137K, paused 34ms
W/ActivityManager(   96): No content provider found for: 
E/WLBroadcast(  438): UNLOCKED
I/ActivityManager(   96): Starting: Intent { flg=0x10800000 cmp=com.teslacoilsw.widgetlocker/.LauncherProAnimationKillerActivity } from pid 438
I/ActivityManager(   96): moveTaskToBack: 4
W/BackupManagerService(   96): dataChanged but no participant pkg='com.android.providers.settings' uid=10059
I/ActivityManager(   96): Displayed com.teslacoilsw.widgetlocker/.LauncherProAnimationKillerActivity: +247ms (total +7m58s223ms)
W/ActivityManager(   96): No content provider found for: 
D/PackageParser(   96): Scanning package: /data/app/vmdl1416367386.tmp
I/PackageParser(   96): com.vitruvianinteractive.vitae: compat added android.permission.WRITE_EXTERNAL_STORAGE android.permission.READ_PHONE_STATE
D/PackageManager(   96): Scanning package com.vitruvianinteractive.vitae
I/PackageManager(   96): Unpacking native libraries for /data/app/com.vitruvianinteractive.vitae-1.apk
D/installd(   70): DexInv: --- BEGIN '/data/app/com.vitruvianinteractive.vitae-1.apk' ---
D/dalvikvm(27249): creating instr width table
D/dalvikvm(27249): DexOpt: load 5ms, verify+opt 3ms
D/installd(   70): DexInv: --- END '/data/app/com.vitruvianinteractive.vitae-1.apk' (success) ---
D/PackageManager(   96):   Activities: com.vitruvianinteractive.vitae.VNativeActivity
I/ActivityManager(   96): Force stopping package com.vitruvianinteractive.vitae uid=10077
I/installd(   70): move /data/dalvik-cache/data@app@com.vitruvianinteractive.vitae-1.apk@classes.dex -> /data/dalvik-cache/data@app@com.vitruvianinteractive.vitae-1.apk@classes.dex
D/PackageManager(   96): New package installed in /data/app/com.vitruvianinteractive.vitae-1.apk
I/VoiceActionsFactory(18593): Applications list changed, recalculating supported actions
D/GTalkService(  204): handlePackageInstalled: re-initialize providers
D/GTalkService(  204): [RawStanzaProvidersMgr] ##### searchProvidersFromIntent
D/Sources (  225): Creating external source for type=com.twitter.android.auth.login, packageName=com.twitter.android
D/Sources (  225): Creating external source for type=com.facebook.auth.login, packageName=com.facebook.katana
D/GTalkService(  204): [RawStanzaProvidersMgr] no intent receivers found
D/szipinf (   96): Initializing inflate state
D/VoiceDialerReceiver(26965): onReceive Intent { act=android.intent.action.PACKAGE_ADDED dat=package:com.vitruvianinteractive.vitae flg=0x10000000 cmp=com.android.voicedialer/.VoiceDialerReceiver (has extras) }
V/RecognizerEngine(26965): deleteCachedGrammarFiles /data/data/com.android.voicedialer/files/openentries.txt
D/dalvikvm(   96): GC_EXPLICIT freed 1379K, 40% free 7922K/12999K, external 5538K/5923K, paused 98ms
D/vending (25834): [60] LocalAssetCache.updateOnePackage(): No local info for com.vitruvianinteractive.vitae
D/AndroidRuntime(27239): Shutting down VM
D/dalvikvm(27239): GC_CONCURRENT freed 100K, 72% free 294K/1024K, external 0K/0K, paused 0ms+1ms
D/jdwp    (27239): adbd disconnected
I/AndroidRuntime(27239): NOTE: attach of thread 'Binder Thread #3' failed
D/dalvikvm(  181): GC_EXTERNAL_ALLOC freed 231K, 51% free 3279K/6663K, external 6512K/6581K, paused 35ms
I/ActivityManager(   96): Starting: Intent { act=android.intent.action.MAIN cat=[android.intent.category.LAUNCHER] flg=0x10200000 cmp=com.vitruvianinteractive.vitae/.VNativeActivity } from pid 181
I/ActivityManager(   96): Start proc com.vitruvianinteractive.vitae for activity com.vitruvianinteractive.vitae/.VNativeActivity: pid=27255 uid=10077 gids={1015}
I/vitae   (27255): APK path: /data/app/com.vitruvianinteractive.vitae-1.apk
W/dalvikvm(27255): No implementation found for native Lcom/vitruvianinteractive/vitae/VNativeActivity;.jni_setApkPath (Ljava/lang/String;)V
D/AndroidRuntime(27255): Shutting down VM
W/dalvikvm(27255): threadid=1: thread exiting with uncaught exception (group=0x40015560)
E/AndroidRuntime(27255): FATAL EXCEPTION: main
E/AndroidRuntime(27255): java.lang.UnsatisfiedLinkError: jni_setApkPath
E/AndroidRuntime(27255): 	at com.vitruvianinteractive.vitae.VNativeActivity.jni_setApkPath(Native Method)
E/AndroidRuntime(27255): 	at com.vitruvianinteractive.vitae.VNativeActivity.onCreate(VNativeActivity.java:33)
E/AndroidRuntime(27255): 	at android.app.Instrumentation.callActivityOnCreate(Instrumentation.java:1047)
E/AndroidRuntime(27255): 	at android.app.ActivityThread.performLaunchActivity(ActivityThread.java:1611)
E/AndroidRuntime(27255): 	at android.app.ActivityThread.handleLaunchActivity(ActivityThread.java:1663)
E/AndroidRuntime(27255): 	at android.app.ActivityThread.access$1500(ActivityThread.java:117)
E/AndroidRuntime(27255): 	at android.app.ActivityThread$H.handleMessage(ActivityThread.java:931)
E/AndroidRuntime(27255): 	at android.os.Handler.dispatchMessage(Handler.java:99)
E/AndroidRuntime(27255): 	at android.os.Looper.loop(Looper.java:130)
E/AndroidRuntime(27255): 	at android.app.ActivityThread.main(ActivityThread.java:3683)
E/AndroidRuntime(27255): 	at java.lang.reflect.Method.invokeNative(Native Method)
E/AndroidRuntime(27255): 	at java.lang.reflect.Method.invoke(Method.java:507)
E/AndroidRuntime(27255): 	at com.android.internal.os.ZygoteInit$MethodAndArgsCaller.run(ZygoteInit.java:839)
E/AndroidRuntime(27255): 	at com.android.internal.os.ZygoteInit.main(ZygoteInit.java:597)
E/AndroidRuntime(27255): 	at dalvik.system.NativeStart.main(Native Method)
W/ActivityManager(   96):   Force finishing activity com.vitruvianinteractive.vitae/.VNativeActivity
W/ActivityManager(   96): Activity pause timeout for HistoryRecord{4082de40 com.vitruvianinteractive.vitae/.VNativeActivity}
I/ActivityManager(   96): No longer want com.facebook.katana (pid 26567): hidden #16
I/Process (27255): Sending signal. PID: 27255 SIG: 9
W/InputManagerService(   96): Window already focused, ignoring focus gain of: com.android.internal.view.IInputMethodClient$Stub$Proxy@40be38f0
I/ActivityManager(   96): Process com.vitruvianinteractive.vitae (pid 27255) has died.
D/MediaUploader(23943): PhoneStateBroadcastReceiver.onReceive: CS is disabled or not initialized - skipping Intent { act=android.intent.action.BATTERY_CHANGED flg=0x60000000 (has extras) }
D/MinimalTextUpdateService(  429): Receiving Battery Message: android.intent.action.BATTERY_CHANGED
D/MinimalTextUpdateService(  429): Battery level and/or status changed. Updating widget
D/MinimalTextUpdateService(  429): Checking if widget 17 needs an update
D/MinimalTextUpdateService(  429): Updating widget 17; Change: 4196488, Demand: 183
D/dalvikvm(  429): GetFieldID: unable to find field Ljava/util/HashMap;.loadFactor:F
D/dalvikvm(  429): GetFieldID: unable to find field Ljava/util/HashMap;.loadFactor:F
D/dalvikvm(  429): GetFieldID: unable to find field Ljava/util/HashMap;.loadFactor:F
D/dalvikvm(  429): GetFieldID: unable to find field Ljava/util/HashMap;.loadFactor:F
D/dalvikvm(  429): GetFieldID: unable to find field Ljava/util/HashMap;.loadFactor:F
D/dalvikvm(  429): GetFieldID: unable to find field Ljava/util/HashMap;.loadFactor:F
D/dalvikvm(  429): GetFieldID: unable to find field Ljava/util/HashMap;.loadFactor:F
D/MinimalTextUpdateService(  429): Checking if widget 24 needs an update
D/MinimalTextUpdateService(  429): No Update neccessary!
D/dalvikvm(  429): GetFieldID: unable to find field Ljava/util/HashMap;.loadFactor:F
D/dalvikvm(  429): GetFieldID: unable to find field Ljava/util/HashMap;.loadFactor:F
D/dalvikvm(  429): GetFieldID: unable to find field Ljava/util/HashMap;.loadFactor:F
D/dalvikvm(  429): GetFieldID: unable to find field Ljava/util/HashMap;.loadFactor:F
D/dalvikvm(  429): GetFieldID: unable to find field Ljava/util/HashMap;.loadFactor:F
D/dalvikvm(  429): GetFieldID: unable to find field Ljava/util/HashMap;.loadFactor:F
D/dalvikvm(  429): GetFieldID: unable to find field Ljava/util/HashMap;.loadFactor:F
W/ActivityManager(   96): Activity destroy timeout for HistoryRecord{4082de40 com.vitruvianinteractive.vitae/.VNativeActivity}
D/dalvikvm(  438): GC_EXPLICIT freed 308K, 54% free 3255K/6983K, external 2248K/2735K, paused 64ms
D/dalvikvm(26965): GC_EXPLICIT freed 20K, 50% free 2717K/5379K, external 1625K/2137K, paused 55ms
D/dalvikvm(26975): GC_EXPLICIT freed 9K, 50% free 2721K/5379K, external 1625K/2137K, paused 72ms
D/dalvikvm(26995): GC_EXPLICIT freed 5K, 50% free 2717K/5379K, external 1625K/2137K, paused 54ms
D/dalvikvm(27002): GC_EXPLICIT freed 4K, 50% free 2715K/5379K, external 1625K/2137K, paused 72ms
D/dalvikvm(25914): GC_EXPLICIT freed 14K, 49% free 2777K/5379K, external 1625K/2137K, paused 55ms
D/MinimalTextUpdateService(  429): Checking if widget 17 needs an update
D/MinimalTextUpdateService(  429): Updating widget 17; Change: 4194328, Demand: 183
D/dalvikvm(  429): GetFieldID: unable to find field Ljava/util/HashMap;.loadFactor:F
D/dalvikvm(  429): GetFieldID: unable to find field Ljava/util/HashMap;.loadFactor:F
D/dalvikvm(  429): GetFieldID: unable to find field Ljava/util/HashMap;.loadFactor:F
D/dalvikvm(  429): GetFieldID: unable to find field Ljava/util/HashMap;.loadFactor:F
D/dalvikvm(  429): GetFieldID: unable to find field Ljava/util/HashMap;.loadFactor:F
D/dalvikvm(  429): GetFieldID: unable to find field Ljava/util/HashMap;.loadFactor:F
D/dalvikvm(  429): GetFieldID: unable to find field Ljava/util/HashMap;.loadFactor:F
D/dalvikvm(  429): GC_CONCURRENT freed 975K, 59% free 3128K/7559K, external 2712K/2916K, paused 2ms+3ms
D/MinimalTextUpdateService(  429): Checking if widget 24 needs an update
D/MinimalTextUpdateService(  429): Updating widget 24; Change: 4194328, Demand: 48
D/dalvikvm(  429): GetFieldID: unable to find field Ljava/util/HashMap;.loadFactor:F
D/dalvikvm(  429): GetFieldID: unable to find field Ljava/util/HashMap;.loadFactor:F
D/dalvikvm(  429): GetFieldID: unable to find field Ljava/util/HashMap;.loadFactor:F
D/dalvikvm(  429): GetFieldID: unable to find field Ljava/util/HashMap;.loadFactor:F
D/dalvikvm(  429): GetFieldID: unable to find field Ljava/util/HashMap;.loadFactor:F
D/dalvikvm(  429): GetFieldID: unable to find field Ljava/util/HashMap;.loadFactor:F
D/dalvikvm(  429): GetFieldID: unable to find field Ljava/util/HashMap;.loadFactor:F
D/dalvikvm(25834): GC_EXPLICIT freed 50K, 50% free 3087K/6151K, external 1625K/2137K, paused 70ms
D/dalvikvm(  225): GC_EXPLICIT freed 348K, 51% free 3668K/7431K, external 3812K/4761K, paused 89ms
D/dalvikvm(21114): GC_EXPLICIT freed 5K, 57% free 4488K/10311K, external 1625K/2137K, paused 77ms
I/power   (   96): *** set_screen_state 0
D/MinimalTextUpdateService(  429): Receiving Screen On/Off Message: android.intent.action.SCREEN_OFF
I/WLBroadcast(  438): LOCKED
I/ActivityManager(   96): Starting: Intent { flg=0x34840000 cmp=com.teslacoilsw.widgetlocker/.WidgetLocker (has extras) } from pid 438
W/IInputConnectionWrapper(  181): getExtractedText on inactive InputConnection
I/WLBroadcast(  438): VISIBLE atLockScreen:true inInteraction:true
W/IInputConnectionWrapper(  438): showStatusIcon on inactive InputConnection
D/SurfaceFlinger(   96): About to give-up screen, flinger = 0x1288d8
W/IInputConnectionWrapper(  181): getExtractedText on inactive InputConnection
W/IInputConnectionWrapper(  438): getExtractedText on inactive InputConnection
W/IInputConnectionWrapper(  438): getExtractedText on inactive InputConnection
W/IInputConnectionWrapper(  438): getExtractedText on inactive InputConnection
W/BackupManagerService(   96): dataChanged but no participant pkg='com.android.providers.settings' uid=10059
I/ActivityManager(   96): Starting: Intent { flg=0x34840000 cmp=com.teslacoilsw.widgetlocker/.WidgetLocker (has extras) } from pid 438
I/WLBroadcast(  438): VISIBLE atLockScreen:true inInteraction:true
W/BackupManagerService(   96): dataChanged but no participant pkg='com.android.providers.settings' uid=10059
D/AK8973  (   73): Compass CLOSE 
W/BackupManagerService(   96): dataChanged but no participant pkg='com.android.providers.settings' uid=10059
D/dalvikvm(   96): GC_EXTERNAL_ALLOC freed 505K, 40% free 7855K/12999K, external 4805K/4894K, paused 90ms
D/dalvikvm(   96): GC_EXTERNAL_ALLOC freed 50K, 40% free 7846K/12999K, external 5570K/5613K, paused 85ms
W/IInputConnectionWrapper(  438): getExtractedText on inactive InputConnection
W/IInputConnectionWrapper(  438): getExtractedText on inactive InputConnection
D/skia    (   96): purging 190K from font cache [9 entries]
W/IInputConnectionWrapper(  438): getExtractedText on inactive InputConnection
W/IInputConnectionWrapper(  438): getExtractedText on inactive InputConnection
D/dalvikvm(27014): GC_EXPLICIT freed 8K, 49% free 3624K/6983K, external 1625K/2137K, paused 34ms
D/dalvikvm(  181): GC_EXPLICIT freed 92K, 51% free 3294K/6663K, external 6189K/6578K, paused 71ms
D/dalvikvm(  429): GC_EXPLICIT freed 350K, 59% free 3100K/7559K, external 2617K/2916K, paused 64ms
D/dalvikvm(  268): GC_EXPLICIT freed 144K, 51% free 2817K/5639K, external 1958K/2137K, paused 88ms
D/MinimalTextUpdateService(  429): The screen is currently off. Skipping update.
I/RealTimeChat(23943): Sending ping to bunch
I/RealTimeChat(23943): Ping response from backend
D/MediaUploader(23943): PhoneStateBroadcastReceiver.onReceive: CS is disabled or not initialized - skipping Intent { act=android.intent.action.BATTERY_CHANGED flg=0x60000000 (has extras) }
D/MinimalTextUpdateService(  429): Receiving Battery Message: android.intent.action.BATTERY_CHANGED
D/MinimalTextUpdateService(  429): Battery level and/or status changed. Updating widget
D/MinimalTextUpdateService(  429): The screen is currently off. Skipping update.
D/dalvikvm(  268): GC_EXPLICIT freed 73K, 51% free 2814K/5639K, external 1767K/2137K, paused 56ms
D/AndroidRuntime(27267): 
D/AndroidRuntime(27267): >>>>>> AndroidRuntime START com.android.internal.os.RuntimeInit <<<<<<
D/AndroidRuntime(27267): CheckJNI is OFF
D/dalvikvm(27267): creating instr width table
D/AndroidRuntime(27267): Calling main entry com.android.commands.pm.Pm
I/PackageManager(   96): Removing non-system package:com.vitruvianinteractive.vitae
I/WLBroadcast(  438): VISIBLE atLockScreen:true inInteraction:true
I/ActivityManager(   96): Force stopping package com.vitruvianinteractive.vitae uid=10077
D/PackageManager(   96): Removing package com.vitruvianinteractive.vitae
D/PackageManager(   96):   Activities: com.vitruvianinteractive.vitae.VNativeActivity
W/BackupManagerService(   96): dataChanged but no participant pkg='com.android.providers.settings' uid=10059
I/ActivityManager(   96): Force stopping package com.vitruvianinteractive.vitae uid=10077
W/BackupManagerService(   96): dataChanged but no participant pkg='com.android.providers.settings' uid=10059
D/dalvikvm(   96): GC_EXPLICIT freed 523K, 40% free 7894K/12999K, external 5667K/6867K, paused 89ms
D/dalvikvm(  181): GC_EXPLICIT freed 54K, 50% free 3340K/6663K, external 5486K/6578K, paused 37ms
I/VoiceActionsFactory(18593): Applications list changed, recalculating supported actions
D/VoiceDialerReceiver(26965): onReceive Intent { act=android.intent.action.PACKAGE_REMOVED dat=package:com.vitruvianinteractive.vitae flg=0x10000000 cmp=com.android.voicedialer/.VoiceDialerReceiver (has extras) }
V/RecognizerEngine(26965): deleteCachedGrammarFiles /data/data/com.android.voicedialer/files/openentries.txt
I/WLBroadcast(  438): VISIBLE atLockScreen:true inInteraction:true
D/dalvikvm(  438): GC_EXPLICIT freed 277K, 54% free 3237K/6983K, external 2252K/2735K, paused 42ms
D/szipinf (   96): Initializing inflate state
D/dalvikvm(  225): GC_EXPLICIT freed 24K, 51% free 3644K/7431K, external 3812K/4761K, paused 154ms
W/BackupManagerService(   96): dataChanged but no participant pkg='com.android.providers.settings' uid=10059
D/Sources (  225): Creating external source for type=com.twitter.android.auth.login, packageName=com.twitter.android
D/Sources (  225): Creating external source for type=com.facebook.auth.login, packageName=com.facebook.katana
W/BackupManagerService(   96): dataChanged but no participant pkg='com.android.providers.settings' uid=10059
D/vending (25834): [62] LocalAssetCache.updateOnePackage(): No local info for com.vitruvianinteractive.vitae
D/dalvikvm(   96): GC_EXPLICIT freed 218K, 40% free 7887K/12999K, external 5571K/6867K, paused 87ms
I/installd(   70): unlink /data/dalvik-cache/data@app@com.vitruvianinteractive.vitae-1.apk@classes.dex
D/AndroidRuntime(27267): Shutting down VM
D/dalvikvm(27267): GC_CONCURRENT freed 99K, 72% free 292K/1024K, external 0K/0K, paused 0ms+0ms
D/jdwp    (27267): adbd disconnected
D/AndroidRuntime(27281): 
D/AndroidRuntime(27281): >>>>>> AndroidRuntime START com.android.internal.os.RuntimeInit <<<<<<
D/AndroidRuntime(27281): CheckJNI is OFF
D/dalvikvm(27281): creating instr width table
D/AndroidRuntime(27281): Calling main entry com.android.commands.pm.Pm
D/dalvikvm(26975): GC_EXPLICIT freed 7K, 50% free 2723K/5379K, external 1625K/2137K, paused 26ms
W/ActivityManager(   96): No content provider found for: 
D/PackageParser(   96): Scanning package: /data/app/vmdl1609180183.tmp
I/PackageParser(   96): com.vitruvianinteractive.vitae: compat added android.permission.WRITE_EXTERNAL_STORAGE android.permission.READ_PHONE_STATE
W/ActivityManager(   96): No content provider found for: 
D/PackageManager(   96): Scanning package com.vitruvianinteractive.vitae
I/PackageManager(   96): Unpacking native libraries for /data/app/com.vitruvianinteractive.vitae-1.apk
D/installd(   70): DexInv: --- BEGIN '/data/app/com.vitruvianinteractive.vitae-1.apk' ---
D/dalvikvm(27290): creating instr width table
D/dalvikvm(27290): DexOpt: load 5ms, verify+opt 3ms
D/installd(   70): DexInv: --- END '/data/app/com.vitruvianinteractive.vitae-1.apk' (success) ---
I/ActivityManager(   96): Force stopping package com.vitruvianinteractive.vitae uid=10077
I/WLBroadcast(  438): VISIBLE atLockScreen:true inInteraction:true
D/PackageManager(   96):   Activities: com.vitruvianinteractive.vitae.VNativeActivity
W/BackupManagerService(   96): dataChanged but no participant pkg='com.android.providers.settings' uid=10059
I/installd(   70): move /data/dalvik-cache/data@app@com.vitruvianinteractive.vitae-1.apk@classes.dex -> /data/dalvik-cache/data@app@com.vitruvianinteractive.vitae-1.apk@classes.dex
D/PackageManager(   96): New package installed in /data/app/com.vitruvianinteractive.vitae-1.apk
I/VoiceActionsFactory(18593): Applications list changed, recalculating supported actions
W/BackupManagerService(   96): dataChanged but no participant pkg='com.android.providers.settings' uid=10059
D/GTalkService(  204): handlePackageInstalled: re-initialize providers
D/GTalkService(  204): [RawStanzaProvidersMgr] ##### searchProvidersFromIntent
D/GTalkService(  204): [RawStanzaProvidersMgr] no intent receivers found
D/Sources (  225): Creating external source for type=com.twitter.android.auth.login, packageName=com.twitter.android
D/Sources (  225): Creating external source for type=com.facebook.auth.login, packageName=com.facebook.katana
D/VoiceDialerReceiver(26965): onReceive Intent { act=android.intent.action.PACKAGE_ADDED dat=package:com.vitruvianinteractive.vitae flg=0x10000000 cmp=com.android.voicedialer/.VoiceDialerReceiver (has extras) }
V/RecognizerEngine(26965): deleteCachedGrammarFiles /data/data/com.android.voicedialer/files/openentries.txt
D/szipinf (   96): Initializing inflate state
D/dalvikvm(18593): GC_CONCURRENT freed 532K, 55% free 3046K/6727K, external 1625K/2137K, paused 2ms+2ms
D/dalvikvm(   96): GC_EXPLICIT freed 946K, 39% free 7964K/12999K, external 5571K/6867K, paused 92ms
D/vending (25834): [64] LocalAssetCache.updateOnePackage(): No local info for com.vitruvianinteractive.vitae
D/AndroidRuntime(27281): Shutting down VM
D/dalvikvm(27281): GC_CONCURRENT freed 100K, 72% free 294K/1024K, external 0K/0K, paused 0ms+0ms
D/jdwp    (27281): adbd disconnected
D/dalvikvm(26965): GC_EXPLICIT freed 10K, 50% free 2717K/5379K, external 1625K/2137K, paused 55ms
D/dalvikvm(26975): GC_EXPLICIT freed 7K, 50% free 2721K/5379K, external 1625K/2137K, paused 66ms
D/dalvikvm(26995): GC_EXPLICIT freed 2K, 50% free 2717K/5379K, external 1625K/2137K, paused 55ms
D/dalvikvm(27002): GC_EXPLICIT freed 2K, 50% free 2715K/5379K, external 1625K/2137K, paused 66ms
D/dalvikvm(25914): GC_EXPLICIT freed 7K, 49% free 2777K/5379K, external 1625K/2137K, paused 78ms
D/dalvikvm(25834): GC_EXPLICIT freed 38K, 50% free 3087K/6151K, external 1625K/2137K, paused 75ms
D/dalvikvm(  225): GC_EXPLICIT freed 348K, 51% free 3668K/7431K, external 3812K/4761K, paused 67ms
D/dalvikvm(21114): GC_EXPLICIT freed 5K, 57% free 4488K/10311K, external 1625K/2137K, paused 89ms
D/AndroidRuntime(27297): 
D/AndroidRuntime(27297): >>>>>> AndroidRuntime START com.android.internal.os.RuntimeInit <<<<<<
D/AndroidRuntime(27297): CheckJNI is OFF
D/dalvikvm(27297): creating instr width table
D/AndroidRuntime(27297): Calling main entry com.android.commands.pm.Pm
I/PackageManager(   96): Removing non-system package:com.vitruvianinteractive.vitae
I/ActivityManager(   96): Force stopping package com.vitruvianinteractive.vitae uid=10077
I/WLBroadcast(  438): VISIBLE atLockScreen:true inInteraction:true
D/PackageManager(   96): Removing package com.vitruvianinteractive.vitae
D/PackageManager(   96):   Activities: com.vitruvianinteractive.vitae.VNativeActivity
W/BackupManagerService(   96): dataChanged but no participant pkg='com.android.providers.settings' uid=10059
I/ActivityManager(   96): Force stopping package com.vitruvianinteractive.vitae uid=10077
W/BackupManagerService(   96): dataChanged but no participant pkg='com.android.providers.settings' uid=10059
D/dalvikvm(  181): GC_EXPLICIT freed 153K, 51% free 3274K/6663K, external 5321K/6578K, paused 45ms
I/VoiceActionsFactory(18593): Applications list changed, recalculating supported actions
D/VoiceDialerReceiver(26965): onReceive Intent { act=android.intent.action.PACKAGE_REMOVED dat=package:com.vitruvianinteractive.vitae flg=0x10000000 cmp=com.android.voicedialer/.VoiceDialerReceiver (has extras) }
V/RecognizerEngine(26965): deleteCachedGrammarFiles /data/data/com.android.voicedialer/files/openentries.txt
I/WLBroadcast(  438): VISIBLE atLockScreen:true inInteraction:true
D/dalvikvm(  438): GC_EXPLICIT freed 287K, 54% free 3218K/6983K, external 2207K/2735K, paused 47ms
D/szipinf (   96): Initializing inflate state
D/vending (25834): [66] LocalAssetCache.updateOnePackage(): No local info for com.vitruvianinteractive.vitae
W/BackupManagerService(   96): dataChanged but no participant pkg='com.android.providers.settings' uid=10059
D/dalvikvm(  225): GC_EXPLICIT freed 24K, 51% free 3644K/7431K, external 3812K/4761K, paused 215ms
D/Sources (  225): Creating external source for type=com.twitter.android.auth.login, packageName=com.twitter.android
D/Sources (  225): Creating external source for type=com.facebook.auth.login, packageName=com.facebook.katana
D/dalvikvm(   96): GC_EXPLICIT freed 673K, 40% free 7888K/12999K, external 5571K/6867K, paused 90ms
I/installd(   70): unlink /data/dalvik-cache/data@app@com.vitruvianinteractive.vitae-1.apk@classes.dex
D/AndroidRuntime(27297): Shutting down VM
D/dalvikvm(27297): GC_CONCURRENT freed 99K, 72% free 292K/1024K, external 0K/0K, paused 1ms+0ms
D/jdwp    (27297): adbd disconnected
D/AndroidRuntime(27311): 
D/AndroidRuntime(27311): >>>>>> AndroidRuntime START com.android.internal.os.RuntimeInit <<<<<<
D/AndroidRuntime(27311): CheckJNI is OFF
D/dalvikvm(27311): creating instr width table
D/AndroidRuntime(27311): Calling main entry com.android.commands.pm.Pm
D/dalvikvm(26975): GC_EXPLICIT freed 7K, 50% free 2723K/5379K, external 1625K/2137K, paused 25ms
W/ActivityManager(   96): No content provider found for: 
W/ActivityManager(   96): No content provider found for: 
D/PackageParser(   96): Scanning package: /data/app/vmdl412857935.tmp
I/PackageParser(   96): com.vitruvianinteractive.vitae: compat added android.permission.WRITE_EXTERNAL_STORAGE android.permission.READ_PHONE_STATE
D/MinimalTextUpdateService(  429): The screen is currently off. Skipping update.
D/PackageManager(   96): Scanning package com.vitruvianinteractive.vitae
I/PackageManager(   96): Unpacking native libraries for /data/app/com.vitruvianinteractive.vitae-1.apk
D/installd(   70): DexInv: --- BEGIN '/data/app/com.vitruvianinteractive.vitae-1.apk' ---
D/dalvikvm(27321): creating instr width table
D/dalvikvm(27321): DexOpt: load 8ms, verify+opt 3ms
D/installd(   70): DexInv: --- END '/data/app/com.vitruvianinteractive.vitae-1.apk' (success) ---
I/ActivityManager(   96): Force stopping package com.vitruvianinteractive.vitae uid=10077
I/WLBroadcast(  438): VISIBLE atLockScreen:true inInteraction:true
D/PackageManager(   96):   Activities: com.vitruvianinteractive.vitae.VNativeActivity
I/installd(   70): move /data/dalvik-cache/data@app@com.vitruvianinteractive.vitae-1.apk@classes.dex -> /data/dalvik-cache/data@app@com.vitruvianinteractive.vitae-1.apk@classes.dex
D/PackageManager(   96): New package installed in /data/app/com.vitruvianinteractive.vitae-1.apk
W/BackupManagerService(   96): dataChanged but no participant pkg='com.android.providers.settings' uid=10059
D/SettingsProvider(   96): external modification to /data/data/com.android.providers.settings/databases/settings.db; event=2
D/SettingsProvider(   96): updating our caches for /data/data/com.android.providers.settings/databases/settings.db
D/SettingsProvider(   96): cache for settings table 'secure' rows=44; fullycached=true
D/SettingsProvider(   96): cache for settings table 'system' rows=57; fullycached=true
I/VoiceActionsFactory(18593): Applications list changed, recalculating supported actions
D/GTalkService(  204): handlePackageInstalled: re-initialize providers
D/GTalkService(  204): [RawStanzaProvidersMgr] ##### searchProvidersFromIntent
D/Sources (  225): Creating external source for type=com.twitter.android.auth.login, packageName=com.twitter.android
D/Sources (  225): Creating external source for type=com.facebook.auth.login, packageName=com.facebook.katana
D/GTalkService(  204): [RawStanzaProvidersMgr] no intent receivers found
D/szipinf (   96): Initializing inflate state
D/VoiceDialerReceiver(26965): onReceive Intent { act=android.intent.action.PACKAGE_ADDED dat=package:com.vitruvianinteractive.vitae flg=0x10000000 cmp=com.android.voicedialer/.VoiceDialerReceiver (has extras) }
V/RecognizerEngine(26965): deleteCachedGrammarFiles /data/data/com.android.voicedialer/files/openentries.txt
D/dalvikvm(   96): GC_EXPLICIT freed 1089K, 39% free 7952K/12999K, external 5185K/6475K, paused 96ms
D/vending (25834): [68] LocalAssetCache.updateOnePackage(): No local info for com.vitruvianinteractive.vitae
D/AndroidRuntime(27311): Shutting down VM
D/dalvikvm(27311): GC_CONCURRENT freed 100K, 72% free 294K/1024K, external 0K/0K, paused 1ms+0ms
D/jdwp    (27311): adbd disconnected
D/KeyguardViewMediator(   96): wakeWhenReadyLocked(26)
I/power   (   96): *** set_screen_state 1
