--------- beginning of /dev/log/system
W/BackupManagerService(   96): dataChanged but no participant pkg='com.android.providers.settings' uid=10059
I/ActivityManager(   96): Force stopping package com.vitruvianinteractive.vitae uid=10077
W/BackupManagerService(   96): dataChanged but no participant pkg='com.android.providers.settings' uid=10059
W/BackupManagerService(   96): dataChanged but no participant pkg='com.android.providers.settings' uid=10059
W/PackageManager(   96): Couldn't remove dex file for package:  at location /data/app/com.vitruvianinteractive.vitae-1.apk, retcode=-1
W/ActivityManager(   96): No content provider found for: 
W/ActivityManager(   96): No content provider found for: 
I/PackageManager(   96): Unpacking native libraries for /data/app/com.vitruvianinteractive.vitae-1.apk
I/ActivityManager(   96): Force stopping package com.vitruvianinteractive.vitae uid=10077
W/BackupManagerService(   96): dataChanged but no participant pkg='com.android.providers.settings' uid=10059
W/BackupManagerService(   96): dataChanged but no participant pkg='com.android.providers.settings' uid=10059
I/ActivityManager(   96): Starting: Intent { flg=0x10800000 cmp=com.teslacoilsw.widgetlocker/.LauncherProAnimationKillerActivity } from pid 438
I/ActivityManager(   96): moveTaskToBack: 4
W/BackupManagerService(   96): dataChanged but no participant pkg='com.android.providers.settings' uid=10059
W/InputManagerService(   96): Starting input on non-focused client com.android.internal.view.IInputMethodClient$Stub$Proxy@4078fbc0 (uid=10059 pid=438)
I/ActivityManager(   96): Starting: Intent { act=android.intent.action.MAIN cat=[android.intent.category.LAUNCHER] flg=0x10200000 cmp=com.vitruvianinteractive.vitae/android.app.NativeActivity } from pid 181
I/ActivityManager(   96): Start proc com.vitruvianinteractive.vitae for activity com.vitruvianinteractive.vitae/android.app.NativeActivity: pid=26292 uid=10077 gids={1015}
I/BootReceiver(   96): Copying /data/tombstones/tombstone_08 to DropBox (SYSTEM_TOMBSTONE)
I/ActivityManager(   96): Process com.vitruvianinteractive.vitae (pid 26292) has died.
W/InputManagerService(   96): Window already focused, ignoring focus gain of: com.android.internal.view.IInputMethodClient$Stub$Proxy@40b65af0
I/ActivityManager(   96): Starting: Intent { flg=0x34840000 cmp=com.teslacoilsw.widgetlocker/.WidgetLocker (has extras) } from pid 438
W/BackupManagerService(   96): dataChanged but no participant pkg='com.android.providers.settings' uid=10059
I/ActivityManager(   96): Starting: Intent { flg=0x34840000 cmp=com.teslacoilsw.widgetlocker/.WidgetLocker (has extras) } from pid 438
W/BackupManagerService(   96): dataChanged but no participant pkg='com.android.providers.settings' uid=10059
W/BackupManagerService(   96): dataChanged but no participant pkg='com.android.providers.settings' uid=10059
I/ActivityManager(   96): Force stopping package com.vitruvianinteractive.vitae uid=10077
W/BackupManagerService(   96): dataChanged but no participant pkg='com.android.providers.settings' uid=10059
I/ActivityManager(   96): Force stopping package com.vitruvianinteractive.vitae uid=10077
W/BackupManagerService(   96): dataChanged but no participant pkg='com.android.providers.settings' uid=10059
W/BackupManagerService(   96): dataChanged but no participant pkg='com.android.providers.settings' uid=10059
W/BackupManagerService(   96): dataChanged but no participant pkg='com.android.providers.settings' uid=10059
W/PackageManager(   96): Couldn't remove dex file for package:  at location /data/app/com.vitruvianinteractive.vitae-1.apk, retcode=-1
W/ActivityManager(   96): No content provider found for: 
I/ActivityManager(   96): Starting: Intent { flg=0x10800000 cmp=com.teslacoilsw.widgetlocker/.LauncherProAnimationKillerActivity } from pid 438
I/ActivityManager(   96): moveTaskToBack: 4
W/BackupManagerService(   96): dataChanged but no participant pkg='com.android.providers.settings' uid=10059
W/ActivityManager(   96): No content provider found for: 
I/PackageManager(   96): Unpacking native libraries for /data/app/com.vitruvianinteractive.vitae-1.apk
I/ActivityManager(   96): Force stopping package com.vitruvianinteractive.vitae uid=10077
I/ActivityManager(   96): Starting: Intent { act=android.intent.action.MAIN cat=[android.intent.category.LAUNCHER] flg=0x10200000 cmp=com.vitruvianinteractive.vitae/.NativeActivity } from pid 181
I/ActivityManager(   96): Start proc com.vitruvianinteractive.vitae for activity com.vitruvianinteractive.vitae/.NativeActivity: pid=26333 uid=10077 gids={1015}
E/AndroidRuntime(26333): FATAL EXCEPTION: main
E/AndroidRuntime(26333): java.lang.RuntimeException: Unable to instantiate activity ComponentInfo{com.vitruvianinteractive.vitae/com.vitruvianinteractive.vitae.NativeActivity}: java.lang.ClassNotFoundException: com.vitruvianinteractive.vitae.NativeActivity in loader dalvik.system.PathClassLoader[.]
E/AndroidRuntime(26333): 	at android.app.ActivityThread.performLaunchActivity(ActivityThread.java:1569)
E/AndroidRuntime(26333): 	at android.app.ActivityThread.handleLaunchActivity(ActivityThread.java:1663)
E/AndroidRuntime(26333): 	at android.app.ActivityThread.access$1500(ActivityThread.java:117)
E/AndroidRuntime(26333): 	at android.app.ActivityThread$H.handleMessage(ActivityThread.java:931)
E/AndroidRuntime(26333): 	at android.os.Handler.dispatchMessage(Handler.java:99)
E/AndroidRuntime(26333): 	at android.os.Looper.loop(Looper.java:130)
E/AndroidRuntime(26333): 	at android.app.ActivityThread.main(ActivityThread.java:3683)
E/AndroidRuntime(26333): 	at java.lang.reflect.Method.invokeNative(Native Method)
E/AndroidRuntime(26333): 	at java.lang.reflect.Method.invoke(Method.java:507)
E/AndroidRuntime(26333): 	at com.android.internal.os.ZygoteInit$MethodAndArgsCaller.run(ZygoteInit.java:839)
E/AndroidRuntime(26333): 	at com.android.internal.os.ZygoteInit.main(ZygoteInit.java:597)
E/AndroidRuntime(26333): 	at dalvik.system.NativeStart.main(Native Method)
E/AndroidRuntime(26333): Caused by: java.lang.ClassNotFoundException: com.vitruvianinteractive.vitae.NativeActivity in loader dalvik.system.PathClassLoader[.]
E/AndroidRuntime(26333): 	at dalvik.system.PathClassLoader.findClass(PathClassLoader.java:240)
E/AndroidRuntime(26333): 	at java.lang.ClassLoader.loadClass(ClassLoader.java:551)
E/AndroidRuntime(26333): 	at java.lang.ClassLoader.loadClass(ClassLoader.java:511)
E/AndroidRuntime(26333): 	at android.app.Instrumentation.newActivity(Instrumentation.java:1021)
E/AndroidRuntime(26333): 	at android.app.ActivityThread.performLaunchActivity(ActivityThread.java:1561)
E/AndroidRuntime(26333): 	... 11 more
W/ActivityManager(   96):   Force finishing activity com.vitruvianinteractive.vitae/.NativeActivity
W/ActivityManager(   96): Activity pause timeout for HistoryRecord{40774390 com.vitruvianinteractive.vitae/.NativeActivity}
W/InputManagerService(   96): Window already focused, ignoring focus gain of: com.android.internal.view.IInputMethodClient$Stub$Proxy@406ea660
I/ActivityManager(   96): Process com.vitruvianinteractive.vitae (pid 26333) has died.
W/ActivityManager(   96): Activity destroy timeout for HistoryRecord{40774390 com.vitruvianinteractive.vitae/.NativeActivity}
I/ActivityManager(   96): Force stopping package com.vitruvianinteractive.vitae uid=10077
I/ActivityManager(   96): Force stopping package com.vitruvianinteractive.vitae uid=10077
W/PackageManager(   96): Couldn't remove dex file for package:  at location /data/app/com.vitruvianinteractive.vitae-1.apk, retcode=-1
W/ActivityManager(   96): No content provider found for: 
W/ActivityManager(   96): No content provider found for: 
I/ActivityManager(   96): Starting: Intent { flg=0x34840000 cmp=com.teslacoilsw.widgetlocker/.WidgetLocker (has extras) } from pid 438
I/ActivityManager(   96): Starting: Intent { flg=0x34840000 cmp=com.teslacoilsw.widgetlocker/.WidgetLocker (has extras) } from pid 438
W/BackupManagerService(   96): dataChanged but no participant pkg='com.android.providers.settings' uid=10059
I/PackageManager(   96): Unpacking native libraries for /data/app/com.vitruvianinteractive.vitae-1.apk
W/BackupManagerService(   96): dataChanged but no participant pkg='com.android.providers.settings' uid=10059
W/BackupManagerService(   96): dataChanged but no participant pkg='com.android.providers.settings' uid=10059
I/ActivityManager(   96): Force stopping package com.vitruvianinteractive.vitae uid=10077
W/BackupManagerService(   96): dataChanged but no participant pkg='com.android.providers.settings' uid=10059
W/BackupManagerService(   96): dataChanged but no participant pkg='com.android.providers.settings' uid=10059
I/ActivityManager(   96): Starting: Intent { flg=0x10800000 cmp=com.teslacoilsw.widgetlocker/.LauncherProAnimationKillerActivity } from pid 438
I/ActivityManager(   96): moveTaskToBack: 4
W/BackupManagerService(   96): dataChanged but no participant pkg='com.android.providers.settings' uid=10059
W/InputManagerService(   96): Starting input on non-focused client com.android.internal.view.IInputMethodClient$Stub$Proxy@4078fbc0 (uid=10059 pid=438)
I/ActivityManager(   96): Starting: Intent { act=android.intent.action.MAIN cat=[android.intent.category.LAUNCHER] flg=0x10200000 cmp=com.vitruvianinteractive.vitae/.NativeActivity } from pid 181
I/ActivityManager(   96): Start proc com.vitruvianinteractive.vitae for activity com.vitruvianinteractive.vitae/.NativeActivity: pid=26372 uid=10077 gids={1015}
E/AndroidRuntime(26372): FATAL EXCEPTION: main
E/AndroidRuntime(26372): java.lang.RuntimeException: Unable to instantiate activity ComponentInfo{com.vitruvianinteractive.vitae/com.vitruvianinteractive.vitae.NativeActivity}: java.lang.ClassNotFoundException: com.vitruvianinteractive.vitae.NativeActivity in loader dalvik.system.PathClassLoader[.]
E/AndroidRuntime(26372): 	at android.app.ActivityThread.performLaunchActivity(ActivityThread.java:1569)
E/AndroidRuntime(26372): 	at android.app.ActivityThread.handleLaunchActivity(ActivityThread.java:1663)
E/AndroidRuntime(26372): 	at android.app.ActivityThread.access$1500(ActivityThread.java:117)
E/AndroidRuntime(26372): 	at android.app.ActivityThread$H.handleMessage(ActivityThread.java:931)
E/AndroidRuntime(26372): 	at android.os.Handler.dispatchMessage(Handler.java:99)
E/AndroidRuntime(26372): 	at android.os.Looper.loop(Looper.java:130)
E/AndroidRuntime(26372): 	at android.app.ActivityThread.main(ActivityThread.java:3683)
E/AndroidRuntime(26372): 	at java.lang.reflect.Method.invokeNative(Native Method)
E/AndroidRuntime(26372): 	at java.lang.reflect.Method.invoke(Method.java:507)
E/AndroidRuntime(26372): 	at com.android.internal.os.ZygoteInit$MethodAndArgsCaller.run(ZygoteInit.java:839)
E/AndroidRuntime(26372): 	at com.android.internal.os.ZygoteInit.main(ZygoteInit.java:597)
E/AndroidRuntime(26372): 	at dalvik.system.NativeStart.main(Native Method)
E/AndroidRuntime(26372): Caused by: java.lang.ClassNotFoundException: com.vitruvianinteractive.vitae.NativeActivity in loader dalvik.system.PathClassLoader[.]
E/AndroidRuntime(26372): 	at dalvik.system.PathClassLoader.findClass(PathClassLoader.java:240)
E/AndroidRuntime(26372): 	at java.lang.ClassLoader.loadClass(ClassLoader.java:551)
E/AndroidRuntime(26372): 	at java.lang.ClassLoader.loadClass(ClassLoader.java:511)
E/AndroidRuntime(26372): 	at android.app.Instrumentation.newActivity(Instrumentation.java:1021)
E/AndroidRuntime(26372): 	at android.app.ActivityThread.performLaunchActivity(ActivityThread.java:1561)
E/AndroidRuntime(26372): 	... 11 more
W/ActivityManager(   96):   Force finishing activity com.vitruvianinteractive.vitae/.NativeActivity
W/ActivityManager(   96): Activity pause timeout for HistoryRecord{409d0dd8 com.vitruvianinteractive.vitae/.NativeActivity}
I/ActivityManager(   96): Process com.vitruvianinteractive.vitae (pid 26372) has died.
W/InputManagerService(   96): Window already focused, ignoring focus gain of: com.android.internal.view.IInputMethodClient$Stub$Proxy@4072a270
W/ActivityManager(   96): Activity destroy timeout for HistoryRecord{409d0dd8 com.vitruvianinteractive.vitae/.NativeActivity}
I/ActivityManager(   96): Force stopping package com.vitruvianinteractive.vitae uid=10077
I/ActivityManager(   96): Force stopping package com.vitruvianinteractive.vitae uid=10077
W/PackageManager(   96): Couldn't remove dex file for package:  at location /data/app/com.vitruvianinteractive.vitae-1.apk, retcode=-1
W/ActivityManager(   96): No content provider found for: 
W/ActivityManager(   96): No content provider found for: 
I/PackageManager(   96): Unpacking native libraries for /data/app/com.vitruvianinteractive.vitae-1.apk
I/ActivityManager(   96): Force stopping package com.vitruvianinteractive.vitae uid=10077
I/ActivityManager(   96): Starting: Intent { flg=0x34840000 cmp=com.teslacoilsw.widgetlocker/.WidgetLocker (has extras) } from pid 438
I/ActivityManager(   96): Starting: Intent { flg=0x34840000 cmp=com.teslacoilsw.widgetlocker/.WidgetLocker (has extras) } from pid 438
W/BackupManagerService(   96): dataChanged but no participant pkg='com.android.providers.settings' uid=10059
W/BackupManagerService(   96): dataChanged but no participant pkg='com.android.providers.settings' uid=10059
W/BackupManagerService(   96): dataChanged but no participant pkg='com.android.providers.settings' uid=10059
I/ActivityManager(   96): Starting: Intent { flg=0x10800000 cmp=com.teslacoilsw.widgetlocker/.LauncherProAnimationKillerActivity } from pid 438
I/ActivityManager(   96): moveTaskToBack: 4
W/BackupManagerService(   96): dataChanged but no participant pkg='com.android.providers.settings' uid=10059
W/InputManagerService(   96): Starting input on non-focused client com.android.internal.view.IInputMethodClient$Stub$Proxy@4078fbc0 (uid=10059 pid=438)
I/ActivityManager(   96): Starting: Intent { act=android.intent.action.MAIN cat=[android.intent.category.LAUNCHER] flg=0x10200000 cmp=com.vitruvianinteractive.vitae/.NativeActivity } from pid 181
I/ActivityManager(   96): Start proc com.vitruvianinteractive.vitae for activity com.vitruvianinteractive.vitae/.NativeActivity: pid=26411 uid=10077 gids={1015}
E/AndroidRuntime(26411): FATAL EXCEPTION: main
E/AndroidRuntime(26411): java.lang.RuntimeException: Unable to instantiate activity ComponentInfo{com.vitruvianinteractive.vitae/com.vitruvianinteractive.vitae.NativeActivity}: java.lang.ClassNotFoundException: com.vitruvianinteractive.vitae.NativeActivity in loader dalvik.system.PathClassLoader[.]
E/AndroidRuntime(26411): 	at android.app.ActivityThread.performLaunchActivity(ActivityThread.java:1569)
E/AndroidRuntime(26411): 	at android.app.ActivityThread.handleLaunchActivity(ActivityThread.java:1663)
E/AndroidRuntime(26411): 	at android.app.ActivityThread.access$1500(ActivityThread.java:117)
E/AndroidRuntime(26411): 	at android.app.ActivityThread$H.handleMessage(ActivityThread.java:931)
E/AndroidRuntime(26411): 	at android.os.Handler.dispatchMessage(Handler.java:99)
E/AndroidRuntime(26411): 	at android.os.Looper.loop(Looper.java:130)
E/AndroidRuntime(26411): 	at android.app.ActivityThread.main(ActivityThread.java:3683)
E/AndroidRuntime(26411): 	at java.lang.reflect.Method.invokeNative(Native Method)
E/AndroidRuntime(26411): 	at java.lang.reflect.Method.invoke(Method.java:507)
E/AndroidRuntime(26411): 	at com.android.internal.os.ZygoteInit$MethodAndArgsCaller.run(ZygoteInit.java:839)
E/AndroidRuntime(26411): 	at com.android.internal.os.ZygoteInit.main(ZygoteInit.java:597)
E/AndroidRuntime(26411): 	at dalvik.system.NativeStart.main(Native Method)
E/AndroidRuntime(26411): Caused by: java.lang.ClassNotFoundException: com.vitruvianinteractive.vitae.NativeActivity in loader dalvik.system.PathClassLoader[.]
E/AndroidRuntime(26411): 	at dalvik.system.PathClassLoader.findClass(PathClassLoader.java:240)
E/AndroidRuntime(26411): 	at java.lang.ClassLoader.loadClass(ClassLoader.java:551)
E/AndroidRuntime(26411): 	at java.lang.ClassLoader.loadClass(ClassLoader.java:511)
E/AndroidRuntime(26411): 	at android.app.Instrumentation.newActivity(Instrumentation.java:1021)
E/AndroidRuntime(26411): 	at android.app.ActivityThread.performLaunchActivity(ActivityThread.java:1561)
E/AndroidRuntime(26411): 	... 11 more
W/ActivityManager(   96):   Force finishing activity com.vitruvianinteractive.vitae/.NativeActivity
W/ActivityManager(   96): Activity pause timeout for HistoryRecord{40ade2f8 com.vitruvianinteractive.vitae/.NativeActivity}
W/InputManagerService(   96): Window already focused, ignoring focus gain of: com.android.internal.view.IInputMethodClient$Stub$Proxy@40a027e8
I/ActivityManager(   96): Process com.vitruvianinteractive.vitae (pid 26411) has died.
W/ActivityManager(   96): Activity destroy timeout for HistoryRecord{40ade2f8 com.vitruvianinteractive.vitae/.NativeActivity}
I/ActivityManager(   96): Starting: Intent { flg=0x34840000 cmp=com.teslacoilsw.widgetlocker/.WidgetLocker (has extras) } from pid 438
I/ActivityManager(   96): Starting: Intent { flg=0x34840000 cmp=com.teslacoilsw.widgetlocker/.WidgetLocker (has extras) } from pid 438
W/BackupManagerService(   96): dataChanged but no participant pkg='com.android.providers.settings' uid=10059
W/BackupManagerService(   96): dataChanged but no participant pkg='com.android.providers.settings' uid=10059
W/BackupManagerService(   96): dataChanged but no participant pkg='com.android.providers.settings' uid=10059
I/TelephonyRegistry(   96): notifyDataConnection: state=0 isDataConnectivityPossible=false reason=apnSwitched interfaceName=null networkType=8
I/TelephonyRegistry(   96): notifyDataConnection: state=1 isDataConnectivityPossible=true reason=apnSwitched interfaceName=null networkType=8
I/TelephonyRegistry(   96): notifyDataConnection: state=2 isDataConnectivityPossible=true reason=apnSwitched interfaceName=rmnet0 networkType=8
I/ActivityManager(   96): Start proc com.socialnmobile.dictapps.notepad.color.note for broadcast com.socialnmobile.dictapps.notepad.color.note/com.socialnmobile.colornote.receiver.NoteWidget: pid=26447 uid=10069 gids={1015}
I/ActivityManager(   96): Starting: Intent { flg=0x10800000 cmp=com.teslacoilsw.widgetlocker/.LauncherProAnimationKillerActivity } from pid 438
I/ActivityManager(   96): moveTaskToBack: 4
W/BackupManagerService(   96): dataChanged but no participant pkg='com.android.providers.settings' uid=10059
W/InputManagerService(   96): Starting input on non-focused client com.android.internal.view.IInputMethodClient$Stub$Proxy@4078fbc0 (uid=10059 pid=438)
I/ActivityManager(   96): Starting: Intent { flg=0x34840000 cmp=com.teslacoilsw.widgetlocker/.WidgetLocker (has extras) } from pid 438
I/ActivityManager(   96): Starting: Intent { flg=0x34840000 cmp=com.teslacoilsw.widgetlocker/.WidgetLocker (has extras) } from pid 438
W/BackupManagerService(   96): dataChanged but no participant pkg='com.android.providers.settings' uid=10059
E/ConnectivityService(   96): Attempt to connect to WIFI failed.
D/WifiWatchdogService(   96): (android.server.ServerThread) BTHomeHub2-S9JH (00:21:04:ca:20:52) does not require the watchdog
I/TelephonyRegistry(   96): notifyDataConnection: state=0 isDataConnectivityPossible=true reason=dataDisabled interfaceName=rmnet0 networkType=8
I/TelephonyRegistry(   96): notifyDataConnection: state=0 isDataConnectivityPossible=false reason=apnSwitched interfaceName=null networkType=8
I/TelephonyRegistry(   96): notifyDataConnection: state=1 isDataConnectivityPossible=true reason=apnSwitched interfaceName=null networkType=8
I/TelephonyRegistry(   96): notifyDataConnection: state=2 isDataConnectivityPossible=true reason=apnSwitched interfaceName=rmnet0 networkType=8
I/ActivityManager(   96): No longer want com.google.android.music (pid 26012): hidden #16
W/ActivityManager(   96): Scheduling restart of crashed service com.google.android.music/com.android.music.dl.DownloadManager$DownloadManagerService in 5000ms
W/BackupManagerService(   96): dataChanged but no participant pkg='com.android.providers.settings' uid=10059
I/ActivityManager(   96): Start proc com.google.android.music for service com.google.android.music/com.android.music.dl.DownloadManager$DownloadManagerService: pid=26540 uid=10054 gids={3003, 1015}
I/ActivityManager(   96): No longer want com.facebook.katana (pid 26038): hidden #16
W/BackupManagerService(   96): dataChanged but no participant pkg='com.android.providers.settings' uid=10059
W/BackupManagerService(   96): dataChanged but no participant pkg='com.android.providers.settings' uid=10059
I/ActivityManager(   96): No longer want com.spotify.mobile.android.ui (pid 26185): hidden #16
W/ActivityManager(   96): Scheduling restart of crashed service com.spotify.mobile.android.ui/com.spotify.mobile.android.service.LocalService in 5000ms
W/BackupManagerService(   96): dataChanged but no participant pkg='com.android.providers.settings' uid=10059
I/ActivityManager(   96): Start proc com.spotify.mobile.android.ui for service com.spotify.mobile.android.ui/com.spotify.mobile.android.service.LocalService: pid=26557 uid=10065 gids={3003, 1015}
V/BackupManagerService(   96): Backup requested but nothing pending
I/ActivityManager(   96): Start proc com.facebook.katana for service com.facebook.katana/.service.FacebookService: pid=26567 uid=10011 gids={3003, 1015}
I/ActivityManager(   96): No longer want com.google.android.apps.maps:NetworkLocationService (pid 26235): hidden #16
W/ActivityManager(   96): Scheduling restart of crashed service com.google.android.apps.maps/com.google.android.location.internal.server.NetworkLocationService in 5000ms
W/BackupManagerService(   96): dataChanged but no participant pkg='com.android.providers.settings' uid=10059
W/BackupManagerService(   96): dataChanged but no participant pkg='com.android.providers.settings' uid=10059
I/ActivityManager(   96): Start proc com.google.android.apps.maps:NetworkLocationService for service com.google.android.apps.maps/com.google.android.location.internal.server.NetworkLocationService: pid=26583 uid=10040 gids={3003, 1015}
I/ActivityManager(   96): No longer want com.android.server.vpn:remote (pid 26250): hidden #16
W/ActivityManager(   96): Scheduling restart of crashed service com.android.server.vpn/.VpnServiceBinder in 5000ms
W/BackupManagerService(   96): dataChanged but no participant pkg='com.android.providers.settings' uid=10059
I/ActivityManager(   96): Start proc com.android.server.vpn:remote for service com.android.server.vpn/.VpnServiceBinder: pid=26601 uid=1000 gids={3002, 3001, 3003}
I/ActivityManager(   96): No longer want com.android.defcontainer (pid 26146): hidden #16
W/BackupManagerService(   96): dataChanged but no participant pkg='com.android.providers.settings' uid=10059
I/ActivityManager(   96): No longer want com.google.android.partnersetup (pid 26165): hidden #16
W/BackupManagerService(   96): dataChanged but no participant pkg='com.android.providers.settings' uid=10059
W/BackupManagerService(   96): dataChanged but no participant pkg='com.android.providers.settings' uid=10059
I/ActivityManager(   96): No longer want com.android.voicedialer (pid 26136): hidden #16
W/BackupManagerService(   96): dataChanged but no participant pkg='com.android.providers.settings' uid=10059
W/BackupManagerService(   96): dataChanged but no participant pkg='com.android.providers.settings' uid=10059
I/ActivityManager(   96): No longer want com.svox.pico (pid 26172): hidden #16
W/BackupManagerService(   96): dataChanged but no participant pkg='com.android.providers.settings' uid=10059
W/BackupManagerService(   96): dataChanged but no participant pkg='com.android.providers.settings' uid=10059
I/ActivityManager(   96): Starting: Intent { flg=0x10800000 cmp=com.teslacoilsw.widgetlocker/.LauncherProAnimationKillerActivity } from pid 438
I/ActivityManager(   96): moveTaskToBack: 4
W/BackupManagerService(   96): dataChanged but no participant pkg='com.android.providers.settings' uid=10059
W/InputManagerService(   96): Starting input on non-focused client com.android.internal.view.IInputMethodClient$Stub$Proxy@4078fbc0 (uid=10059 pid=438)
I/ActivityManager(   96): Starting: Intent { flg=0x34840000 cmp=com.teslacoilsw.widgetlocker/.WidgetLocker (has extras) } from pid 438
I/ActivityManager(   96): Starting: Intent { flg=0x34840000 cmp=com.teslacoilsw.widgetlocker/.WidgetLocker (has extras) } from pid 438
W/InputManagerService(   96): Window already focused, ignoring focus gain of: com.android.internal.view.IInputMethodClient$Stub$Proxy@40a94628
W/BackupManagerService(   96): dataChanged but no participant pkg='com.android.providers.settings' uid=10059
D/WifiWatchdogService(   96): (android.server.ServerThread) BTHomeHub2-S9JH (00:21:04:ca:20:52) does not require the watchdog
I/TelephonyRegistry(   96): notifyDataConnection: state=0 isDataConnectivityPossible=true reason=dataDisabled interfaceName=rmnet0 networkType=8
I/TelephonyRegistry(   96): notifyDataConnection: state=0 isDataConnectivityPossible=false reason=apnSwitched interfaceName=null networkType=8
I/TelephonyRegistry(   96): notifyDataConnection: state=1 isDataConnectivityPossible=true reason=apnSwitched interfaceName=null networkType=8
I/TelephonyRegistry(   96): notifyDataConnection: state=2 isDataConnectivityPossible=true reason=apnSwitched interfaceName=rmnet0 networkType=8
V/BackupManagerService(   96): Backup requested but nothing pending
W/Vold    (   63): Ignoring unknown switch 'usb_connected'
D/Vold    (   63): USB disconnected
D/Vold    (   63): Share method ums now unavailable
I/StorageNotification(  157): UMS connection changed to false (media state mounted)
I/ActivityManager(   96): Starting: Intent { flg=0x10800000 cmp=com.teslacoilsw.widgetlocker/.LauncherProAnimationKillerActivity } from pid 438
I/ActivityManager(   96): moveTaskToBack: 4
W/BackupManagerService(   96): dataChanged but no participant pkg='com.android.providers.settings' uid=10059
W/InputManagerService(   96): Starting input on non-focused client com.android.internal.view.IInputMethodClient$Stub$Proxy@4078fbc0 (uid=10059 pid=438)
I/WindowManager(   96): Setting rotation to 3, animFlags=0
I/ActivityManager(   96): Config changed: { scale=1.0 imsi=234/15 loc=en_GB touch=3 keys=1/1/2 nav=3/1 orien=2 layout=34 uiMode=17 seq=141}
I/ActivityManager(   96): Starting: Intent { flg=0x34840000 cmp=com.teslacoilsw.widgetlocker/.WidgetLocker (has extras) } from pid 438
I/WindowManager(   96): Setting rotation to 0, animFlags=1
I/ActivityManager(   96): Config changed: { scale=1.0 imsi=234/15 loc=en_GB touch=3 keys=1/1/2 nav=3/1 orien=1 layout=34 uiMode=17 seq=142}
W/BackupManagerService(   96): dataChanged but no participant pkg='com.android.providers.settings' uid=10059
W/InputManagerService(   96): Window already focused, ignoring focus gain of: com.android.internal.view.IInputMethodClient$Stub$Proxy@40ac7858
W/BackupManagerService(   96): dataChanged but no participant pkg='com.android.providers.settings' uid=10059
I/ActivityManager(   96): Starting: Intent { flg=0x34840000 cmp=com.teslacoilsw.widgetlocker/.WidgetLocker (has extras) } from pid 438
W/BackupManagerService(   96): dataChanged but no participant pkg='com.android.providers.settings' uid=10059
D/WifiWatchdogService(   96): (android.server.ServerThread) BTHomeHub2-S9JH (00:21:04:ca:20:52) does not require the watchdog
I/TelephonyRegistry(   96): notifyDataConnection: state=0 isDataConnectivityPossible=true reason=dataDisabled interfaceName=rmnet0 networkType=8
I/ActivityManager(   96): Starting: Intent { flg=0x10800000 cmp=com.teslacoilsw.widgetlocker/.LauncherProAnimationKillerActivity } from pid 438
I/ActivityManager(   96): moveTaskToBack: 4
I/WindowManager(   96): Setting rotation to 3, animFlags=1
I/ActivityManager(   96): Config changed: { scale=1.0 imsi=234/15 loc=en_GB touch=3 keys=1/1/2 nav=3/1 orien=2 layout=34 uiMode=17 seq=143}
W/BackupManagerService(   96): dataChanged but no participant pkg='com.android.providers.settings' uid=10059
I/WindowManager(   96): Setting rotation to 0, animFlags=0
I/ActivityManager(   96): Config changed: { scale=1.0 imsi=234/15 loc=en_GB touch=3 keys=1/1/2 nav=3/1 orien=1 layout=34 uiMode=17 seq=144}
V/HeadsetObserver(   96): Headset UEVENT: {SUBSYSTEM=switch, SWITCH_STATE=130, DEVPATH=/devices/virtual/switch/h2w, SEQNUM=2005, ACTION=change, SWITCH_NAME=Headset}
W/Vold    (   63): Ignoring unknown switch 'Headset'
V/HeadsetObserver(   96): Intent.ACTION_HEADSET_PLUG: state: 1 name: Headset mic: 0
I/ActivityManager(   96): Starting: Intent { act=android.intent.action.MAIN cat=[android.intent.category.LAUNCHER] flg=0x10200000 cmp=com.spotify.mobile.android.ui/.Launcher bnds=[0,716][96,800] } from pid 181
I/ActivityManager(   96): Starting: Intent { cmp=com.spotify.mobile.android.ui/.popup.LoginActivity (has extras) } from pid 26557
W/InputManagerService(   96): Starting input on non-focused client com.android.internal.view.IInputMethodClient$Stub$Proxy@40af4580 (uid=10065 pid=26557)
W/InputManagerService(   96): Client not active, ignoring focus gain of: com.android.internal.view.IInputMethodClient$Stub$Proxy@40a7d4b0
I/ActivityManager(   96): Starting: Intent { flg=0x34840000 cmp=com.teslacoilsw.widgetlocker/.WidgetLocker (has extras) } from pid 438
W/ActivityManager(   96): Activity pause timeout for HistoryRecord{406ff3b0 com.spotify.mobile.android.ui/.Launcher}
I/ActivityManager(   96): Starting: Intent { flg=0x34840000 cmp=com.teslacoilsw.widgetlocker/.WidgetLocker (has extras) } from pid 438
W/BackupManagerService(   96): dataChanged but no participant pkg='com.android.providers.settings' uid=10059
I/ActivityManager(   96): Start proc com.google.android.gallery3d for service com.google.android.gallery3d/com.cooliris.picasa.PicasaService: pid=26757 uid=10036 gids={1015, 3003}
I/TelephonyRegistry(   96): notifyDataConnection: state=0 isDataConnectivityPossible=false reason=apnSwitched interfaceName=null networkType=8
I/TelephonyRegistry(   96): notifyDataConnection: state=1 isDataConnectivityPossible=true reason=apnSwitched interfaceName=null networkType=8
I/TelephonyRegistry(   96): notifyDataConnection: state=2 isDataConnectivityPossible=true reason=apnSwitched interfaceName=rmnet0 networkType=8
I/ActivityManager(   96): moveTaskToBack: 4
W/BackupManagerService(   96): dataChanged but no participant pkg='com.android.providers.settings' uid=10059
I/ActivityManager(   96): Starting: Intent { flg=0x34840000 cmp=com.teslacoilsw.widgetlocker/.WidgetLocker (has extras) } from pid 438
I/ActivityManager(   96): Starting: Intent { flg=0x34840000 cmp=com.teslacoilsw.widgetlocker/.WidgetLocker (has extras) } from pid 438
W/ActivityManager(   96): Activity pause timeout for HistoryRecord{406ff3b0 com.spotify.mobile.android.ui/.Launcher}
V/HeadsetObserver(   96): Headset UEVENT: {SUBSYSTEM=switch, SWITCH_STATE=0, DEVPATH=/devices/virtual/switch/h2w, SEQNUM=2009, ACTION=change, SWITCH_NAME=Headset}
W/Vold    (   63): Ignoring unknown switch 'Headset'
I/ActivityManager(   96): Starting: Intent { flg=0x34840000 cmp=com.teslacoilsw.widgetlocker/.WidgetLocker (has extras) } from pid 438
W/InputManagerService(   96): Window already focused, ignoring focus gain of: com.android.internal.view.IInputMethodClient$Stub$Proxy@408789a8
W/BackupManagerService(   96): dataChanged but no participant pkg='com.android.providers.settings' uid=10059
V/HeadsetObserver(   96): Intent.ACTION_HEADSET_PLUG: state: 0 name: Headset mic: 0
E/ConnectivityService(   96): Attempt to connect to WIFI failed.
D/WifiWatchdogService(   96): (android.server.ServerThread) BTHomeHub2-S9JH (00:21:04:ca:20:52) does not require the watchdog
I/TelephonyRegistry(   96): notifyDataConnection: state=0 isDataConnectivityPossible=true reason=dataDisabled interfaceName=rmnet0 networkType=8
I/TelephonyRegistry(   96): notifyDataConnection: state=0 isDataConnectivityPossible=false reason=apnSwitched interfaceName=null networkType=8
I/TelephonyRegistry(   96): notifyDataConnection: state=1 isDataConnectivityPossible=true reason=apnSwitched interfaceName=null networkType=8
I/TelephonyRegistry(   96): notifyDataConnection: state=2 isDataConnectivityPossible=true reason=apnSwitched interfaceName=rmnet0 networkType=8
V/BackupManagerService(   96): Backup requested but nothing pending
V/BackupManagerService(   96): Backup requested but nothing pending
I/ActivityManager(   96): moveTaskToBack: 4
W/BackupManagerService(   96): dataChanged but no participant pkg='com.android.providers.settings' uid=10059
I/ActivityManager(   96): Starting: Intent { act=android.intent.action.MAIN cat=[android.intent.category.HOME] flg=0x10200000 cmp=com.fede.launcher/.Launcher } from pid 96
W/ActivityManager(   96): Activity pause timeout for HistoryRecord{406ff3b0 com.spotify.mobile.android.ui/.Launcher}
I/ActivityManager(   96): Starting: Intent { flg=0x34840000 cmp=com.teslacoilsw.widgetlocker/.WidgetLocker (has extras) } from pid 438
W/ActivityManager(   96): Activity start request from 10059 stopped
I/ActivityManager(   96): Starting: Intent { flg=0x34840000 cmp=com.teslacoilsw.widgetlocker/.WidgetLocker (has extras) } from pid 438
W/ActivityManager(   96): Activity start request from 10059 stopped
I/ActivityManager(   96): Starting: Intent { flg=0x34840000 cmp=com.teslacoilsw.widgetlocker/.WidgetLocker (has extras) } from pid 438
W/ActivityManager(   96): Activity start request from 10059 stopped
W/InputManagerService(   96): Window already focused, ignoring focus gain of: com.android.internal.view.IInputMethodClient$Stub$Proxy@4095c590
W/BackupManagerService(   96): dataChanged but no participant pkg='com.android.providers.settings' uid=10059
W/Vold    (   63): Ignoring unknown switch 'usb_connected'
D/Vold    (   63): USB connected
D/Vold    (   63): Share method ums now available
I/ActivityManager(   96): Starting: Intent { flg=0x10800000 cmp=com.teslacoilsw.widgetlocker/.LauncherProAnimationKillerActivity } from pid 438
I/ActivityManager(   96): moveTaskToBack: 4
I/StorageNotification(  157): UMS connection changed to true (media state mounted)
W/BackupManagerService(   96): dataChanged but no participant pkg='com.android.providers.settings' uid=10059
W/InputManagerService(   96): Starting input on non-focused client com.android.internal.view.IInputMethodClient$Stub$Proxy@4078fbc0 (uid=10059 pid=438)
D/WifiWatchdogService(   96): (android.server.ServerThread) BTHomeHub2-S9JH (00:21:04:ca:20:52) does not require the watchdog
I/TelephonyRegistry(   96): notifyDataConnection: state=0 isDataConnectivityPossible=true reason=dataDisabled interfaceName=null networkType=8
I/ActivityManager(   96): Force stopping package com.vitruvianinteractive.vitae uid=10077
I/ActivityManager(   96): Force stopping package com.vitruvianinteractive.vitae uid=10077
I/ActivityManager(   96): Start proc com.android.voicedialer for broadcast com.android.voicedialer/.VoiceDialerReceiver: pid=26965 uid=10055 gids={3002}
W/PackageManager(   96): Couldn't remove dex file for package:  at location /data/app/com.vitruvianinteractive.vitae-1.apk, retcode=-1
I/ActivityManager(   96): Start proc com.android.defcontainer for service com.android.defcontainer/.DefaultContainerService: pid=26975 uid=10024 gids={1015, 2001}
I/ActivityManager(   96): No longer want com.socialnmobile.dictapps.notepad.color.note (pid 26447): hidden #16
W/ActivityManager(   96): No content provider found for: 
W/ActivityManager(   96): No content provider found for: 
I/PackageManager(   96): Unpacking native libraries for /data/app/com.vitruvianinteractive.vitae-1.apk
I/ActivityManager(   96): Force stopping package com.vitruvianinteractive.vitae uid=10077
I/ActivityManager(   96): Start proc com.google.android.partnersetup for broadcast com.google.android.partnersetup/.AppInstalledReceiver: pid=26995 uid=10053 gids={}
I/ActivityManager(   96): No longer want com.google.android.apps.maps:NetworkLocationService (pid 26583): hidden #16
I/ActivityManager(   96): Start proc com.svox.pico for broadcast com.svox.pico/.VoiceDataInstallerReceiver: pid=27002 uid=10037 gids={}
W/ActivityManager(   96): Scheduling restart of crashed service com.google.android.apps.maps/com.google.android.location.internal.server.NetworkLocationService in 5000ms
I/ActivityManager(   96): No longer want com.android.server.vpn:remote (pid 26601): hidden #16
W/ActivityManager(   96): Scheduling restart of crashed service com.android.server.vpn/.VpnServiceBinder in 14881ms
I/ActivityManager(   96): Start proc com.google.android.apps.maps:NetworkLocationService for service com.google.android.apps.maps/com.google.android.location.internal.server.NetworkLocationService: pid=27014 uid=10040 gids={3003, 1015}
I/ActivityManager(   96): Starting: Intent { act=android.intent.action.MAIN cat=[android.intent.category.LAUNCHER] flg=0x10200000 cmp=com.vitruvianinteractive.vitae/.NativeActivity } from pid 181
I/ActivityManager(   96): Start proc com.vitruvianinteractive.vitae for activity com.vitruvianinteractive.vitae/.NativeActivity: pid=27028 uid=10077 gids={1015}
I/ActivityManager(   96): Start proc com.android.server.vpn:remote for service com.android.server.vpn/.VpnServiceBinder: pid=27037 uid=1000 gids={3002, 3001, 3003}
I/ActivityManager(   96): Starting: Intent { act=android.intent.action.MAIN cat=[android.intent.category.HOME] flg=0x10200000 cmp=com.fede.launcher/.Launcher } from pid 96
I/ActivityManager(   96): No longer want com.google.android.gallery3d (pid 26757): hidden #16
I/ActivityManager(   96): Starting: Intent { flg=0x34840000 cmp=com.teslacoilsw.widgetlocker/.WidgetLocker (has extras) } from pid 438
I/ActivityManager(   96): Starting: Intent { flg=0x34840000 cmp=com.teslacoilsw.widgetlocker/.WidgetLocker (has extras) } from pid 438
W/BackupManagerService(   96): dataChanged but no participant pkg='com.android.providers.settings' uid=10059
W/BackupManagerService(   96): dataChanged but no participant pkg='com.android.providers.settings' uid=10059
W/BackupManagerService(   96): dataChanged but no participant pkg='com.android.providers.settings' uid=10059
I/ActivityManager(   96): Force stopping package com.vitruvianinteractive.vitae uid=10077
I/ActivityManager(   96):   Force finishing activity HistoryRecord{407bb628 com.vitruvianinteractive.vitae/.NativeActivity}
I/WindowManager(   96): WIN DEATH: Window{40592f40 com.vitruvianinteractive.vitae/com.vitruvianinteractive.vitae.NativeActivity paused=true}
W/BackupManagerService(   96): dataChanged but no participant pkg='com.android.providers.settings' uid=10059
I/ActivityManager(   96): Force stopping package com.vitruvianinteractive.vitae uid=10077
W/BackupManagerService(   96): dataChanged but no participant pkg='com.android.providers.settings' uid=10059
W/BackupManagerService(   96): dataChanged but no participant pkg='com.android.providers.settings' uid=10059
W/BackupManagerService(   96): dataChanged but no participant pkg='com.android.providers.settings' uid=10059
W/ActivityManager(   96): No content provider found for: 
W/ActivityManager(   96): No content provider found for: 
I/PackageManager(   96): Unpacking native libraries for /data/app/com.vitruvianinteractive.vitae-1.apk
I/ActivityManager(   96): Force stopping package com.vitruvianinteractive.vitae uid=10077
W/BackupManagerService(   96): dataChanged but no participant pkg='com.android.providers.settings' uid=10059
W/BackupManagerService(   96): dataChanged but no participant pkg='com.android.providers.settings' uid=10059
I/ActivityManager(   96): Starting: Intent { flg=0x10800000 cmp=com.teslacoilsw.widgetlocker/.LauncherProAnimationKillerActivity } from pid 438
I/ActivityManager(   96): moveTaskToBack: 4
W/BackupManagerService(   96): dataChanged but no participant pkg='com.android.providers.settings' uid=10059
W/InputManagerService(   96): Starting input on non-focused client com.android.internal.view.IInputMethodClient$Stub$Proxy@4078fbc0 (uid=10059 pid=438)
I/ActivityManager(   96): Starting: Intent { act=android.intent.action.MAIN cat=[android.intent.category.LAUNCHER] flg=0x10200000 cmp=com.vitruvianinteractive.vitae/.NativeActivity } from pid 181
I/ActivityManager(   96): Start proc com.vitruvianinteractive.vitae for activity com.vitruvianinteractive.vitae/.NativeActivity: pid=27078 uid=10077 gids={1015}
I/ActivityManager(   96): Starting: Intent { act=android.intent.action.MAIN cat=[android.intent.category.HOME] flg=0x10200000 cmp=com.fede.launcher/.Launcher } from pid 96
I/ActivityManager(   96): Starting: Intent { flg=0x34840000 cmp=com.teslacoilsw.widgetlocker/.WidgetLocker (has extras) } from pid 438
W/ActivityManager(   96): Activity start request from 10059 stopped
I/ActivityManager(   96): Starting: Intent { flg=0x34840000 cmp=com.teslacoilsw.widgetlocker/.WidgetLocker (has extras) } from pid 438
W/ActivityManager(   96): Activity start request from 10059 stopped
I/ActivityManager(   96): Starting: Intent { flg=0x34840000 cmp=com.teslacoilsw.widgetlocker/.WidgetLocker (has extras) } from pid 438
W/ActivityManager(   96): Activity start request from 10059 stopped
W/InputManagerService(   96): Window already focused, ignoring focus gain of: com.android.internal.view.IInputMethodClient$Stub$Proxy@408899e0
W/BackupManagerService(   96): dataChanged but no participant pkg='com.android.providers.settings' uid=10059
I/ActivityManager(   96): Force stopping package com.vitruvianinteractive.vitae uid=10077
I/ActivityManager(   96):   Force finishing activity HistoryRecord{408cb4f8 com.vitruvianinteractive.vitae/.NativeActivity}
I/WindowManager(   96): WIN DEATH: Window{4094b310 com.vitruvianinteractive.vitae/com.vitruvianinteractive.vitae.NativeActivity paused=true}
W/BackupManagerService(   96): dataChanged but no participant pkg='com.android.providers.settings' uid=10059
I/ActivityManager(   96): Force stopping package com.vitruvianinteractive.vitae uid=10077
W/BackupManagerService(   96): dataChanged but no participant pkg='com.android.providers.settings' uid=10059
W/ActivityManager(   96): No content provider found for: 
W/ActivityManager(   96): No content provider found for: 
I/PackageManager(   96): Unpacking native libraries for /data/app/com.vitruvianinteractive.vitae-1.apk
I/ActivityManager(   96): Force stopping package com.vitruvianinteractive.vitae uid=10077
I/ActivityManager(   96): Starting: Intent { flg=0x10800000 cmp=com.teslacoilsw.widgetlocker/.LauncherProAnimationKillerActivity } from pid 438
I/ActivityManager(   96): moveTaskToBack: 4
W/BackupManagerService(   96): dataChanged but no participant pkg='com.android.providers.settings' uid=10059
I/ActivityManager(   96): Starting: Intent { act=android.intent.action.MAIN cat=[android.intent.category.LAUNCHER] flg=0x10200000 cmp=com.vitruvianinteractive.vitae/.VNativeActivity } from pid 181
I/ActivityManager(   96): Start proc com.vitruvianinteractive.vitae for activity com.vitruvianinteractive.vitae/.VNativeActivity: pid=27119 uid=10077 gids={1015}
I/ActivityManager(   96): Starting: Intent { act=android.intent.action.MAIN cat=[android.intent.category.HOME] flg=0x10200000 cmp=com.fede.launcher/.Launcher } from pid 96
I/ActivityManager(   96): Starting: Intent { flg=0x34840000 cmp=com.teslacoilsw.widgetlocker/.WidgetLocker (has extras) } from pid 438
W/ActivityManager(   96): Activity start request from 10059 stopped
I/ActivityManager(   96): Starting: Intent { flg=0x34840000 cmp=com.teslacoilsw.widgetlocker/.WidgetLocker (has extras) } from pid 438
W/ActivityManager(   96): Activity start request from 10059 stopped
I/ActivityManager(   96): Starting: Intent { flg=0x34840000 cmp=com.teslacoilsw.widgetlocker/.WidgetLocker (has extras) } from pid 438
W/ActivityManager(   96): Activity start request from 10059 stopped
W/InputManagerService(   96): Window already focused, ignoring focus gain of: com.android.internal.view.IInputMethodClient$Stub$Proxy@408395b0
W/BackupManagerService(   96): dataChanged but no participant pkg='com.android.providers.settings' uid=10059
I/ActivityManager(   96): Force stopping package com.vitruvianinteractive.vitae uid=10077
I/ActivityManager(   96):   Force finishing activity HistoryRecord{40809d30 com.vitruvianinteractive.vitae/.VNativeActivity}
I/WindowManager(   96): WIN DEATH: Window{40abf960 com.vitruvianinteractive.vitae/com.vitruvianinteractive.vitae.VNativeActivity paused=true}
W/BackupManagerService(   96): dataChanged but no participant pkg='com.android.providers.settings' uid=10059
I/ActivityManager(   96): Force stopping package com.vitruvianinteractive.vitae uid=10077
W/BackupManagerService(   96): dataChanged but no participant pkg='com.android.providers.settings' uid=10059
W/BackupManagerService(   96): dataChanged but no participant pkg='com.android.providers.settings' uid=10059
W/BackupManagerService(   96): dataChanged but no participant pkg='com.android.providers.settings' uid=10059
W/ActivityManager(   96): No content provider found for: 
W/ActivityManager(   96): No content provider found for: 
I/PackageManager(   96): Unpacking native libraries for /data/app/com.vitruvianinteractive.vitae-1.apk
I/ActivityManager(   96): Force stopping package com.vitruvianinteractive.vitae uid=10077
W/BackupManagerService(   96): dataChanged but no participant pkg='com.android.providers.settings' uid=10059
W/BackupManagerService(   96): dataChanged but no participant pkg='com.android.providers.settings' uid=10059
I/ActivityManager(   96): Starting: Intent { flg=0x10800000 cmp=com.teslacoilsw.widgetlocker/.LauncherProAnimationKillerActivity } from pid 438
I/ActivityManager(   96): moveTaskToBack: 4
W/BackupManagerService(   96): dataChanged but no participant pkg='com.android.providers.settings' uid=10059
W/InputManagerService(   96): Starting input on non-focused client com.android.internal.view.IInputMethodClient$Stub$Proxy@4078fbc0 (uid=10059 pid=438)
I/ActivityManager(   96): Starting: Intent { act=android.intent.action.MAIN cat=[android.intent.category.LAUNCHER] flg=0x10200000 cmp=com.vitruvianinteractive.vitae/.VNativeActivity } from pid 181
I/ActivityManager(   96): Start proc com.vitruvianinteractive.vitae for activity com.vitruvianinteractive.vitae/.VNativeActivity: pid=27162 uid=10077 gids={1015}
I/BootReceiver(   96): Copying /data/tombstones/tombstone_09 to DropBox (SYSTEM_TOMBSTONE)
I/ActivityManager(   96): Process com.vitruvianinteractive.vitae (pid 27162) has died.
W/InputManagerService(   96): Window already focused, ignoring focus gain of: com.android.internal.view.IInputMethodClient$Stub$Proxy@40762920
I/ActivityManager(   96): Force stopping package com.vitruvianinteractive.vitae uid=10077
I/ActivityManager(   96): Force stopping package com.vitruvianinteractive.vitae uid=10077
--------- beginning of /dev/log/main
D/Sources (  225): Creating external source for type=com.facebook.auth.login, packageName=com.facebook.katana
D/vending (25834): [54] LocalAssetCache.updateOnePackage(): No local info for com.vitruvianinteractive.vitae
D/dalvikvm(   96): GC_EXPLICIT freed 213K, 40% free 7808K/12999K, external 3929K/4907K, paused 86ms
I/installd(   70): unlink /data/dalvik-cache/data@app@com.vitruvianinteractive.vitae-1.apk@classes.dex
D/AndroidRuntime(27173): Shutting down VM
D/dalvikvm(27173): GC_CONCURRENT freed 99K, 72% free 292K/1024K, external 0K/0K, paused 0ms+0ms
D/jdwp    (27173): adbd disconnected
D/AndroidRuntime(27187): 
D/AndroidRuntime(27187): >>>>>> AndroidRuntime START com.android.internal.os.RuntimeInit <<<<<<
D/AndroidRuntime(27187): CheckJNI is OFF
D/dalvikvm(27187): creating instr width table
D/AndroidRuntime(27187): Calling main entry com.android.commands.pm.Pm
D/dalvikvm(26975): GC_EXPLICIT freed 7K, 50% free 2723K/5379K, external 1625K/2137K, paused 27ms
W/ActivityManager(   96): No content provider found for: 
W/ActivityManager(   96): No content provider found for: 
D/PackageParser(   96): Scanning package: /data/app/vmdl523050483.tmp
I/PackageParser(   96): com.vitruvianinteractive.vitae: compat added android.permission.WRITE_EXTERNAL_STORAGE android.permission.READ_PHONE_STATE
D/PackageManager(   96): Scanning package com.vitruvianinteractive.vitae
I/PackageManager(   96): Unpacking native libraries for /data/app/com.vitruvianinteractive.vitae-1.apk
D/installd(   70): DexInv: --- BEGIN '/data/app/com.vitruvianinteractive.vitae-1.apk' ---
D/dalvikvm(27196): creating instr width table
D/dalvikvm(27196): DexOpt: load 11ms, verify+opt 6ms
D/installd(   70): DexInv: --- END '/data/app/com.vitruvianinteractive.vitae-1.apk' (success) ---
D/PackageManager(   96):   Activities: com.vitruvianinteractive.vitae.VNativeActivity
I/ActivityManager(   96): Force stopping package com.vitruvianinteractive.vitae uid=10077
I/installd(   70): move /data/dalvik-cache/data@app@com.vitruvianinteractive.vitae-1.apk@classes.dex -> /data/dalvik-cache/data@app@com.vitruvianinteractive.vitae-1.apk@classes.dex
D/PackageManager(   96): New package installed in /data/app/com.vitruvianinteractive.vitae-1.apk
D/szipinf (   96): Initializing inflate state
I/VoiceActionsFactory(18593): Applications list changed, recalculating supported actions
D/GTalkService(  204): handlePackageInstalled: re-initialize providers
D/GTalkService(  204): [RawStanzaProvidersMgr] ##### searchProvidersFromIntent
D/VoiceDialerReceiver(26965): onReceive Intent { act=android.intent.action.PACKAGE_ADDED dat=package:com.vitruvianinteractive.vitae flg=0x10000000 cmp=com.android.voicedialer/.VoiceDialerReceiver (has extras) }
V/RecognizerEngine(26965): deleteCachedGrammarFiles /data/data/com.android.voicedialer/files/openentries.txt
D/GTalkService(  204): [RawStanzaProvidersMgr] no intent receivers found
D/Sources (  225): Creating external source for type=com.twitter.android.auth.login, packageName=com.twitter.android
D/Sources (  225): Creating external source for type=com.facebook.auth.login, packageName=com.facebook.katana
D/vending (25834): [56] LocalAssetCache.updateOnePackage(): No local info for com.vitruvianinteractive.vitae
