D/SurfaceFlinger(   96): Screen about to return, flinger = 0x1288d8
D/AK8973  (   73): Compass Start
I/WLBroadcast(  438): VISIBLE atLockScreen:true inInteraction:true
D/MinimalTextUpdateService(  429): Receiving Screen On/Off Message: android.intent.action.SCREEN_ON
D/MinimalTextUpdateService(  429): Checking if widget 17 needs an update
D/MinimalTextUpdateService(  429): Updating widget 17; Change: 4196568, Demand: 183
D/dalvikvm(  429): GetFieldID: unable to find field Ljava/util/HashMap;.loadFactor:F
D/dalvikvm(  429): GetFieldID: unable to find field Ljava/util/HashMap;.loadFactor:F
D/dalvikvm(  429): GetFieldID: unable to find field Ljava/util/HashMap;.loadFactor:F
D/dalvikvm(  429): GetFieldID: unable to find field Ljava/util/HashMap;.loadFactor:F
D/dalvikvm(  429): GetFieldID: unable to find field Ljava/util/HashMap;.loadFactor:F
D/dalvikvm(  429): GetFieldID: unable to find field Ljava/util/HashMap;.loadFactor:F
D/dalvikvm(  429): GetFieldID: unable to find field Ljava/util/HashMap;.loadFactor:F
D/MinimalTextUpdateService(  429): Checking if widget 24 needs an update
D/MinimalTextUpdateService(  429): Updating widget 24; Change: 4196568, Demand: 48
D/dalvikvm(  429): GetFieldID: unable to find field Ljava/util/HashMap;.loadFactor:F
D/dalvikvm(  429): GetFieldID: unable to find field Ljava/util/HashMap;.loadFactor:F
D/dalvikvm(  429): GetFieldID: unable to find field Ljava/util/HashMap;.loadFactor:F
D/dalvikvm(  429): GetFieldID: unable to find field Ljava/util/HashMap;.loadFactor:F
D/dalvikvm(  429): GetFieldID: unable to find field Ljava/util/HashMap;.loadFactor:F
D/dalvikvm(  429): GetFieldID: unable to find field Ljava/util/HashMap;.loadFactor:F
D/dalvikvm(  429): GetFieldID: unable to find field Ljava/util/HashMap;.loadFactor:F
I/ActivityManager(   96): Starting: Intent { flg=0x10800000 cmp=com.teslacoilsw.widgetlocker/.LauncherProAnimationKillerActivity } from pid 438
E/WLBroadcast(  438): UNLOCKED
I/ActivityManager(   96): moveTaskToBack: 4
W/BackupManagerService(   96): dataChanged but no participant pkg='com.android.providers.settings' uid=10059
I/ActivityManager(   96): Displayed com.teslacoilsw.widgetlocker/.LauncherProAnimationKillerActivity: +432ms (total +5m22s176ms)
W/InputManagerService(   96): Starting input on non-focused client com.android.internal.view.IInputMethodClient$Stub$Proxy@4078fbc0 (uid=10059 pid=438)
D/dalvikvm(  181): GC_EXTERNAL_ALLOC freed 237K, 51% free 3271K/6663K, external 6502K/6559K, paused 67ms
I/ActivityManager(   96): Starting: Intent { act=android.intent.action.MAIN cat=[android.intent.category.LAUNCHER] flg=0x10200000 cmp=com.vitruvianinteractive.vitae/.VNativeActivity } from pid 181
I/ActivityManager(   96): Start proc com.vitruvianinteractive.vitae for activity com.vitruvianinteractive.vitae/.VNativeActivity: pid=27328 uid=10077 gids={1015}
I/vitae   (27328): APK path: /data/app/com.vitruvianinteractive.vitae-1.apk
W/dalvikvm(27328): No implementation found for native Lcom/vitruvianinteractive/vitae/VNativeActivity;.jni_setApkPath (Ljava/lang/String;)V
D/AndroidRuntime(27328): Shutting down VM
W/dalvikvm(27328): threadid=1: thread exiting with uncaught exception (group=0x40015560)
E/AndroidRuntime(27328): FATAL EXCEPTION: main
E/AndroidRuntime(27328): java.lang.UnsatisfiedLinkError: jni_setApkPath
E/AndroidRuntime(27328): 	at com.vitruvianinteractive.vitae.VNativeActivity.jni_setApkPath(Native Method)
E/AndroidRuntime(27328): 	at com.vitruvianinteractive.vitae.VNativeActivity.onCreate(VNativeActivity.java:33)
E/AndroidRuntime(27328): 	at android.app.Instrumentation.callActivityOnCreate(Instrumentation.java:1047)
E/AndroidRuntime(27328): 	at android.app.ActivityThread.performLaunchActivity(ActivityThread.java:1611)
E/AndroidRuntime(27328): 	at android.app.ActivityThread.handleLaunchActivity(ActivityThread.java:1663)
E/AndroidRuntime(27328): 	at android.app.ActivityThread.access$1500(ActivityThread.java:117)
E/AndroidRuntime(27328): 	at android.app.ActivityThread$H.handleMessage(ActivityThread.java:931)
E/AndroidRuntime(27328): 	at android.os.Handler.dispatchMessage(Handler.java:99)
E/AndroidRuntime(27328): 	at android.os.Looper.loop(Looper.java:130)
E/AndroidRuntime(27328): 	at android.app.ActivityThread.main(ActivityThread.java:3683)
E/AndroidRuntime(27328): 	at java.lang.reflect.Method.invokeNative(Native Method)
E/AndroidRuntime(27328): 	at java.lang.reflect.Method.invoke(Method.java:507)
E/AndroidRuntime(27328): 	at com.android.internal.os.ZygoteInit$MethodAndArgsCaller.run(ZygoteInit.java:839)
E/AndroidRuntime(27328): 	at com.android.internal.os.ZygoteInit.main(ZygoteInit.java:597)
E/AndroidRuntime(27328): 	at dalvik.system.NativeStart.main(Native Method)
W/ActivityManager(   96):   Force finishing activity com.vitruvianinteractive.vitae/.VNativeActivity
W/ActivityManager(   96): Activity pause timeout for HistoryRecord{408f6f18 com.vitruvianinteractive.vitae/.VNativeActivity}
W/InputManagerService(   96): Window already focused, ignoring focus gain of: com.android.internal.view.IInputMethodClient$Stub$Proxy@40898380
I/Process (27328): Sending signal. PID: 27328 SIG: 9
I/ActivityManager(   96): Process com.vitruvianinteractive.vitae (pid 27328) has died.
D/dalvikvm(  438): GC_EXPLICIT freed 332K, 54% free 3233K/6983K, external 2250K/2735K, paused 63ms
W/ActivityManager(   96): Activity destroy timeout for HistoryRecord{408f6f18 com.vitruvianinteractive.vitae/.VNativeActivity}
D/dalvikvm(27014): GC_EXPLICIT freed 2K, 49% free 3624K/6983K, external 1625K/2137K, paused 65ms
D/dalvikvm(  429): GC_EXPLICIT freed 373K, 60% free 3098K/7559K, external 2584K/2916K, paused 73ms
D/MinimalTextUpdateService(  429): Checking if widget 17 needs an update
D/MinimalTextUpdateService(  429): Updating widget 17; Change: 4194328, Demand: 183
D/dalvikvm(  429): GetFieldID: unable to find field Ljava/util/HashMap;.loadFactor:F
D/dalvikvm(  429): GetFieldID: unable to find field Ljava/util/HashMap;.loadFactor:F
D/dalvikvm(  429): GetFieldID: unable to find field Ljava/util/HashMap;.loadFactor:F
D/dalvikvm(  429): GetFieldID: unable to find field Ljava/util/HashMap;.loadFactor:F
D/dalvikvm(  429): GetFieldID: unable to find field Ljava/util/HashMap;.loadFactor:F
D/dalvikvm(  429): GetFieldID: unable to find field Ljava/util/HashMap;.loadFactor:F
D/dalvikvm(  429): GetFieldID: unable to find field Ljava/util/HashMap;.loadFactor:F
D/MinimalTextUpdateService(  429): Checking if widget 24 needs an update
D/MinimalTextUpdateService(  429): Updating widget 24; Change: 4194328, Demand: 48
D/dalvikvm(  429): GetFieldID: unable to find field Ljava/util/HashMap;.loadFactor:F
D/dalvikvm(  429): GetFieldID: unable to find field Ljava/util/HashMap;.loadFactor:F
D/dalvikvm(  429): GetFieldID: unable to find field Ljava/util/HashMap;.loadFactor:F
D/dalvikvm(  429): GetFieldID: unable to find field Ljava/util/HashMap;.loadFactor:F
D/dalvikvm(  429): GetFieldID: unable to find field Ljava/util/HashMap;.loadFactor:F
D/dalvikvm(  429): GetFieldID: unable to find field Ljava/util/HashMap;.loadFactor:F
D/dalvikvm(  429): GetFieldID: unable to find field Ljava/util/HashMap;.loadFactor:F
D/dalvikvm(  268): GC_EXPLICIT freed 82K, 51% free 2815K/5639K, external 1862K/2137K, paused 59ms
I/power   (   96): *** set_screen_state 0
D/MinimalTextUpdateService(  429): Receiving Screen On/Off Message: android.intent.action.SCREEN_OFF
I/WLBroadcast(  438): LOCKED
W/IInputConnectionWrapper(  181): getExtractedText on inactive InputConnection
I/ActivityManager(   96): Starting: Intent { flg=0x34840000 cmp=com.teslacoilsw.widgetlocker/.WidgetLocker (has extras) } from pid 438
I/WLBroadcast(  438): VISIBLE atLockScreen:true inInteraction:true
W/IInputConnectionWrapper(  438): showStatusIcon on inactive InputConnection
D/SurfaceFlinger(   96): About to give-up screen, flinger = 0x1288d8
I/RealTimeChat(23943): Sending ping to bunch
W/IInputConnectionWrapper(  181): getExtractedText on inactive InputConnection
W/IInputConnectionWrapper(  438): getExtractedText on inactive InputConnection
W/IInputConnectionWrapper(  438): getExtractedText on inactive InputConnection
W/IInputConnectionWrapper(  438): getExtractedText on inactive InputConnection
I/ActivityManager(   96): Starting: Intent { flg=0x34840000 cmp=com.teslacoilsw.widgetlocker/.WidgetLocker (has extras) } from pid 438
W/BackupManagerService(   96): dataChanged but no participant pkg='com.android.providers.settings' uid=10059
I/WLBroadcast(  438): VISIBLE atLockScreen:true inInteraction:true
D/AK8973  (   73): Compass CLOSE 
W/BackupManagerService(   96): dataChanged but no participant pkg='com.android.providers.settings' uid=10059
W/BackupManagerService(   96): dataChanged but no participant pkg='com.android.providers.settings' uid=10059
W/BackupManagerService(   96): dataChanged but no participant pkg='com.android.providers.settings' uid=10059
D/dalvikvm(   96): GC_EXTERNAL_ALLOC freed 767K, 40% free 7901K/12999K, external 6435K/6475K, paused 91ms
W/IInputConnectionWrapper(  438): getExtractedText on inactive InputConnection
W/IInputConnectionWrapper(  438): getExtractedText on inactive InputConnection
W/IInputConnectionWrapper(  438): getExtractedText on inactive InputConnection
W/IInputConnectionWrapper(  438): getExtractedText on inactive InputConnection
I/RealTimeChat(23943): Ping response from backend
D/dalvikvm(26540): GC_EXPLICIT freed 27K, 47% free 3280K/6087K, external 1625K/2137K, paused 31ms
E/AsyncCursor2(26540): not closed in finalizer, exiting thread
E/AsyncCursor2(26540): Cursor disappeared, quitting
D/dalvikvm(  181): GC_EXPLICIT freed 43K, 51% free 3305K/6663K, external 6012K/6578K, paused 67ms
D/MinimalTextUpdateService(  429): The screen is currently off. Skipping update.
D/dalvikvm(  429): GC_EXPLICIT freed 404K, 59% free 3102K/7559K, external 2587K/2916K, paused 78ms
D/AndroidRuntime(27341): 
D/AndroidRuntime(27341): >>>>>> AndroidRuntime START com.android.internal.os.RuntimeInit <<<<<<
D/AndroidRuntime(27341): CheckJNI is OFF
D/dalvikvm(27341): creating instr width table
D/AndroidRuntime(27341): Calling main entry com.android.commands.pm.Pm
I/PackageManager(   96): Removing non-system package:com.vitruvianinteractive.vitae
I/WLBroadcast(  438): VISIBLE atLockScreen:true inInteraction:true
I/ActivityManager(   96): Force stopping package com.vitruvianinteractive.vitae uid=10077
D/PackageManager(   96): Removing package com.vitruvianinteractive.vitae
D/PackageManager(   96):   Activities: com.vitruvianinteractive.vitae.VNativeActivity
W/BackupManagerService(   96): dataChanged but no participant pkg='com.android.providers.settings' uid=10059
I/ActivityManager(   96): Force stopping package com.vitruvianinteractive.vitae uid=10077
D/dalvikvm(   96): GC_EXPLICIT freed 371K, 40% free 7899K/12999K, external 5558K/6940K, paused 87ms
D/dalvikvm(  181): GC_EXPLICIT freed 10K, 51% free 3295K/6663K, external 5434K/6578K, paused 33ms
I/VoiceActionsFactory(18593): Applications list changed, recalculating supported actions
D/VoiceDialerReceiver(26965): onReceive Intent { act=android.intent.action.PACKAGE_REMOVED dat=package:com.vitruvianinteractive.vitae flg=0x10000000 cmp=com.android.voicedialer/.VoiceDialerReceiver (has extras) }
V/RecognizerEngine(26965): deleteCachedGrammarFiles /data/data/com.android.voicedialer/files/openentries.txt
I/WLBroadcast(  438): VISIBLE atLockScreen:true inInteraction:true
D/dalvikvm(  438): GC_EXPLICIT freed 262K, 54% free 3257K/6983K, external 2242K/2735K, paused 37ms
D/szipinf (   96): Initializing inflate state
D/dalvikvm(  225): GC_EXPLICIT freed 349K, 51% free 3668K/7431K, external 3812K/4761K, paused 159ms
W/BackupManagerService(   96): dataChanged but no participant pkg='com.android.providers.settings' uid=10059
D/Sources (  225): Creating external source for type=com.twitter.android.auth.login, packageName=com.twitter.android
D/Sources (  225): Creating external source for type=com.facebook.auth.login, packageName=com.facebook.katana
D/vending (25834): [70] LocalAssetCache.updateOnePackage(): No local info for com.vitruvianinteractive.vitae
D/dalvikvm(   96): GC_EXPLICIT freed 203K, 40% free 7894K/12999K, external 5558K/6940K, paused 91ms
W/BackupManagerService(   96): dataChanged but no participant pkg='com.android.providers.settings' uid=10059
I/installd(   70): unlink /data/dalvik-cache/data@app@com.vitruvianinteractive.vitae-1.apk@classes.dex
D/AndroidRuntime(27341): Shutting down VM
D/dalvikvm(27341): GC_CONCURRENT freed 99K, 72% free 292K/1024K, external 0K/0K, paused 1ms+1ms
D/jdwp    (27341): adbd disconnected
D/KeyguardViewMediator(   96): wakeWhenReadyLocked(26)
I/power   (   96): *** set_screen_state 1
D/SurfaceFlinger(   96): Screen about to return, flinger = 0x1288d8
D/AK8973  (   73): Compass Start
I/WLBroadcast(  438): VISIBLE atLockScreen:true inInteraction:true
D/MinimalTextUpdateService(  429): Receiving Screen On/Off Message: android.intent.action.SCREEN_ON
D/MinimalTextUpdateService(  429): Checking if widget 17 needs an update
D/MinimalTextUpdateService(  429): Updating widget 17; Change: 4194328, Demand: 183
D/dalvikvm(  429): GetFieldID: unable to find field Ljava/util/HashMap;.loadFactor:F
D/dalvikvm(  429): GetFieldID: unable to find field Ljava/util/HashMap;.loadFactor:F
D/dalvikvm(  429): GetFieldID: unable to find field Ljava/util/HashMap;.loadFactor:F
D/dalvikvm(  429): GetFieldID: unable to find field Ljava/util/HashMap;.loadFactor:F
D/dalvikvm(  429): GetFieldID: unable to find field Ljava/util/HashMap;.loadFactor:F
D/dalvikvm(  429): GetFieldID: unable to find field Ljava/util/HashMap;.loadFactor:F
D/dalvikvm(  429): GetFieldID: unable to find field Ljava/util/HashMap;.loadFactor:F
D/MinimalTextUpdateService(  429): Checking if widget 24 needs an update
D/MinimalTextUpdateService(  429): Updating widget 24; Change: 4194328, Demand: 48
D/dalvikvm(  429): GetFieldID: unable to find field Ljava/util/HashMap;.loadFactor:F
D/dalvikvm(  429): GetFieldID: unable to find field Ljava/util/HashMap;.loadFactor:F
D/dalvikvm(  429): GetFieldID: unable to find field Ljava/util/HashMap;.loadFactor:F
D/dalvikvm(  429): GetFieldID: unable to find field Ljava/util/HashMap;.loadFactor:F
D/dalvikvm(  429): GetFieldID: unable to find field Ljava/util/HashMap;.loadFactor:F
D/dalvikvm(  429): GetFieldID: unable to find field Ljava/util/HashMap;.loadFactor:F
D/dalvikvm(  429): GetFieldID: unable to find field Ljava/util/HashMap;.loadFactor:F
D/AndroidRuntime(27355): 
D/AndroidRuntime(27355): >>>>>> AndroidRuntime START com.android.internal.os.RuntimeInit <<<<<<
D/AndroidRuntime(27355): CheckJNI is OFF
D/dalvikvm(27355): creating instr width table
D/AndroidRuntime(27355): Calling main entry com.android.commands.pm.Pm
D/dalvikvm(26975): GC_EXPLICIT freed 13K, 50% free 2725K/5379K, external 1625K/2137K, paused 34ms
W/ActivityManager(   96): No content provider found for: 
D/PackageParser(   96): Scanning package: /data/app/vmdl-1894557243.tmp
W/ActivityManager(   96): No content provider found for: 
I/PackageParser(   96): com.vitruvianinteractive.vitae: compat added android.permission.WRITE_EXTERNAL_STORAGE android.permission.READ_PHONE_STATE
D/PackageManager(   96): Scanning package com.vitruvianinteractive.vitae
I/PackageManager(   96): Unpacking native libraries for /data/app/com.vitruvianinteractive.vitae-1.apk
I/ActivityManager(   96): Starting: Intent { flg=0x10800000 cmp=com.teslacoilsw.widgetlocker/.LauncherProAnimationKillerActivity } from pid 438
I/ActivityManager(   96): moveTaskToBack: 4
E/WLBroadcast(  438): UNLOCKED
W/BackupManagerService(   96): dataChanged but no participant pkg='com.android.providers.settings' uid=10059
I/ActivityManager(   96): Displayed com.teslacoilsw.widgetlocker/.LauncherProAnimationKillerActivity: +127ms (total +1m37s123ms)
D/installd(   70): DexInv: --- BEGIN '/data/app/com.vitruvianinteractive.vitae-1.apk' ---
D/dalvikvm(27365): creating instr width table
D/dalvikvm(27365): DexOpt: load 6ms, verify+opt 3ms
D/installd(   70): DexInv: --- END '/data/app/com.vitruvianinteractive.vitae-1.apk' (success) ---
D/PackageManager(   96):   Activities: com.vitruvianinteractive.vitae.VNativeActivity
I/ActivityManager(   96): Force stopping package com.vitruvianinteractive.vitae uid=10077
I/installd(   70): move /data/dalvik-cache/data@app@com.vitruvianinteractive.vitae-1.apk@classes.dex -> /data/dalvik-cache/data@app@com.vitruvianinteractive.vitae-1.apk@classes.dex
D/PackageManager(   96): New package installed in /data/app/com.vitruvianinteractive.vitae-1.apk
D/SettingsProvider(   96): external modification to /data/data/com.android.providers.settings/databases/settings.db; event=2
D/SettingsProvider(   96): updating our caches for /data/data/com.android.providers.settings/databases/settings.db
D/SettingsProvider(   96): cache for settings table 'secure' rows=44; fullycached=true
D/SettingsProvider(   96): cache for settings table 'system' rows=57; fullycached=true
I/VoiceActionsFactory(18593): Applications list changed, recalculating supported actions
D/szipinf (   96): Initializing inflate state
D/GTalkService(  204): handlePackageInstalled: re-initialize providers
D/GTalkService(  204): [RawStanzaProvidersMgr] ##### searchProvidersFromIntent
D/GTalkService(  204): [RawStanzaProvidersMgr] no intent receivers found
D/VoiceDialerReceiver(26965): onReceive Intent { act=android.intent.action.PACKAGE_ADDED dat=package:com.vitruvianinteractive.vitae flg=0x10000000 cmp=com.android.voicedialer/.VoiceDialerReceiver (has extras) }
V/RecognizerEngine(26965): deleteCachedGrammarFiles /data/data/com.android.voicedialer/files/openentries.txt
D/Sources (  225): Creating external source for type=com.twitter.android.auth.login, packageName=com.twitter.android
D/Sources (  225): Creating external source for type=com.facebook.auth.login, packageName=com.facebook.katana
D/dalvikvm(   96): GC_EXPLICIT freed 1340K, 39% free 7961K/12999K, external 5924K/6940K, paused 109ms
D/AndroidRuntime(27355): Shutting down VM
D/dalvikvm(27355): GC_CONCURRENT freed 100K, 72% free 294K/1024K, external 0K/0K, paused 1ms+0ms
D/jdwp    (27355): adbd disconnected
D/vending (25834): [72] LocalAssetCache.updateOnePackage(): No local info for com.vitruvianinteractive.vitae
D/dalvikvm(  181): GC_EXTERNAL_ALLOC freed 181K, 51% free 3317K/6663K, external 6512K/6578K, paused 64ms
I/ActivityManager(   96): Starting: Intent { act=android.intent.action.MAIN cat=[android.intent.category.LAUNCHER] flg=0x10200000 cmp=com.vitruvianinteractive.vitae/.VNativeActivity } from pid 181
I/ActivityManager(   96): Start proc com.vitruvianinteractive.vitae for activity com.vitruvianinteractive.vitae/.VNativeActivity: pid=27371 uid=10077 gids={1015}
I/vitae   (27371): APK path: /data/app/com.vitruvianinteractive.vitae-1.apk
W/dalvikvm(27371): No implementation found for native Lcom/vitruvianinteractive/vitae/VNativeActivity;.jni_setApkPath (Ljava/lang/String;)V
D/AndroidRuntime(27371): Shutting down VM
W/dalvikvm(27371): threadid=1: thread exiting with uncaught exception (group=0x40015560)
E/AndroidRuntime(27371): FATAL EXCEPTION: main
E/AndroidRuntime(27371): java.lang.UnsatisfiedLinkError: jni_setApkPath
E/AndroidRuntime(27371): 	at com.vitruvianinteractive.vitae.VNativeActivity.jni_setApkPath(Native Method)
E/AndroidRuntime(27371): 	at com.vitruvianinteractive.vitae.VNativeActivity.onCreate(VNativeActivity.java:33)
E/AndroidRuntime(27371): 	at android.app.Instrumentation.callActivityOnCreate(Instrumentation.java:1047)
E/AndroidRuntime(27371): 	at android.app.ActivityThread.performLaunchActivity(ActivityThread.java:1611)
E/AndroidRuntime(27371): 	at android.app.ActivityThread.handleLaunchActivity(ActivityThread.java:1663)
E/AndroidRuntime(27371): 	at android.app.ActivityThread.access$1500(ActivityThread.java:117)
E/AndroidRuntime(27371): 	at android.app.ActivityThread$H.handleMessage(ActivityThread.java:931)
E/AndroidRuntime(27371): 	at android.os.Handler.dispatchMessage(Handler.java:99)
E/AndroidRuntime(27371): 	at android.os.Looper.loop(Looper.java:130)
E/AndroidRuntime(27371): 	at android.app.ActivityThread.main(ActivityThread.java:3683)
E/AndroidRuntime(27371): 	at java.lang.reflect.Method.invokeNative(Native Method)
E/AndroidRuntime(27371): 	at java.lang.reflect.Method.invoke(Method.java:507)
E/AndroidRuntime(27371): 	at com.android.internal.os.ZygoteInit$MethodAndArgsCaller.run(ZygoteInit.java:839)
E/AndroidRuntime(27371): 	at com.android.internal.os.ZygoteInit.main(ZygoteInit.java:597)
E/AndroidRuntime(27371): 	at dalvik.system.NativeStart.main(Native Method)
W/ActivityManager(   96):   Force finishing activity com.vitruvianinteractive.vitae/.VNativeActivity
W/ActivityManager(   96): Activity pause timeout for HistoryRecord{40774390 com.vitruvianinteractive.vitae/.VNativeActivity}
I/ActivityManager(   96): No longer want com.google.android.music (pid 26540): hidden #16
W/ActivityManager(   96): Scheduling restart of crashed service com.google.android.music/com.android.music.dl.DownloadManager$DownloadManagerService in 5000ms
I/Process (27371): Sending signal. PID: 27371 SIG: 9
W/InputManagerService(   96): Window already focused, ignoring focus gain of: com.android.internal.view.IInputMethodClient$Stub$Proxy@4071c778
I/ActivityManager(   96): Process com.vitruvianinteractive.vitae (pid 27371) has died.
I/ActivityManager(   96): Start proc com.google.android.music for service com.google.android.music/com.android.music.dl.DownloadManager$DownloadManagerService: pid=27380 uid=10054 gids={3003, 1015}
I/ActivityThread(27380): Pub com.google.android.music.MusicContent: com.android.music.store.MusicContentProvider
D/dalvikvm(26965): GC_EXPLICIT freed 20K, 50% free 2717K/5379K, external 1625K/2137K, paused 61ms
I/MusicStore(27380): Database version: 31
W/AndroidMusic(27380): Need to wait for MusicPreferences to be created
W/AndroidMusic(27380): MusicPreferences still not made, creating on UI thread
D/MusicPreferences(27380): New Active account: null
I/AsyncCursor1:1(27380): Initialized for content://com.google.android.music.MusicContent/playlists, proj:_id#name, sel: 'null', args: null, order: null
D/MusicContentProvider(27380): Running Query: content://com.google.android.music.MusicContent/playlists projection  : count(*) selection   : null select args :  sort order  : null
I/NetworkMonitor(27380): Network Type: 1 isConnected: true
I/KeepOnScheduler(27380): Predictive scheduler turned on
I/MusicDL (27380): Creating a new DownloadExecutor (was originally null)
I/MusicDL (27380): DownloadManager binded via: Intent { cmp=com.google.android.music/com.android.music.dl.DownloadManager$DownloadManagerService }
D/MusicStore(27380): Database opened
D/SyncManager(   96): setSyncAutomatically: , provider com.google.android.music.MusicContent -> false
D/SyncManager(   96): setSyncAutomatically: already set to false, doing nothing
D/SyncManager(   96): setIsSyncable: Account {name=nickedwardpollard@gmail.com, type=com.google}, provider com.google.android.music.MusicContent -> 0
D/SyncManager(   96): setIsSyncable: already set to 0, doing nothing
D/MusicContentProvider(27380): Running Query: content://com.google.android.music.MusicContent/playlists?limit=0%2C2000 projection  : _id#name selection   : null select args :  sort order  : LISTS.Name COLLATE UNICODE ASC
