I/threaded_app( 7172): New input event: type=2
I/threaded_app( 7172): New input event: type=2
I/ActivityManager(   96): Start proc com.facebook.katana for service com.facebook.katana/.service.FacebookService: pid=7182 uid=10011 gids={3003, 1015}
I/native-activity( 7172): accelerometer: x=1.116868 y=8.730643 z=3.214402
I/threaded_app( 7172): New input event: type=2
I/threaded_app( 7172): New input event: type=2
I/threaded_app( 7172): New input event: type=2
I/native-activity( 7172): accelerometer: x=1.307553 y=8.308413 z=3.595772
I/threaded_app( 7172): New input event: type=2
I/threaded_app( 7172): New input event: type=2
I/threaded_app( 7172): New input event: type=2
I/native-activity( 7172): accelerometer: x=0.994285 y=8.962189 z=4.058864
I/threaded_app( 7172): New input event: type=2
I/threaded_app( 7172): New input event: type=2
I/threaded_app( 7172): New input event: type=2
I/native-activity( 7172): accelerometer: x=0.463092 y=9.112013 z=2.792171
I/ActivityThread( 7182): Pub com.facebook.katana.provider.LoggingProvider: com.facebook.katana.provider.LoggingProvider
I/threaded_app( 7172): New input event: type=2
I/threaded_app( 7172): New input event: type=2
I/threaded_app( 7172): New input event: type=2
I/ActivityThread( 7182): Pub com.facebook.katana.provider.NotificationsProvider: com.facebook.katana.provider.NotificationsProvider
I/native-activity( 7172): accelerometer: x=0.572055 y=9.193735 z=4.099725
I/threaded_app( 7172): New input event: type=2
I/ActivityThread( 7182): Pub com.facebook.katana.provider.KeyValueProvider: com.facebook.katana.provider.KeyValueProvider
I/ActivityThread( 7182): Pub com.facebook.katana.provider.ChatHistoryProvider: com.facebook.katana.provider.ChatHistoryProvider
I/ActivityThread( 7182): Pub com.facebook.katana.provider.CacheProvider: com.facebook.katana.provider.CacheProvider
I/ActivityThread( 7182): Pub com.facebook.katana.provider.UserValuesProvider: com.facebook.katana.provider.UserValuesProvider
I/ActivityThread( 7182): Pub com.facebook.katana.provider.PagesProvider: com.facebook.katana.provider.PagesProvider
I/ActivityThread( 7182): Pub com.facebook.katana.provider.MailboxProvider: com.facebook.katana.provider.MailboxProvider
I/ActivityThread( 7182): Pub com.facebook.katana.provider.UserStatusesProvider: com.facebook.katana.provider.UserStatusesProvider
I/ActivityThread( 7182): Pub com.facebook.katana.provider.PhotosProvider: com.facebook.katana.provider.PhotosProvider
I/ActivityThread( 7182): Pub com.facebook.katana.provider.EventsProvider: com.facebook.katana.provider.EventsProvider
I/ActivityThread( 7182): Pub com.facebook.katana.provider.ConnectionsProvider: com.facebook.katana.provider.ConnectionsProvider
I/threaded_app( 7172): New input event: type=2
I/threaded_app( 7172): New input event: type=2
I/native-activity( 7172): accelerometer: x=0.721878 y=8.894087 z=3.445948
D/ACRA    ( 7182): Retrieve application default SharedPreferences.
D/ACRA    ( 7182): Set OnSharedPreferenceChangeListener.
I/threaded_app( 7172): New input event: type=2
D/ACRA    ( 7182): ACRA is enabled for com.facebook.katana, intializing...
I/threaded_app( 7172): New input event: type=2
D/ACRA    ( 7182): Looking for error files in /data/data/com.facebook.katana/files
I/threaded_app( 7172): New input event: type=2
I/native-activity( 7172): accelerometer: x=1.035146 y=8.580819 z=3.677494
I/threaded_app( 7172): New input event: type=2
I/threaded_app( 7172): New input event: type=2
I/threaded_app( 7172): New input event: type=2
I/native-activity( 7172): accelerometer: x=0.762739 y=8.853226 z=3.214402
I/threaded_app( 7172): New input event: type=2
I/threaded_app( 7172): New input event: type=2
I/threaded_app( 7172): New input event: type=2
I/native-activity( 7172): accelerometer: x=1.076007 y=9.003050 z=3.568531
I/threaded_app( 7172): New input event: type=2
I/threaded_app( 7172): New input event: type=2
I/threaded_app( 7172): New input event: type=2
I/native-activity( 7172): accelerometer: x=1.266692 y=8.281172 z=4.018003
I/threaded_app( 7172): New input event: type=2
I/threaded_app( 7172): New input event: type=2
I/threaded_app( 7172): New input event: type=2
I/native-activity( 7172): accelerometer: x=0.531194 y=9.384419 z=2.833032
I/threaded_app( 7172): New input event: type=2
I/threaded_app( 7172): New input event: type=2
I/threaded_app( 7172): New input event: type=2
I/native-activity( 7172): accelerometer: x=1.035146 y=8.812365 z=3.786457
I/threaded_app( 7172): New input event: type=2
I/threaded_app( 7172): New input event: type=2
I/threaded_app( 7172): New input event: type=2
I/threaded_app( 7172): New input event: type=2
I/native-activity( 7172): accelerometer: x=0.844462 y=8.730643 z=3.405087
I/threaded_app( 7172): New input event: type=2
I/threaded_app( 7172): New input event: type=2
I/native-activity( 7172): accelerometer: x=0.762739 y=8.853226 z=3.786457
I/threaded_app( 7172): New input event: type=2
I/threaded_app( 7172): New input event: type=2
I/threaded_app( 7172): New input event: type=2
I/threaded_app( 7172): New input event: type=2
I/native-activity( 7172): accelerometer: x=1.225831 y=8.689782 z=3.377846
I/threaded_app( 7172): New input event: type=2
I/threaded_app( 7172): New input event: type=2
I/threaded_app( 7172): New input event: type=2
I/threaded_app( 7172): New input event: type=2
I/native-activity( 7172): accelerometer: x=0.694638 y=8.853226 z=3.568531
I/threaded_app( 7172): New input event: type=2
I/threaded_app( 7172): New input event: type=2
I/threaded_app( 7172): New input event: type=2
I/native-activity( 7172): accelerometer: x=1.307553 y=9.152874 z=3.336985
I/threaded_app( 7172): New input event: type=2
I/threaded_app( 7172): New input event: type=2
I/threaded_app( 7172): New input event: type=2
I/native-activity( 7172): accelerometer: x=0.803600 y=8.158588 z=3.445948
I/threaded_app( 7172): New input event: type=2
I/threaded_app( 7172): New input event: type=2
I/threaded_app( 7172): New input event: type=2
I/native-activity( 7172): accelerometer: x=0.503953 y=9.302697 z=3.105439
I/threaded_app( 7172): New input event: type=2
I/threaded_app( 7172): New input event: type=2
I/threaded_app( 7172): New input event: type=2
I/native-activity( 7172): accelerometer: x=0.803600 y=8.430995 z=4.058864
I/threaded_app( 7172): New input event: type=2
I/threaded_app( 7172): New input event: type=2
I/threaded_app( 7172): New input event: type=2
I/native-activity( 7172): accelerometer: x=0.694638 y=9.084772 z=3.173541
I/threaded_app( 7172): New input event: type=2
I/threaded_app( 7172): New input event: type=2
I/threaded_app( 7172): New input event: type=2
I/native-activity( 7172): accelerometer: x=0.572055 y=8.853226 z=3.336985
I/threaded_app( 7172): New input event: type=2
I/threaded_app( 7172): New input event: type=2
I/native-activity( 7172): accelerometer: x=1.116868 y=8.580819 z=3.636633
I/threaded_app( 7172): New input event: type=2
I/threaded_app( 7172): New input event: type=2
I/threaded_app( 7172): New input event: type=2
I/threaded_app( 7172): New input event: type=2
I/native-activity( 7172): accelerometer: x=0.572055 y=9.043911 z=3.146300
I/threaded_app( 7172): New input event: type=2
I/threaded_app( 7172): New input event: type=2
I/threaded_app( 7172): New input event: type=2
I/native-activity( 7172): accelerometer: x=0.653777 y=9.003050 z=3.486809
I/threaded_app( 7172): New input event: type=2
I/threaded_app( 7172): New input event: type=2
I/threaded_app( 7172): New input event: type=2
I/threaded_app( 7172): New input event: type=2
I/native-activity( 7172): accelerometer: x=0.612916 y=9.084772 z=3.759216
I/threaded_app( 7172): New input event: type=2
I/threaded_app( 7172): New input event: type=2
I/threaded_app( 7172): New input event: type=2
I/native-activity( 7172): accelerometer: x=0.653777 y=8.771504 z=3.677494
I/threaded_app( 7172): New input event: type=2
I/threaded_app( 7172): New input event: type=2
I/threaded_app( 7172): New input event: type=2
I/native-activity( 7172): accelerometer: x=1.116868 y=8.580819 z=3.445948
I/threaded_app( 7172): New input event: type=2
I/dalvikvm( 7182): Total arena pages for JIT: 11
I/threaded_app( 7172): New input event: type=2
I/threaded_app( 7172): New input event: type=2
I/native-activity( 7172): accelerometer: x=0.721878 y=8.894087 z=3.718355
I/threaded_app( 7172): New input event: type=2
I/threaded_app( 7172): New input event: type=2
I/native-activity( 7172): accelerometer: x=1.225831 y=8.621680 z=3.909040
I/threaded_app( 7172): New input event: type=2
I/threaded_app( 7172): New input event: type=2
I/threaded_app( 7172): New input event: type=2
I/native-activity( 7172): accelerometer: x=0.463092 y=8.853226 z=3.636633
I/threaded_app( 7172): New input event: type=2
I/threaded_app( 7172): New input event: type=2
I/threaded_app( 7172): New input event: type=2
I/native-activity( 7172): accelerometer: x=0.612916 y=8.771504 z=3.595772
I/threaded_app( 7172): New input event: type=2
I/threaded_app( 7172): New input event: type=2
I/threaded_app( 7172): New input event: type=2
I/native-activity( 7172): accelerometer: x=0.503953 y=8.894087 z=3.786457
I/threaded_app( 7172): New input event: type=2
I/threaded_app( 7172): New input event: type=2
I/threaded_app( 7172): New input event: type=2
I/native-activity( 7172): accelerometer: x=0.653777 y=8.853226 z=3.486809
I/threaded_app( 7172): New input event: type=2
I/threaded_app( 7172): New input event: type=2
I/threaded_app( 7172): New input event: type=2
D/dalvikvm( 7182): GC_CONCURRENT freed 770K, 48% free 3511K/6727K, external 1630K/2137K, paused 6ms+4ms
I/native-activity( 7172): accelerometer: x=0.612916 y=8.812365 z=3.595772
I/threaded_app( 7172): New input event: type=2
I/threaded_app( 7172): New input event: type=2
I/native-activity( 7172): accelerometer: x=0.694638 y=8.853226 z=3.595772
I/threaded_app( 7172): New input event: type=2
I/threaded_app( 7172): New input event: type=2
I/threaded_app( 7172): New input event: type=2
I/threaded_app( 7172): New input event: type=2
I/native-activity( 7172): accelerometer: x=0.803600 y=8.812365 z=3.486809
I/threaded_app( 7172): New input event: type=2
I/threaded_app( 7172): New input event: type=2
I/threaded_app( 7172): New input event: type=2
I/native-activity( 7172): accelerometer: x=0.885323 y=8.771504 z=3.868179
I/threaded_app( 7172): New input event: type=2
I/threaded_app( 7172): New input event: type=2
I/native-activity( 7172): accelerometer: x=0.190685 y=8.853226 z=3.445948
I/threaded_app( 7172): New input event: type=2
I/threaded_app( 7172): New input event: type=2
I/threaded_app( 7172): New input event: type=2
I/native-activity( 7172): accelerometer: x=0.926184 y=9.003050 z=3.296124
I/threaded_app( 7172): New input event: type=2
I/threaded_app( 7172): New input event: type=2
I/threaded_app( 7172): New input event: type=2
I/native-activity( 7172): accelerometer: x=0.272407 y=8.812365 z=3.595772
I/threaded_app( 7172): New input event: type=2
I/threaded_app( 7172): New input event: type=2
I/threaded_app( 7172): New input event: type=2
I/native-activity( 7172): accelerometer: x=1.076007 y=8.853226 z=3.786457
I/threaded_app( 7172): New input event: type=2
I/threaded_app( 7172): New input event: type=2
I/threaded_app( 7172): New input event: type=2
I/native-activity( 7172): accelerometer: x=0.926184 y=8.921328 z=3.636633
I/threaded_app( 7172): New input event: type=2
I/threaded_app( 7172): New input event: type=2
I/native-activity( 7172): accelerometer: x=0.531194 y=8.771504 z=3.909040
I/threaded_app( 7172): New input event: type=2
I/threaded_app( 7172): New input event: type=2
I/threaded_app( 7172): New input event: type=2
I/native-activity( 7172): accelerometer: x=0.531194 y=8.771504 z=3.527670
I/threaded_app( 7172): New input event: type=2
I/threaded_app( 7172): New input event: type=2
I/native-activity( 7172): accelerometer: x=0.694638 y=8.812365 z=3.445948
I/threaded_app( 7172): New input event: type=2
I/threaded_app( 7172): New input event: type=2
I/threaded_app( 7172): New input event: type=2
D/dalvikvm( 7182): GC_CONCURRENT freed 751K, 48% free 3507K/6727K, external 1625K/2137K, paused 3ms+9ms
I/threaded_app( 7172): New input event: type=2
I/native-activity( 7172): accelerometer: x=0.803600 y=8.771504 z=3.486809
I/threaded_app( 7172): New input event: type=2
I/threaded_app( 7172): New input event: type=2
I/native-activity( 7172): accelerometer: x=0.926184 y=8.662541 z=3.595772
I/threaded_app( 7172): New input event: type=2
I/threaded_app( 7172): New input event: type=2
I/threaded_app( 7172): New input event: type=2
I/native-activity( 7172): accelerometer: x=0.503953 y=9.003050 z=3.718355
I/threaded_app( 7172): New input event: type=2
I/threaded_app( 7172): New input event: type=2
I/threaded_app( 7172): New input event: type=2
I/native-activity( 7172): accelerometer: x=1.184970 y=8.812365 z=3.173541
I/threaded_app( 7172): New input event: type=2
I/threaded_app( 7172): New input event: type=2
I/threaded_app( 7172): New input event: type=2
D/dalvikvm(  438): GC_EXPLICIT freed 313K, 52% free 3291K/6855K, external 2251K/2728K, paused 75ms
I/native-activity( 7172): accelerometer: x=0.994285 y=8.771504 z=3.568531
I/threaded_app( 7172): New input event: type=2
I/threaded_app( 7172): New input event: type=2
I/threaded_app( 7172): New input event: type=2
I/native-activity( 7172): accelerometer: x=0.381370 y=8.921328 z=3.377846
I/threaded_app( 7172): New input event: type=2
I/threaded_app( 7172): New input event: type=2
I/threaded_app( 7172): New input event: type=2
I/native-activity( 7172): accelerometer: x=1.334794 y=9.003050 z=3.486809
I/threaded_app( 7172): New input event: type=2
I/threaded_app( 7172): New input event: type=2
I/threaded_app( 7172): New input event: type=2
I/native-activity( 7172): accelerometer: x=1.035146 y=8.730643 z=3.759216
I/threaded_app( 7172): New input event: type=2
I/threaded_app( 7172): New input event: type=2
I/threaded_app( 7172): New input event: type=2
I/native-activity( 7172): accelerometer: x=0.762739 y=8.662541 z=3.759216
I/threaded_app( 7172): New input event: type=2
I/threaded_app( 7172): New input event: type=2
I/native-activity( 7172): accelerometer: x=0.885323 y=8.771504 z=3.445948
I/threaded_app( 7172): New input event: type=2
I/threaded_app( 7172): New input event: type=2
I/native-activity( 7172): accelerometer: x=0.953424 y=8.853226 z=3.595772
I/threaded_app( 7172): New input event: type=2
I/threaded_app( 7172): New input event: type=2
I/threaded_app( 7172): New input event: type=2
I/native-activity( 7172): accelerometer: x=0.926184 y=8.771504 z=3.595772
I/threaded_app( 7172): New input event: type=2
D/dalvikvm( 7182): GC_CONCURRENT freed 746K, 48% free 3512K/6727K, external 1625K/2137K, paused 2ms+4ms
I/threaded_app( 7172): New input event: type=2
I/threaded_app( 7172): New input event: type=2
I/threaded_app( 7172): New input event: type=2
I/native-activity( 7172): accelerometer: x=0.926184 y=8.662541 z=3.486809
I/threaded_app( 7172): New input event: type=2
I/threaded_app( 7172): New input event: type=2
I/threaded_app( 7172): New input event: type=2
I/native-activity( 7172): accelerometer: x=0.885323 y=8.771504 z=3.759216
I/threaded_app( 7172): New input event: type=2
I/threaded_app( 7172): New input event: type=2
I/threaded_app( 7172): New input event: type=2
I/native-activity( 7172): accelerometer: x=0.994285 y=8.689782 z=3.486809
I/threaded_app( 7172): New input event: type=2
I/threaded_app( 7172): New input event: type=2
I/threaded_app( 7172): New input event: type=2
I/native-activity( 7172): accelerometer: x=1.076007 y=8.771504 z=3.677494
I/threaded_app( 7172): New input event: type=2
I/threaded_app( 7172): New input event: type=2
I/threaded_app( 7172): New input event: type=2
I/native-activity( 7172): accelerometer: x=0.953424 y=8.730643 z=3.677494
I/threaded_app( 7172): New input event: type=2
I/threaded_app( 7172): New input event: type=2
I/threaded_app( 7172): New input event: type=2
I/native-activity( 7172): accelerometer: x=0.953424 y=8.730643 z=3.759216
I/threaded_app( 7172): New input event: type=2
I/threaded_app( 7172): New input event: type=2
I/threaded_app( 7172): New input event: type=2
I/native-activity( 7172): accelerometer: x=0.653777 y=8.853226 z=3.677494
I/native-activity( 7172): accelerometer: x=0.694638 y=8.812365 z=3.868179
I/native-activity( 7172): accelerometer: x=0.844462 y=8.812365 z=3.759216
D/dalvikvm( 7182): GC_CONCURRENT freed 764K, 48% free 3508K/6727K, external 1625K/2137K, paused 3ms+3ms
I/native-activity( 7172): accelerometer: x=0.803600 y=8.621680 z=3.868179
I/native-activity( 7172): accelerometer: x=0.762739 y=8.539958 z=3.759216
I/native-activity( 7172): accelerometer: x=0.572055 y=8.689782 z=4.018003
I/native-activity( 7172): accelerometer: x=0.721878 y=8.730643 z=3.868179
I/native-activity( 7172): accelerometer: x=0.694638 y=8.689782 z=3.868179
I/native-activity( 7172): accelerometer: x=0.653777 y=8.662541 z=3.949901
D/dalvikvm( 7182): GC_CONCURRENT freed 716K, 48% free 3543K/6727K, external 1625K/2137K, paused 4ms+3ms
I/native-activity( 7172): accelerometer: x=0.612916 y=8.730643 z=3.868179
I/native-activity( 7172): accelerometer: x=0.531194 y=8.662541 z=3.949901
I/native-activity( 7172): accelerometer: x=0.653777 y=8.580819 z=3.909040
I/native-activity( 7172): accelerometer: x=0.531194 y=8.621680 z=3.990762
I/native-activity( 7172): accelerometer: x=0.844462 y=8.662541 z=3.827318
I/native-activity( 7172): accelerometer: x=0.340509 y=8.771504 z=4.208687
D/dalvikvm( 7182): GC_CONCURRENT freed 723K, 48% free 3559K/6727K, external 1625K/2137K, paused 5ms+5ms
I/native-activity( 7172): accelerometer: x=0.612916 y=8.580819 z=3.786457
I/native-activity( 7172): accelerometer: x=0.381370 y=8.812365 z=4.140586
I/native-activity( 7172): accelerometer: x=0.340509 y=8.662541 z=3.949901
I/native-activity( 7172): accelerometer: x=0.272407 y=8.662541 z=4.372132
I/native-activity( 7172): accelerometer: x=0.313268 y=8.349273 z=4.603678
I/native-activity( 7172): accelerometer: x=0.803600 y=8.349273 z=4.331271
I/native-activity( 7172): accelerometer: x=0.572055 y=8.349273 z=4.290410
I/native-activity( 7172): accelerometer: x=0.149824 y=8.281172 z=4.753501
I/native-activity( 7172): accelerometer: x=0.313268 y=8.349273 z=4.440233
I/native-activity( 7172): accelerometer: x=0.190685 y=8.349273 z=4.521955
I/native-activity( 7172): accelerometer: x=0.313268 y=8.349273 z=4.603678
I/native-activity( 7172): accelerometer: x=0.190685 y=8.390134 z=4.671779
I/native-activity( 7172): accelerometer: x=0.190685 y=8.308413 z=4.671779
I/native-activity( 7172): accelerometer: x=0.108963 y=8.308413 z=4.603678
I/native-activity( 7172): accelerometer: x=0.108963 y=8.430995 z=4.753501
I/native-activity( 7172): accelerometer: x=0.190685 y=8.199450 z=4.440233
I/ActivityManager(   96): Starting: Intent { act=android.intent.action.MAIN cat=[android.intent.category.HOME] flg=0x10200000 cmp=com.fede.launcher/.Launcher } from pid 96
I/threaded_app( 7172): SaveInstanceState: 0x2a1480
I/threaded_app( 7172): APP_CMD_SAVE_STATE
I/threaded_app( 7172): Pause: 0x2a1480
I/threaded_app( 7172): activityState=13
I/native-activity( 7172): accelerometer: x=0.272407 y=8.430995 z=4.249548
I/native-activity( 7172): accelerometer: x=0.231546 y=8.471856 z=4.630918
I/threaded_app( 7172): WindowFocusChanged: 0x2a1480 -- 0
I/threaded_app( 7172): NativeWindowDestroyed: 0x2a1480 -- 0x2a8cd8
I/native-activity( 7172): accelerometer: x=0.108963 y=8.349273 z=4.630918
I/threaded_app( 7172): APP_CMD_TERM_WINDOW
I/threaded_app( 7172): APP_CMD_TERM_WINDOW
D/dalvikvm( 7182): GC_CONCURRENT freed 655K, 47% free 3647K/6791K, external 1625K/2137K, paused 3ms+3ms
I/threaded_app( 7172): Stop: 0x2a1480
I/threaded_app( 7172): activityState=14
I/power   (   96): *** set_screen_state 0
D/MinimalTextUpdateService(  429): Receiving Screen On/Off Message: android.intent.action.SCREEN_OFF
W/IInputConnectionWrapper(  181): getExtractedText on inactive InputConnection
W/IInputConnectionWrapper(  438): showStatusIcon on inactive InputConnection
W/IInputConnectionWrapper(  438): getExtractedText on inactive InputConnection
I/WLBroadcast(  438): LOCKED
D/SurfaceFlinger(   96): About to give-up screen, flinger = 0x1288d8
W/IInputConnectionWrapper(  438): getExtractedText on inactive InputConnection
W/IInputConnectionWrapper(  438): getExtractedText on inactive InputConnection
I/ActivityManager(   96): Starting: Intent { flg=0x34840000 cmp=com.teslacoilsw.widgetlocker/.WidgetLocker (has extras) } from pid 438
W/ActivityManager(   96): Activity start request from 10059 stopped
I/ActivityManager(   96): Starting: Intent { flg=0x34840000 cmp=com.teslacoilsw.widgetlocker/.WidgetLocker (has extras) } from pid 438
W/ActivityManager(   96): Activity start request from 10059 stopped
W/IInputConnectionWrapper(  438): getExtractedText on inactive InputConnection
W/IInputConnectionWrapper(  438): getExtractedText on inactive InputConnection
W/IInputConnectionWrapper(  438): getExtractedText on inactive InputConnection
W/IInputConnectionWrapper(  438): getExtractedText on inactive InputConnection
D/AK8973  (   73): Compass CLOSE 
W/IInputConnectionWrapper(  438): getExtractedText on inactive InputConnection
W/IInputConnectionWrapper(  438): getExtractedText on inactive InputConnection
I/global  ( 7182): Loaded time zone names for en_US in 2905ms.
I/global  ( 7182): Loaded time zone names for en_US in 2391ms.
I/global  ( 7182): Loaded time zone names for en_US in 2474ms.
I/global  ( 7182): Loaded time zone names for en_US in 2033ms.
D/dalvikvm( 7182): GC_CONCURRENT freed 840K, 48% free 3633K/6919K, external 1625K/2137K, paused 2ms+3ms
D/dalvikvm( 7182): GC_FOR_MALLOC freed 36K, 48% free 3599K/6919K, external 1625K/2137K, paused 25ms
I/dalvikvm-heap( 7182): Grow heap (frag case) to 7.541MB for 73218-byte allocation
D/dalvikvm( 7182): GC_FOR_MALLOC freed <1K, 48% free 3670K/7047K, external 1625K/2137K, paused 23ms
D/dalvikvm( 7182): GC_FOR_MALLOC freed 40K, 48% free 3722K/7047K, external 1625K/2137K, paused 25ms
I/dalvikvm-heap( 7182): Grow heap (frag case) to 7.658MB for 71176-byte allocation
D/dalvikvm( 7182): GC_FOR_MALLOC freed <1K, 48% free 3791K/7175K, external 1625K/2137K, paused 27ms
D/dalvikvm( 7182): GC_FOR_MALLOC freed 69K, 48% free 3757K/7175K, external 1625K/2137K, paused 25ms
I/dalvikvm-heap( 7182): Grow heap (frag case) to 7.760MB for 142336-byte allocation
D/dalvikvm( 7182): GC_FOR_MALLOC freed <1K, 48% free 3895K/7367K, external 1625K/2137K, paused 35ms
I/ActivityManager(   96): Starting: Intent { flg=0x34840000 cmp=com.teslacoilsw.widgetlocker/.WidgetLocker (has extras) } from pid 438
W/ActivityManager(   96): Activity start request from 10059 stopped
D/dalvikvm( 7182): GC_CONCURRENT freed 662K, 45% free 4060K/7367K, external 1625K/2137K, paused 2ms+7ms
I/WLBroadcast(  438): VISIBLE atLockScreen:true inInteraction:true
W/InputManagerService(   96): Window already focused, ignoring focus gain of: com.android.internal.view.IInputMethodClient$Stub$Proxy@409ed2b0
W/BackupManagerService(   96): dataChanged but no participant pkg='com.android.providers.settings' uid=10059
I/ActivityManager(   96): No longer want com.google.android.gm (pid 340): hidden #16
I/WindowManager(   96): WIN DEATH: Window{4076f3b8 com.google.android.gm/com.google.android.gm.HtmlConversationActivity paused=false}
I/WLBroadcast(  438): VISIBLE atLockScreen:true inInteraction:true
W/BackupManagerService(   96): dataChanged but no participant pkg='com.android.providers.settings' uid=10059
W/BackupManagerService(   96): dataChanged but no participant pkg='com.android.providers.settings' uid=10059
D/dalvikvm(  225): GC_EXPLICIT freed 370K, 50% free 3191K/6279K, external 1625K/2137K, paused 59ms
D/dalvikvm(  268): GC_EXPLICIT freed 93K, 50% free 2804K/5575K, external 1862K/2137K, paused 70ms
D/dalvikvm( 6658): GC_EXPLICIT freed 2K, 50% free 2717K/5379K, external 1625K/2137K, paused 53ms
D/dalvikvm( 6665): GC_EXPLICIT freed 2K, 50% free 2715K/5379K, external 1625K/2137K, paused 64ms
D/dalvikvm( 6760): GC_EXPLICIT freed 1K, 49% free 3627K/6983K, external 1625K/2137K, paused 57ms
D/MinimalTextUpdateService(  429): The screen is currently off. Skipping update.
D/dalvikvm(  181): GC_EXPLICIT freed 42K, 51% free 3264K/6599K, external 6186K/6692K, paused 62ms
D/dalvikvm(  429): GC_EXPLICIT freed 523K, 55% free 3065K/6727K, external 2592K/2916K, paused 71ms
D/skia    (   96): purging 213K from font cache [16 entries]
I/RealTimeChat(  519): Sending ping to bunch
I/RealTimeChat(  519): Ping response from backend
I/RealTimeChat(  519): Sending ping to bunch
I/RealTimeChat(  519): Ping response from backend
D/AndroidRuntime( 7201): 
D/AndroidRuntime( 7201): >>>>>> AndroidRuntime START com.android.internal.os.RuntimeInit <<<<<<
D/AndroidRuntime( 7201): CheckJNI is OFF
D/dalvikvm( 7201): creating instr width table
D/AndroidRuntime( 7201): Calling main entry com.android.commands.pm.Pm
D/dalvikvm( 6649): GC_EXPLICIT freed 9K, 50% free 2723K/5379K, external 1625K/2137K, paused 26ms
W/ActivityManager(   96): No content provider found for: 
W/ActivityManager(   96): No content provider found for: 
D/PackageParser(   96): Scanning package: /data/app/vmdl910131416.tmp
I/PackageParser(   96): com.vitruvianinteractive.vitae: compat added android.permission.WRITE_EXTERNAL_STORAGE android.permission.READ_PHONE_STATE
D/PackageManager(   96): Scanning package com.vitruvianinteractive.vitae
I/PackageManager(   96): Unpacking native libraries for /data/app/com.vitruvianinteractive.vitae-1.apk
I/ActivityManager(   96): Force stopping package com.vitruvianinteractive.vitae uid=10077
D/PackageManager(   96):   Activities: com.vitruvianinteractive.vitae.NativeActivity
I/WLBroadcast(  438): VISIBLE atLockScreen:true inInteraction:true
D/PackageManager(   96): New package installed in /data/app/com.vitruvianinteractive.vitae-1.apk
W/BackupManagerService(   96): dataChanged but no participant pkg='com.android.providers.settings' uid=10059
D/SettingsProvider(   96): external modification to /data/data/com.android.providers.settings/databases/settings.db; event=2
D/SettingsProvider(   96): updating our caches for /data/data/com.android.providers.settings/databases/settings.db
D/SettingsProvider(   96): cache for settings table 'secure' rows=44; fullycached=true
D/SettingsProvider(   96): cache for settings table 'system' rows=57; fullycached=true
W/BackupManagerService(   96): dataChanged but no participant pkg='com.android.providers.settings' uid=10059
D/GTalkService(  204): handlePackageInstalled: re-initialize providers
D/GTalkService(  204): [RawStanzaProvidersMgr] ##### searchProvidersFromIntent
D/GTalkService(  204): [RawStanzaProvidersMgr] no intent receivers found
D/szipinf (   96): Initializing inflate state
D/VoiceDialerReceiver( 6672): onReceive Intent { act=android.intent.action.PACKAGE_ADDED dat=package:com.vitruvianinteractive.vitae flg=0x10000000 cmp=com.android.voicedialer/.VoiceDialerReceiver (has extras) }
V/RecognizerEngine( 6672): deleteCachedGrammarFiles /data/data/com.android.voicedialer/files/openentries.txt
D/dalvikvm(   96): GC_EXPLICIT freed 1842K, 40% free 7183K/11783K, external 6352K/6819K, paused 90ms
D/AndroidRuntime( 7201): Shutting down VM
D/dalvikvm( 7201): GC_CONCURRENT freed 100K, 72% free 294K/1024K, external 0K/0K, paused 1ms+1ms
D/jdwp    ( 7201): adbd disconnected
D/vending ( 6680): [45] LocalAssetCache.updateOnePackage(): No local info for com.vitruvianinteractive.vitae
D/KeyguardViewMediator(   96): wakeWhenReadyLocked(26)
I/power   (   96): *** set_screen_state 1
D/SurfaceFlinger(   96): Screen about to return, flinger = 0x1288d8
D/AK8973  (   73): Compass Start
I/WLBroadcast(  438): VISIBLE atLockScreen:true inInteraction:true
D/MinimalTextUpdateService(  429): Receiving Screen On/Off Message: android.intent.action.SCREEN_ON
D/MinimalTextUpdateService(  429): Checking if widget 17 needs an update
D/MinimalTextUpdateService(  429): Updating widget 17; Change: 4194328, Demand: 183
D/dalvikvm(  429): GetFieldID: unable to find field Ljava/util/HashMap;.loadFactor:F
D/dalvikvm(  429): GetFieldID: unable to find field Ljava/util/HashMap;.loadFactor:F
D/dalvikvm(  429): GetFieldID: unable to find field Ljava/util/HashMap;.loadFactor:F
D/dalvikvm(  429): GetFieldID: unable to find field Ljava/util/HashMap;.loadFactor:F
D/dalvikvm(  429): GetFieldID: unable to find field Ljava/util/HashMap;.loadFactor:F
D/dalvikvm(  429): GetFieldID: unable to find field Ljava/util/HashMap;.loadFactor:F
D/dalvikvm(  429): GetFieldID: unable to find field Ljava/util/HashMap;.loadFactor:F
D/MinimalTextUpdateService(  429): Checking if widget 24 needs an update
D/MinimalTextUpdateService(  429): Updating widget 24; Change: 4194328, Demand: 48
D/dalvikvm(  429): GetFieldID: unable to find field Ljava/util/HashMap;.loadFactor:F
D/dalvikvm(  429): GetFieldID: unable to find field Ljava/util/HashMap;.loadFactor:F
D/dalvikvm(  429): GetFieldID: unable to find field Ljava/util/HashMap;.loadFactor:F
D/dalvikvm(  429): GetFieldID: unable to find field Ljava/util/HashMap;.loadFactor:F
D/dalvikvm(  429): GetFieldID: unable to find field Ljava/util/HashMap;.loadFactor:F
D/dalvikvm(  429): GetFieldID: unable to find field Ljava/util/HashMap;.loadFactor:F
D/dalvikvm(  429): GetFieldID: unable to find field Ljava/util/HashMap;.loadFactor:F
E/WLBroadcast(  438): UNLOCKED
I/ActivityManager(   96): Starting: Intent { flg=0x10800000 cmp=com.teslacoilsw.widgetlocker/.LauncherProAnimationKillerActivity } from pid 438
I/ActivityManager(   96): moveTaskToBack: 4
W/BackupManagerService(   96): dataChanged but no participant pkg='com.android.providers.settings' uid=10059
I/ActivityManager(   96): Displayed com.teslacoilsw.widgetlocker/.LauncherProAnimationKillerActivity: +404ms
W/InputManagerService(   96): Starting input on non-focused client com.android.internal.view.IInputMethodClient$Stub$Proxy@4078fbc0 (uid=10059 pid=438)
D/dalvikvm(  181): GC_EXTERNAL_ALLOC freed 254K, 51% free 3277K/6599K, external 6000K/6692K, paused 71ms
D/MinimalTextUpdateService(  429): Checking if widget 17 needs an update
D/MinimalTextUpdateService(  429): Updating widget 17; Change: 4194328, Demand: 183
D/dalvikvm(  429): GetFieldID: unable to find field Ljava/util/HashMap;.loadFactor:F
D/dalvikvm(  429): GetFieldID: unable to find field Ljava/util/HashMap;.loadFactor:F
D/dalvikvm(  429): GetFieldID: unable to find field Ljava/util/HashMap;.loadFactor:F
D/dalvikvm(  429): GetFieldID: unable to find field Ljava/util/HashMap;.loadFactor:F
D/dalvikvm(  429): GetFieldID: unable to find field Ljava/util/HashMap;.loadFactor:F
D/dalvikvm(  429): GetFieldID: unable to find field Ljava/util/HashMap;.loadFactor:F
D/dalvikvm(  429): GetFieldID: unable to find field Ljava/util/HashMap;.loadFactor:F
D/MinimalTextUpdateService(  429): Checking if widget 24 needs an update
D/MinimalTextUpdateService(  429): Updating widget 24; Change: 4194328, Demand: 48
D/dalvikvm(  429): GetFieldID: unable to find field Ljava/util/HashMap;.loadFactor:F
D/dalvikvm(  429): GetFieldID: unable to find field Ljava/util/HashMap;.loadFactor:F
D/dalvikvm(  429): GetFieldID: unable to find field Ljava/util/HashMap;.loadFactor:F
D/dalvikvm(  429): GetFieldID: unable to find field Ljava/util/HashMap;.loadFactor:F
D/dalvikvm(  429): GetFieldID: unable to find field Ljava/util/HashMap;.loadFactor:F
D/dalvikvm(  429): GetFieldID: unable to find field Ljava/util/HashMap;.loadFactor:F
D/dalvikvm(  429): GetFieldID: unable to find field Ljava/util/HashMap;.loadFactor:F
D/dalvikvm(  429): GC_CONCURRENT freed 909K, 55% free 3075K/6727K, external 2812K/2916K, paused 3ms+2ms
I/ActivityManager(   96): Starting: Intent { act=android.intent.action.MAIN cat=[android.intent.category.LAUNCHER] flg=0x10200000 cmp=com.vitruvianinteractive.vitae/.NativeActivity } from pid 181
I/ActivityManager(   96): Start proc com.vitruvianinteractive.vitae for activity com.vitruvianinteractive.vitae/.NativeActivity: pid=7217 uid=10077 gids={1015}
D/AndroidRuntime( 7217): Shutting down VM
W/dalvikvm( 7217): threadid=1: thread exiting with uncaught exception (group=0x40015560)
E/AndroidRuntime( 7217): FATAL EXCEPTION: main
E/AndroidRuntime( 7217): java.lang.RuntimeException: Unable to instantiate activity ComponentInfo{com.vitruvianinteractive.vitae/com.vitruvianinteractive.vitae.NativeActivity}: java.lang.ClassNotFoundException: com.vitruvianinteractive.vitae.NativeActivity in loader dalvik.system.PathClassLoader[.]
E/AndroidRuntime( 7217): 	at android.app.ActivityThread.performLaunchActivity(ActivityThread.java:1569)
E/AndroidRuntime( 7217): 	at android.app.ActivityThread.handleLaunchActivity(ActivityThread.java:1663)
E/AndroidRuntime( 7217): 	at android.app.ActivityThread.access$1500(ActivityThread.java:117)
E/AndroidRuntime( 7217): 	at android.app.ActivityThread$H.handleMessage(ActivityThread.java:931)
E/AndroidRuntime( 7217): 	at android.os.Handler.dispatchMessage(Handler.java:99)
E/AndroidRuntime( 7217): 	at android.os.Looper.loop(Looper.java:130)
E/AndroidRuntime( 7217): 	at android.app.ActivityThread.main(ActivityThread.java:3683)
E/AndroidRuntime( 7217): 	at java.lang.reflect.Method.invokeNative(Native Method)
E/AndroidRuntime( 7217): 	at java.lang.reflect.Method.invoke(Method.java:507)
E/AndroidRuntime( 7217): 	at com.android.internal.os.ZygoteInit$MethodAndArgsCaller.run(ZygoteInit.java:839)
E/AndroidRuntime( 7217): 	at com.android.internal.os.ZygoteInit.main(ZygoteInit.java:597)
E/AndroidRuntime( 7217): 	at dalvik.system.NativeStart.main(Native Method)
E/AndroidRuntime( 7217): Caused by: java.lang.ClassNotFoundException: com.vitruvianinteractive.vitae.NativeActivity in loader dalvik.system.PathClassLoader[.]
E/AndroidRuntime( 7217): 	at dalvik.system.PathClassLoader.findClass(PathClassLoader.java:240)
E/AndroidRuntime( 7217): 	at java.lang.ClassLoader.loadClass(ClassLoader.java:551)
E/AndroidRuntime( 7217): 	at java.lang.ClassLoader.loadClass(ClassLoader.java:511)
E/AndroidRuntime( 7217): 	at android.app.Instrumentation.newActivity(Instrumentation.java:1021)
E/AndroidRuntime( 7217): 	at android.app.ActivityThread.performLaunchActivity(ActivityThread.java:1561)
E/AndroidRuntime( 7217): 	... 11 more
W/ActivityManager(   96):   Force finishing activity com.vitruvianinteractive.vitae/.NativeActivity
W/ActivityManager(   96): Activity pause timeout for HistoryRecord{407874c0 com.vitruvianinteractive.vitae/.NativeActivity}
I/ActivityManager(   96): No longer want com.google.android.apps.uploader (pid 507): hidden #16
W/InputManagerService(   96): Window already focused, ignoring focus gain of: com.android.internal.view.IInputMethodClient$Stub$Proxy@40773f90
I/Process ( 7217): Sending signal. PID: 7217 SIG: 9
I/ActivityManager(   96): Process com.vitruvianinteractive.vitae (pid 7217) has died.
D/dalvikvm(  181): GC_EXTERNAL_ALLOC freed 79K, 50% free 3336K/6599K, external 6954K/7017K, paused 41ms
D/dalvikvm(  181): GC_EXTERNAL_ALLOC freed 52K, 51% free 3286K/6599K, external 7393K/7394K, paused 32ms
I/ActivityManager(   96): Starting: Intent { act=android.intent.action.MAIN cat=[android.intent.category.HOME] flg=0x10200000 cmp=com.fede.launcher/.Launcher } from pid 96
D/dalvikvm(  181): GC_EXTERNAL_ALLOC freed 7K, 51% free 3288K/6599K, external 6782K/6791K, paused 35ms
W/KeyCharacterMap(  181): No keyboard for id 131074
W/KeyCharacterMap(  181): Using default keymap: /system/usr/keychars/qwerty.kcm.bin
W/InputManagerService(   96): Window already focused, ignoring focus gain of: com.android.internal.view.IInputMethodClient$Stub$Proxy@4064bbb8
I/power   (   96): *** set_screen_state 0
D/MinimalTextUpdateService(  429): Receiving Screen On/Off Message: android.intent.action.SCREEN_OFF
W/IInputConnectionWrapper(  181): getExtractedText on inactive InputConnection
W/IInputConnectionWrapper(  438): showStatusIcon on inactive InputConnection
W/IInputConnectionWrapper(  438): getExtractedText on inactive InputConnection
W/IInputConnectionWrapper(  438): getExtractedText on inactive InputConnection
W/IInputConnectionWrapper(  438): getExtractedText on inactive InputConnection
D/SurfaceFlinger(   96): About to give-up screen, flinger = 0x1288d8
W/IInputConnectionWrapper(  438): getExtractedText on inactive InputConnection
D/dalvikvm(   96): GC_EXTERNAL_ALLOC freed 653K, 40% free 7086K/11783K, external 6367K/6424K, paused 124ms
I/WLBroadcast(  438): LOCKED
W/IInputConnectionWrapper(  438): getExtractedText on inactive InputConnection
W/IInputConnectionWrapper(  438): getExtractedText on inactive InputConnection
D/AK8973  (   73): Compass CLOSE 
W/IInputConnectionWrapper(  438): getExtractedText on inactive InputConnection
D/dalvikvm(  204): GC_CONCURRENT freed 1027K, 44% free 4562K/8071K, external 1625K/2137K, paused 3ms+3ms
W/IInputConnectionWrapper(  438): getExtractedText on inactive InputConnection
W/IInputConnectionWrapper(  438): getExtractedText on inactive InputConnection
I/ActivityManager(   96): Starting: Intent { flg=0x34840000 cmp=com.teslacoilsw.widgetlocker/.WidgetLocker (has extras) } from pid 438
W/ActivityManager(   96): Activity start request from 10059 stopped
I/ActivityManager(   96): Starting: Intent { flg=0x34840000 cmp=com.teslacoilsw.widgetlocker/.WidgetLocker (has extras) } from pid 438
W/ActivityManager(   96): Activity start request from 10059 stopped
I/wpa_supplicant(  229): CTRL-EVENT-STATE-CHANGE id=0 state=6 BSSID=00:00:00:00:00:00
V/WifiStateTracker(   96): Changing supplicant state: COMPLETED ==> GROUP_HANDSHAKE
I/wpa_supplicant(  229): WPA: Group rekeying completed with 00:21:04:ca:20:52 [GTK=TKIP]
I/wpa_supplicant(  229): CTRL-EVENT-STATE-CHANGE id=0 state=7 BSSID=00:00:00:00:00:00
V/WifiMonitor(   96): Event [WPA: Group rekeying completed with 00:21:04:ca:20:52 [GTK=TKIP]]
V/WifiMonitor(   96): Event [CTRL-EVENT-STATE-CHANGE id=0 state=7 BSSID=00:00:00:00:00:00]
V/WifiStateTracker(   96): Changing supplicant state: GROUP_HANDSHAKE ==> COMPLETED
V/WifiMonitor(   96): Event [CTRL-EVENT-STATE-CHANGE id=0 state=6 BSSID=00:00:00:00:00:00]
I/ActivityManager(   96): Starting: Intent { flg=0x34840000 cmp=com.teslacoilsw.widgetlocker/.WidgetLocker (has extras) } from pid 438
W/ActivityManager(   96): Activity start request from 10059 stopped
I/WLBroadcast(  438): VISIBLE atLockScreen:true inInteraction:true
W/InputManagerService(   96): Window already focused, ignoring focus gain of: com.android.internal.view.IInputMethodClient$Stub$Proxy@406e0998
W/BackupManagerService(   96): dataChanged but no participant pkg='com.android.providers.settings' uid=10059
I/EventLogService(  204): Aggregate from 1314652751094 (log), 1314652751094 (data)
W/ActivityManager(   96): Activity destroy timeout for HistoryRecord{407874c0 com.vitruvianinteractive.vitae/.NativeActivity}
D/dalvikvm( 6672): GC_EXPLICIT freed 10K, 50% free 2717K/5379K, external 1625K/2137K, paused 36ms
D/AndroidRuntime( 7231): 
D/AndroidRuntime( 7231): >>>>>> AndroidRuntime START com.android.internal.os.RuntimeInit <<<<<<
D/AndroidRuntime( 7231): CheckJNI is OFF
D/dalvikvm( 7231): creating instr width table
D/AndroidRuntime( 7231): Calling main entry com.android.commands.pm.Pm
I/PackageManager(   96): Removing non-system package:com.vitruvianinteractive.vitae
I/ActivityManager(   96): Force stopping package com.vitruvianinteractive.vitae uid=10077
I/WLBroadcast(  438): VISIBLE atLockScreen:true inInteraction:true
D/PackageManager(   96): Removing package com.vitruvianinteractive.vitae
D/PackageManager(   96):   Activities: com.vitruvianinteractive.vitae.NativeActivity
W/BackupManagerService(   96): dataChanged but no participant pkg='com.android.providers.settings' uid=10059
I/ActivityManager(   96): Force stopping package com.vitruvianinteractive.vitae uid=10077
W/BackupManagerService(   96): dataChanged but no participant pkg='com.android.providers.settings' uid=10059
D/dalvikvm(   96): GC_EXPLICIT freed 446K, 40% free 7085K/11783K, external 5515K/6798K, paused 78ms
D/dalvikvm(  181): GC_EXPLICIT freed 91K, 52% free 3219K/6599K, external 6058K/6734K, paused 35ms
D/dalvikvm(  225): GC_EXPLICIT freed 254K, 50% free 3199K/6279K, external 1625K/2137K, paused 39ms
D/VoiceDialerReceiver( 6672): onReceive Intent { act=android.intent.action.PACKAGE_REMOVED dat=package:com.vitruvianinteractive.vitae flg=0x10000000 cmp=com.android.voicedialer/.VoiceDialerReceiver (has extras) }
V/RecognizerEngine( 6672): deleteCachedGrammarFiles /data/data/com.android.voicedialer/files/openentries.txt
I/WLBroadcast(  438): VISIBLE atLockScreen:true inInteraction:true
D/dalvikvm(  438): GC_EXPLICIT freed 520K, 53% free 3288K/6855K, external 2292K/2728K, paused 41ms
D/szipinf (   96): Initializing inflate state
D/vending ( 6680): [47] LocalAssetCache.updateOnePackage(): No local info for com.vitruvianinteractive.vitae
W/BackupManagerService(   96): dataChanged but no participant pkg='com.android.providers.settings' uid=10059
D/dalvikvm(   96): GC_EXPLICIT freed 197K, 40% free 7077K/11783K, external 5515K/6798K, paused 82ms
W/BackupManagerService(   96): dataChanged but no participant pkg='com.android.providers.settings' uid=10059
I/installd(   70): unlink /data/dalvik-cache/data@app@com.vitruvianinteractive.vitae-1.apk@classes.dex
E/installd(   70): Couldn't unlink /data/dalvik-cache/data@app@com.vitruvianinteractive.vitae-1.apk@classes.dex: No such file or directory
D/AndroidRuntime( 7231): Shutting down VM
W/PackageManager(   96): Couldn't remove dex file for package:  at location /data/app/com.vitruvianinteractive.vitae-1.apk, retcode=-1
D/dalvikvm( 7231): GC_CONCURRENT freed 99K, 72% free 292K/1024K, external 0K/0K, paused 0ms+1ms
D/jdwp    ( 7231): adbd disconnected
D/KeyguardViewMediator(   96): wakeWhenReadyLocked(26)
I/power   (   96): *** set_screen_state 1
D/SurfaceFlinger(   96): Screen about to return, flinger = 0x1288d8
D/AK8973  (   73): Compass Start
I/WLBroadcast(  438): VISIBLE atLockScreen:true inInteraction:true
D/MinimalTextUpdateService(  429): Receiving Screen On/Off Message: android.intent.action.SCREEN_ON
D/MinimalTextUpdateService(  429): Checking if widget 17 needs an update
D/MinimalTextUpdateService(  429): No Update neccessary!
D/MinimalTextUpdateService(  429): Checking if widget 24 needs an update
D/MinimalTextUpdateService(  429): No Update neccessary!
D/dalvikvm(  429): GetFieldID: unable to find field Ljava/util/HashMap;.loadFactor:F
D/dalvikvm(  429): GetFieldID: unable to find field Ljava/util/HashMap;.loadFactor:F
D/dalvikvm(  429): GetFieldID: unable to find field Ljava/util/HashMap;.loadFactor:F
D/dalvikvm(  429): GetFieldID: unable to find field Ljava/util/HashMap;.loadFactor:F
D/dalvikvm(  429): GetFieldID: unable to find field Ljava/util/HashMap;.loadFactor:F
D/dalvikvm(  429): GetFieldID: unable to find field Ljava/util/HashMap;.loadFactor:F
D/dalvikvm(  429): GetFieldID: unable to find field Ljava/util/HashMap;.loadFactor:F
E/WLBroadcast(  438): UNLOCKED
I/ActivityManager(   96): Starting: Intent { flg=0x10800000 cmp=com.teslacoilsw.widgetlocker/.LauncherProAnimationKillerActivity } from pid 438
I/ActivityManager(   96): moveTaskToBack: 4
W/BackupManagerService(   96): dataChanged but no participant pkg='com.android.providers.settings' uid=10059
I/ActivityManager(   96): Displayed com.teslacoilsw.widgetlocker/.LauncherProAnimationKillerActivity: +341ms (total +20s717ms)
W/KeyCharacterMap(  181): No keyboard for id 131074
W/KeyCharacterMap(  181): Using default keymap: /system/usr/keychars/qwerty.kcm.bin
W/InputManagerService(   96): Window already focused, ignoring focus gain of: com.android.internal.view.IInputMethodClient$Stub$Proxy@40675460
D/dalvikvm(  181): GC_EXTERNAL_ALLOC freed 110K, 51% free 3265K/6599K, external 6154K/6734K, paused 76ms
D/dalvikvm( 6680): GC_EXPLICIT freed 53K, 50% free 3002K/5959K, external 1625K/2137K, paused 69ms
W/KeyCharacterMap(  181): No keyboard for id 131074
W/KeyCharacterMap(  181): Using default keymap: /system/usr/keychars/qwerty.kcm.bin
I/ActivityManager(   96): Starting: Intent { act=android.intent.action.MAIN cat=[android.intent.category.HOME] flg=0x10200000 cmp=com.fede.launcher/.Launcher } from pid 96
D/dalvikvm(  181): GC_EXTERNAL_ALLOC freed 26K, 51% free 3266K/6599K, external 6782K/7049K, paused 31ms
W/KeyCharacterMap(  181): No keyboard for id 131074
W/KeyCharacterMap(  181): Using default keymap: /system/usr/keychars/qwerty.kcm.bin
I/ActivityManager(   96): Starting: Intent { act=android.settings.SETTINGS flg=0x10200000 cmp=com.android.settings/.Settings } from pid 181
I/ActivityManager(   96): Starting: Intent { act=android.intent.action.MAIN cmp=com.android.settings/.ApplicationSettings } from pid 6801
I/ActivityManager(   96): Displayed com.android.settings/.ApplicationSettings: +289ms
I/ActivityManager(   96): Starting: Intent { act=android.intent.action.MAIN cmp=com.android.settings/.ManageApplications } from pid 6801
I/ActivityManager(   96): Displayed com.android.settings/.ManageApplications: +399ms
I/RealTimeChat(  519): Sending ping to bunch
I/RealTimeChat(  519): Ping response from backend
I/ActivityManager(   96): Starting: Intent { act=android.settings.APPLICATION_DETAILS_SETTINGS dat=package:com.example.android.hello_native cmp=com.android.settings/.applications.InstalledAppDetails } from pid 6801
I/ActivityManager(   96): Displayed com.android.settings/.applications.InstalledAppDetails: +365ms
I/ActivityManager(   96): Starting: Intent { act=android.intent.action.MAIN cat=[android.intent.category.HOME] flg=0x10200000 cmp=com.fede.launcher/.Launcher } from pid 96
I/power   (   96): *** set_screen_state 0
D/MinimalTextUpdateService(  429): Receiving Screen On/Off Message: android.intent.action.SCREEN_OFF
W/IInputConnectionWrapper(  181): getExtractedText on inactive InputConnection
W/IInputConnectionWrapper(  438): showStatusIcon on inactive InputConnection
I/WLBroadcast(  438): LOCKED
W/IInputConnectionWrapper(  438): getExtractedText on inactive InputConnection
W/IInputConnectionWrapper(  438): getExtractedText on inactive InputConnection
W/IInputConnectionWrapper(  438): getExtractedText on inactive InputConnection
D/SurfaceFlinger(   96): About to give-up screen, flinger = 0x1288d8
W/IInputConnectionWrapper(  438): getExtractedText on inactive InputConnection
W/IInputConnectionWrapper(  438): getExtractedText on inactive InputConnection
I/ActivityManager(   96): Starting: Intent { flg=0x34840000 cmp=com.teslacoilsw.widgetlocker/.WidgetLocker (has extras) } from pid 438
W/ActivityManager(   96): Activity start request from 10059 stopped
I/ActivityManager(   96): Starting: Intent { flg=0x34840000 cmp=com.teslacoilsw.widgetlocker/.WidgetLocker (has extras) } from pid 438
W/ActivityManager(   96): Activity start request from 10059 stopped
W/IInputConnectionWrapper(  438): getExtractedText on inactive InputConnection
W/IInputConnectionWrapper(  438): getExtractedText on inactive InputConnection
W/IInputConnectionWrapper(  438): getExtractedText on inactive InputConnection
W/IInputConnectionWrapper(  438): getExtractedText on inactive InputConnection
D/AK8973  (   73): Compass CLOSE 
I/ActivityManager(   96): Starting: Intent { flg=0x34840000 cmp=com.teslacoilsw.widgetlocker/.WidgetLocker (has extras) } from pid 438
W/ActivityManager(   96): Activity start request from 10059 stopped
I/WLBroadcast(  438): VISIBLE atLockScreen:true inInteraction:true
W/InputManagerService(   96): Window already focused, ignoring focus gain of: com.android.internal.view.IInputMethodClient$Stub$Proxy@40a70f40
W/BackupManagerService(   96): dataChanged but no participant pkg='com.android.providers.settings' uid=10059
D/dalvikvm( 6801): GC_EXPLICIT freed 545K, 49% free 3592K/6983K, external 4598K/5482K, paused 68ms
D/dalvikvm( 6692): GC_EXPLICIT freed 11K, 49% free 2777K/5379K, external 1625K/2137K, paused 54ms
D/dalvikvm( 6649): GC_EXPLICIT freed 12K, 50% free 2722K/5379K, external 1625K/2137K, paused 65ms
D/MinimalTextUpdateService(  429): The screen is currently off. Skipping update.
D/dalvikvm(  626): GC_EXPLICIT freed 23K, 55% free 4387K/9607K, external 1625K/2137K, paused 93ms
D/dalvikvm(  225): GC_EXPLICIT freed 226K, 50% free 3183K/6279K, external 1625K/2137K, paused 57ms
D/dalvikvm(  268): GC_EXPLICIT freed 170K, 50% free 2809K/5575K, external 2053K/2137K, paused 72ms
D/dalvikvm( 6658): GC_EXPLICIT freed 2K, 50% free 2717K/5379K, external 1625K/2137K, paused 54ms
D/dalvikvm( 6665): GC_EXPLICIT freed 2K, 50% free 2715K/5379K, external 1625K/2137K, paused 66ms
D/dalvikvm( 6760): GC_EXPLICIT freed 3K, 49% free 3627K/6983K, external 1625K/2137K, paused 59ms
D/dalvikvm(  181): GC_EXPLICIT freed 77K, 52% free 3218K/6599K, external 6038K/6838K, paused 74ms
D/dalvikvm(  429): GC_EXPLICIT freed 125K, 55% free 3064K/6727K, external 2379K/2916K, paused 57ms
D/dalvikvm( 6710): GC_EXPLICIT freed 120K, 48% free 2883K/5447K, external 1625K/2137K, paused 41ms
D/AndroidRuntime( 7253): 
D/AndroidRuntime( 7253): >>>>>> AndroidRuntime START com.android.internal.os.RuntimeInit <<<<<<
D/AndroidRuntime( 7253): CheckJNI is OFF
D/dalvikvm( 7253): creating instr width table
D/AndroidRuntime( 7253): Calling main entry com.android.commands.pm.Pm
W/PackageManager(   96): Package named 'com.vitruvianinteractive.vitae' doesn't exist.
D/dalvikvm(   96): GC_EXPLICIT freed 1073K, 40% free 7108K/11783K, external 6169K/6798K, paused 84ms
D/AndroidRuntime( 7253): Shutting down VM
D/dalvikvm( 7253): GC_CONCURRENT freed 99K, 72% free 292K/1024K, external 0K/0K, paused 1ms+1ms
D/jdwp    ( 7253): adbd disconnected
I/ActivityManager(   96): No longer want com.google.android.apps.plus (pid 519): hidden #16
I/ActivityManager(   96): No longer want com.spotify.mobile.android.ui (pid 6710): hidden #17
W/ActivityManager(   96): Scheduling restart of crashed service com.spotify.mobile.android.ui/com.spotify.mobile.android.service.LocalService in 5000ms
I/WLBroadcast(  438): VISIBLE atLockScreen:true inInteraction:true
I/WLBroadcast(  438): VISIBLE atLockScreen:true inInteraction:true
