I/ActivityManager(   96): Starting: Intent { flg=0x10800000 cmp=com.teslacoilsw.widgetlocker/.LauncherProAnimationKillerActivity } from pid 438
I/ActivityManager(   96): moveTaskToBack: 4
W/BackupManagerService(   96): dataChanged but no participant pkg='com.android.providers.settings' uid=10059
I/ActivityManager(   96): Starting: Intent { act=android.intent.action.MAIN cat=[android.intent.category.LAUNCHER] flg=0x10200000 cmp=com.vitruvianinteractive.vitae/android.app.NativeActivity } from pid 181
I/ActivityManager(   96): Start proc com.vitruvianinteractive.vitae for activity com.vitruvianinteractive.vitae/android.app.NativeActivity: pid=23769 uid=10077 gids={1015}
--------- beginning of /dev/log/main
I/DEBUG   (23679):     44717dfc  00000000  
I/DEBUG   (23679):     44717e00  00000000  
I/DEBUG   (23679):     44717e04  00000000  
I/DEBUG   (23679):     44717e08  44717e64  
I/DEBUG   (23679):     44717e0c  00000000  
I/DEBUG   (23679):     44717e10  8042a22c  /data/data/com.vitruvianinteractive.vitae/lib/libvitae.so
I/DEBUG   (23679):     44717e14  44717e64  
I/DEBUG   (23679):     44717e18  df002777  
I/DEBUG   (23679):     44717e1c  e3a070ad  
I/DEBUG   (23679): #00 44717e20  00000001  
I/DEBUG   (23679):     44717e24  afd18821  /system/lib/libc.so
I/DEBUG   (23679): #01 44717e28  afd426b8  
I/DEBUG   (23679):     44717e2c  00000000  
I/DEBUG   (23679):     44717e30  8040f5af  /data/data/com.vitruvianinteractive.vitae/lib/libvitae.so
I/DEBUG   (23679):     44717e34  8042a670  /data/data/com.vitruvianinteractive.vitae/lib/libvitae.so
I/DEBUG   (23679):     44717e38  8042a210  /data/data/com.vitruvianinteractive.vitae/lib/libvitae.so
I/DEBUG   (23679):     44717e3c  00000000  
I/DEBUG   (23679):     44717e40  8042a22c  /data/data/com.vitruvianinteractive.vitae/lib/libvitae.so
I/DEBUG   (23679):     44717e44  8040e5b5  /data/data/com.vitruvianinteractive.vitae/lib/libvitae.so
I/BootReceiver(   96): Copying /data/tombstones/tombstone_03 to DropBox (SYSTEM_TOMBSTONE)
I/ActivityManager(   96): Process com.vitruvianinteractive.vitae (pid 23769) has died.
D/Zygote  (   67): Process 23769 terminated by signal (11)
D/dalvikvm(   96): GC_FOR_MALLOC freed 812K, 39% free 7847K/12679K, external 5526K/5920K, paused 80ms
W/InputManagerService(   96): Window already focused, ignoring focus gain of: com.android.internal.view.IInputMethodClient$Stub$Proxy@40b99d40
D/dalvikvm(  438): GC_EXPLICIT freed 380K, 54% free 3216K/6983K, external 2237K/2738K, paused 62ms
D/dalvikvm(21713): GC_EXPLICIT freed 42K, 54% free 3136K/6727K, external 1625K/2137K, paused 82ms
D/MinimalTextUpdateService(  429): Checking if widget 17 needs an update
D/MinimalTextUpdateService(  429): Updating widget 17; Change: 4194328, Demand: 183
D/dalvikvm(  429): GetFieldID: unable to find field Ljava/util/HashMap;.loadFactor:F
D/dalvikvm(  429): GetFieldID: unable to find field Ljava/util/HashMap;.loadFactor:F
D/dalvikvm(  429): GetFieldID: unable to find field Ljava/util/HashMap;.loadFactor:F
D/dalvikvm(  429): GetFieldID: unable to find field Ljava/util/HashMap;.loadFactor:F
D/dalvikvm(  429): GetFieldID: unable to find field Ljava/util/HashMap;.loadFactor:F
D/dalvikvm(  429): GetFieldID: unable to find field Ljava/util/HashMap;.loadFactor:F
D/dalvikvm(  429): GetFieldID: unable to find field Ljava/util/HashMap;.loadFactor:F
D/MinimalTextUpdateService(  429): Checking if widget 24 needs an update
D/MinimalTextUpdateService(  429): Updating widget 24; Change: 4194328, Demand: 48
D/dalvikvm(  429): GetFieldID: unable to find field Ljava/util/HashMap;.loadFactor:F
D/dalvikvm(  429): GetFieldID: unable to find field Ljava/util/HashMap;.loadFactor:F
D/dalvikvm(  429): GetFieldID: unable to find field Ljava/util/HashMap;.loadFactor:F
D/dalvikvm(  429): GetFieldID: unable to find field Ljava/util/HashMap;.loadFactor:F
D/dalvikvm(  429): GetFieldID: unable to find field Ljava/util/HashMap;.loadFactor:F
D/dalvikvm(  429): GetFieldID: unable to find field Ljava/util/HashMap;.loadFactor:F
D/dalvikvm(  429): GetFieldID: unable to find field Ljava/util/HashMap;.loadFactor:F
D/dalvikvm(23403): GC_EXPLICIT freed 8K, 50% free 2721K/5379K, external 1625K/2137K, paused 52ms
D/dalvikvm(23424): GC_EXPLICIT freed 10K, 50% free 2717K/5379K, external 1625K/2137K, paused 65ms
D/dalvikvm(23436): GC_EXPLICIT freed 7K, 49% free 2777K/5379K, external 1625K/2137K, paused 58ms
D/dalvikvm(23456): GC_EXPLICIT freed 2K, 50% free 2717K/5379K, external 1625K/2137K, paused 58ms
I/power   (   96): *** set_screen_state 0
D/MinimalTextUpdateService(  429): Receiving Screen On/Off Message: android.intent.action.SCREEN_OFF
I/WLBroadcast(  438): LOCKED
I/ActivityManager(   96): Starting: Intent { flg=0x34840000 cmp=com.teslacoilsw.widgetlocker/.WidgetLocker (has extras) } from pid 438
I/WLBroadcast(  438): VISIBLE atLockScreen:true inInteraction:true
W/IInputConnectionWrapper(  438): showStatusIcon on inactive InputConnection
D/SurfaceFlinger(   96): About to give-up screen, flinger = 0x1288d8
W/IInputConnectionWrapper(  181): getExtractedText on inactive InputConnection
W/IInputConnectionWrapper(  438): getExtractedText on inactive InputConnection
W/IInputConnectionWrapper(  438): getExtractedText on inactive InputConnection
W/IInputConnectionWrapper(  438): getExtractedText on inactive InputConnection
W/IInputConnectionWrapper(  438): getExtractedText on inactive InputConnection
W/BackupManagerService(   96): dataChanged but no participant pkg='com.android.providers.settings' uid=10059
I/ActivityManager(   96): Starting: Intent { flg=0x34840000 cmp=com.teslacoilsw.widgetlocker/.WidgetLocker (has extras) } from pid 438
I/WLBroadcast(  438): VISIBLE atLockScreen:true inInteraction:true
D/AK8973  (   73): Compass CLOSE 
W/BackupManagerService(   96): dataChanged but no participant pkg='com.android.providers.settings' uid=10059
W/BackupManagerService(   96): dataChanged but no participant pkg='com.android.providers.settings' uid=10059
D/dalvikvm(   96): GC_EXTERNAL_ALLOC freed 571K, 40% free 7707K/12679K, external 4844K/4882K, paused 86ms
W/IInputConnectionWrapper(  438): getExtractedText on inactive InputConnection
W/IInputConnectionWrapper(  438): getExtractedText on inactive InputConnection
W/IInputConnectionWrapper(  438): getExtractedText on inactive InputConnection
W/IInputConnectionWrapper(  438): getExtractedText on inactive InputConnection
D/dalvikvm(23463): GC_EXPLICIT freed 2K, 50% free 2715K/5379K, external 1625K/2137K, paused 49ms
D/dalvikvm(  225): GC_EXPLICIT freed 364K, 51% free 3713K/7431K, external 4438K/5243K, paused 79ms
D/AndroidRuntime(23782): 
D/AndroidRuntime(23782): >>>>>> AndroidRuntime START com.android.internal.os.RuntimeInit <<<<<<
D/AndroidRuntime(23782): CheckJNI is OFF
D/dalvikvm(23782): creating instr width table
D/AndroidRuntime(23782): Calling main entry com.android.commands.pm.Pm
I/PackageManager(   96): Removing non-system package:com.vitruvianinteractive.vitae
I/WLBroadcast(  438): VISIBLE atLockScreen:true inInteraction:true
I/ActivityManager(   96): Force stopping package com.vitruvianinteractive.vitae uid=10077
D/PackageManager(   96): Removing package com.vitruvianinteractive.vitae
D/PackageManager(   96):   Activities: android.app.NativeActivity
W/BackupManagerService(   96): dataChanged but no participant pkg='com.android.providers.settings' uid=10059
I/ActivityManager(   96): Force stopping package com.vitruvianinteractive.vitae uid=10077
W/BackupManagerService(   96): dataChanged but no participant pkg='com.android.providers.settings' uid=10059
D/dalvikvm(   96): GC_EXPLICIT freed 360K, 39% free 7754K/12679K, external 5298K/5906K, paused 85ms
D/dalvikvm(  181): GC_EXPLICIT freed 86K, 51% free 3329K/6663K, external 6133K/6729K, paused 38ms
I/VoiceActionsFactory(18593): Applications list changed, recalculating supported actions
D/VoiceDialerReceiver(23424): onReceive Intent { act=android.intent.action.PACKAGE_REMOVED dat=package:com.vitruvianinteractive.vitae flg=0x10000000 cmp=com.android.voicedialer/.VoiceDialerReceiver (has extras) }
V/RecognizerEngine(23424): deleteCachedGrammarFiles /data/data/com.android.voicedialer/files/openentries.txt
I/WLBroadcast(  438): VISIBLE atLockScreen:true inInteraction:true
D/Sources (  225): Creating external source for type=com.twitter.android.auth.login, packageName=com.twitter.android
D/Sources (  225): Creating external source for type=com.facebook.auth.login, packageName=com.facebook.katana
D/dalvikvm(  438): GC_EXPLICIT freed 250K, 54% free 3227K/6983K, external 2226K/2734K, paused 58ms
D/szipinf (   96): Initializing inflate state
D/vending (21713): [40] LocalAssetCache.updateOnePackage(): No local info for com.vitruvianinteractive.vitae
D/dalvikvm(   96): GC_EXPLICIT freed 189K, 39% free 7759K/12679K, external 5164K/5906K, paused 90ms
W/BackupManagerService(   96): dataChanged but no participant pkg='com.android.providers.settings' uid=10059
I/installd(   70): unlink /data/dalvik-cache/data@app@com.vitruvianinteractive.vitae-1.apk@classes.dex
E/installd(   70): Couldn't unlink /data/dalvik-cache/data@app@com.vitruvianinteractive.vitae-1.apk@classes.dex: No such file or directory
D/AndroidRuntime(23782): Shutting down VM
W/PackageManager(   96): Couldn't remove dex file for package:  at location /data/app/com.vitruvianinteractive.vitae-1.apk, retcode=-1
D/dalvikvm(23782): GC_CONCURRENT freed 99K, 72% free 292K/1024K, external 0K/0K, paused 1ms+0ms
D/jdwp    (23782): adbd disconnected
D/AndroidRuntime(23796): 
D/AndroidRuntime(23796): >>>>>> AndroidRuntime START com.android.internal.os.RuntimeInit <<<<<<
D/AndroidRuntime(23796): CheckJNI is OFF
D/dalvikvm(23796): creating instr width table
D/AndroidRuntime(23796): Calling main entry com.android.commands.pm.Pm
D/dalvikvm(23403): GC_EXPLICIT freed 7K, 50% free 2723K/5379K, external 1625K/2137K, paused 26ms
W/ActivityManager(   96): No content provider found for: 
D/PackageParser(   96): Scanning package: /data/app/vmdl179271826.tmp
W/ActivityManager(   96): No content provider found for: 
I/PackageParser(   96): com.vitruvianinteractive.vitae: compat added android.permission.WRITE_EXTERNAL_STORAGE android.permission.READ_PHONE_STATE
D/PackageManager(   96): Scanning package com.vitruvianinteractive.vitae
I/PackageManager(   96): Unpacking native libraries for /data/app/com.vitruvianinteractive.vitae-1.apk
I/ActivityManager(   96): Force stopping package com.vitruvianinteractive.vitae uid=10077
D/PackageManager(   96):   Activities: android.app.NativeActivity
I/WLBroadcast(  438): VISIBLE atLockScreen:true inInteraction:true
D/PackageManager(   96): New package installed in /data/app/com.vitruvianinteractive.vitae-1.apk
W/BackupManagerService(   96): dataChanged but no participant pkg='com.android.providers.settings' uid=10059
I/VoiceActionsFactory(18593): Applications list changed, recalculating supported actions
D/Sources (  225): Creating external source for type=com.twitter.android.auth.login, packageName=com.twitter.android
D/Sources (  225): Creating external source for type=com.facebook.auth.login, packageName=com.facebook.katana
D/GTalkService(  204): handlePackageInstalled: re-initialize providers
D/GTalkService(  204): [RawStanzaProvidersMgr] ##### searchProvidersFromIntent
D/GTalkService(  204): [RawStanzaProvidersMgr] no intent receivers found
D/VoiceDialerReceiver(23424): onReceive Intent { act=android.intent.action.PACKAGE_ADDED dat=package:com.vitruvianinteractive.vitae flg=0x10000000 cmp=com.android.voicedialer/.VoiceDialerReceiver (has extras) }
V/RecognizerEngine(23424): deleteCachedGrammarFiles /data/data/com.android.voicedialer/files/openentries.txt
D/szipinf (   96): Initializing inflate state
D/dalvikvm(   96): GC_EXPLICIT freed 1026K, 39% free 7842K/12679K, external 5164K/5906K, paused 91ms
D/vending (21713): [42] LocalAssetCache.updateOnePackage(): No local info for com.vitruvianinteractive.vitae
D/AndroidRuntime(23796): Shutting down VM
D/dalvikvm(23796): GC_CONCURRENT freed 100K, 72% free 294K/1024K, external 0K/0K, paused 0ms+1ms
D/jdwp    (23796): adbd disconnected
D/dalvikvm(  181): GC_EXPLICIT freed 149K, 51% free 3269K/6663K, external 5719K/6729K, paused 33ms
D/MinimalTextUpdateService(  429): The screen is currently off. Skipping update.
D/dalvikvm(21114): GC_EXPLICIT freed 16K, 56% free 4481K/9991K, external 1625K/2137K, paused 91ms
D/dalvikvm(  429): GC_EXPLICIT freed 1057K, 59% free 3172K/7559K, external 3721K/4078K, paused 67ms
D/dalvikvm(23492): GC_EXPLICIT freed 10K, 48% free 3785K/7175K, external 1625K/2137K, paused 70ms
D/dalvikvm( 7462): GC_CONCURRENT freed 1927K, 47% free 6248K/11719K, external 9173K/11221K, paused 8ms+7ms
I/wpa_supplicant(  229): CTRL-EVENT-STATE-CHANGE id=0 state=6 BSSID=00:00:00:00:00:00
V/WifiMonitor(   96): Event [CTRL-EVENT-STATE-CHANGE id=0 state=6 BSSID=00:00:00:00:00:00]
V/WifiStateTracker(   96): Changing supplicant state: COMPLETED ==> GROUP_HANDSHAKE
I/wpa_supplicant(  229): WPA: Group rekeying completed with 00:21:04:ca:20:52 [GTK=TKIP]
I/wpa_supplicant(  229): CTRL-EVENT-STATE-CHANGE id=0 state=7 BSSID=00:00:00:00:00:00
V/WifiMonitor(   96): Event [WPA: Group rekeying completed with 00:21:04:ca:20:52 [GTK=TKIP]]
V/WifiMonitor(   96): Event [CTRL-EVENT-STATE-CHANGE id=0 state=7 BSSID=00:00:00:00:00:00]
V/WifiStateTracker(   96): Changing supplicant state: GROUP_HANDSHAKE ==> COMPLETED
D/KeyguardViewMediator(   96): wakeWhenReadyLocked(26)
I/power   (   96): *** set_screen_state 1
D/SurfaceFlinger(   96): Screen about to return, flinger = 0x1288d8
D/AK8973  (   73): Compass Start
I/WLBroadcast(  438): VISIBLE atLockScreen:true inInteraction:true
D/MinimalTextUpdateService(  429): Receiving Screen On/Off Message: android.intent.action.SCREEN_ON
D/MinimalTextUpdateService(  429): Checking if widget 17 needs an update
D/MinimalTextUpdateService(  429): Updating widget 17; Change: 4194328, Demand: 183
D/dalvikvm(  429): GetFieldID: unable to find field Ljava/util/HashMap;.loadFactor:F
D/dalvikvm(  429): GetFieldID: unable to find field Ljava/util/HashMap;.loadFactor:F
D/dalvikvm(  429): GetFieldID: unable to find field Ljava/util/HashMap;.loadFactor:F
D/dalvikvm(  429): GetFieldID: unable to find field Ljava/util/HashMap;.loadFactor:F
D/dalvikvm(  429): GetFieldID: unable to find field Ljava/util/HashMap;.loadFactor:F
D/dalvikvm(  429): GetFieldID: unable to find field Ljava/util/HashMap;.loadFactor:F
D/dalvikvm(  429): GetFieldID: unable to find field Ljava/util/HashMap;.loadFactor:F
D/MinimalTextUpdateService(  429): Checking if widget 24 needs an update
D/MinimalTextUpdateService(  429): Updating widget 24; Change: 4194328, Demand: 48
D/dalvikvm(  429): GetFieldID: unable to find field Ljava/util/HashMap;.loadFactor:F
D/dalvikvm(  429): GetFieldID: unable to find field Ljava/util/HashMap;.loadFactor:F
D/dalvikvm(  429): GetFieldID: unable to find field Ljava/util/HashMap;.loadFactor:F
D/dalvikvm(  429): GetFieldID: unable to find field Ljava/util/HashMap;.loadFactor:F
D/dalvikvm(  429): GetFieldID: unable to find field Ljava/util/HashMap;.loadFactor:F
D/dalvikvm(  429): GetFieldID: unable to find field Ljava/util/HashMap;.loadFactor:F
D/dalvikvm(  429): GetFieldID: unable to find field Ljava/util/HashMap;.loadFactor:F
I/ActivityManager(   96): Starting: Intent { flg=0x10800000 cmp=com.teslacoilsw.widgetlocker/.LauncherProAnimationKillerActivity } from pid 438
E/WLBroadcast(  438): UNLOCKED
I/ActivityManager(   96): moveTaskToBack: 4
W/BackupManagerService(   96): dataChanged but no participant pkg='com.android.providers.settings' uid=10059
I/ActivityManager(   96): Displayed com.teslacoilsw.widgetlocker/.LauncherProAnimationKillerActivity: +488ms (total +2m59s508ms)
W/InputManagerService(   96): Starting input on non-focused client com.android.internal.view.IInputMethodClient$Stub$Proxy@4078fbc0 (uid=10059 pid=438)
D/dalvikvm(  181): GC_EXTERNAL_ALLOC freed 170K, 51% free 3279K/6663K, external 6723K/6729K, paused 43ms
D/dalvikvm(  181): GC_EXTERNAL_ALLOC freed 22K, 52% free 3262K/6663K, external 6580K/7099K, paused 35ms
I/ActivityManager(   96): Starting: Intent { act=android.intent.action.MAIN cat=[android.intent.category.LAUNCHER] flg=0x10200000 cmp=com.vitruvianinteractive.vitae/android.app.NativeActivity } from pid 181
I/ActivityManager(   96): Start proc com.vitruvianinteractive.vitae for activity com.vitruvianinteractive.vitae/android.app.NativeActivity: pid=23811 uid=10077 gids={1015}
I/threaded_app(23811): Creating: 0x2a1610
I/threaded_app(23811): Config: mcc=234 mnc=15 lang=en cnt=GB orien=1 touch=3 dens=160 keys=1 nav=3 keysHid=3 navHid=0 sdk=10 size=2 long=2 modetype=1 modenight=1
I/threaded_app(23811): Start: 0x2a1610
I/vitae   (23811): Loading Vitae.
I/vitae   (23811): RENDERING: Initialising OpenGL rendering settings.
I/vitae   (23811): Loaded default texture as OpenGL texture name: 0
I/vitae   (23811): SHADER: Loading Shader (Vertex: "dat/shaders/phong.v.glsl", Fragment: "dat/shaders/phong.f.glsl")
I/vitae   (23811): vfile: Unable to open dat/shaders/phong.v.glsl for reading
I/vitae   (23811): vfile: Unable to open dat/shaders/phong.f.glsl for reading
I/DEBUG   (23679): *** *** *** *** *** *** *** *** *** *** *** *** *** *** *** ***
I/DEBUG   (23679): Build fingerprint: 'google/passion/passion:2.3.4/GRJ22/121341:user/release-keys'
I/DEBUG   (23679): pid: 23811, tid: 23819  >>> com.vitruvianinteractive.vitae <<<
I/DEBUG   (23679): signal 11 (SIGSEGV), code 1 (SEGV_MAPERR), fault addr 00000000
I/DEBUG   (23679):  r0 00000000  r1 8042a1f8  r2 80808080  r3 00000000
I/DEBUG   (23679):  r4 00000000  r5 8042a1f8  r6 00008b31  r7 8042a214
I/DEBUG   (23679):  r8 00000000  r9 002a1850  10 00100000  fp 00000001
I/DEBUG   (23679):  ip 8042fa88  sp 44717e20  lr 8040e51f  pc afd14bd8  cpsr 40000010
I/DEBUG   (23679):  d0  61657220726f6664  d1  6c672e662e676e69
I/DEBUG   (23679):  d2  786574204c476e6e  d3  6d616e2065727567
I/DEBUG   (23679):  d4  0000000000000000  d5  0000000000000000
I/DEBUG   (23679):  d6  0000000000000000  d7  0000000000000000
I/DEBUG   (23679):  d8  0000000000000000  d9  0000000000000000
I/DEBUG   (23679):  d10 0000000000000000  d11 0000000000000000
I/DEBUG   (23679):  d12 0000000000000000  d13 0000000000000000
I/DEBUG   (23679):  d14 0000000000000000  d15 0000000000000000
I/DEBUG   (23679):  d16 0000000700000001  d17 bff0000000000000
I/DEBUG   (23679):  d18 3ff0000000000000  d19 0000000000000000
I/DEBUG   (23679):  d20 0000000000000000  d21 0000000000000000
I/DEBUG   (23679):  d22 3ff0000000000000  d23 0000000000000000
I/DEBUG   (23679):  d24 3ff0000000000000  d25 0000000000000000
I/DEBUG   (23679):  d26 0000000000000000  d27 0000000000000000
I/DEBUG   (23679):  d28 0000000000000000  d29 0000000000000000
I/DEBUG   (23679):  d30 0000000000000000  d31 0000000000000000
I/DEBUG   (23679):  scr 60000012
I/DEBUG   (23679): 
I/DEBUG   (23679):          #00  pc 00014bd8  /system/lib/libc.so
I/DEBUG   (23679):          #01  pc 0000e51c  /data/data/com.vitruvianinteractive.vitae/lib/libvitae.so
I/DEBUG   (23679):          #02  pc 0000e5b0  /data/data/com.vitruvianinteractive.vitae/lib/libvitae.so
I/DEBUG   (23679):          #03  pc 0000e826  /data/data/com.vitruvianinteractive.vitae/lib/libvitae.so
I/DEBUG   (23679):          #04  pc 0000e180  /data/data/com.vitruvianinteractive.vitae/lib/libvitae.so
I/DEBUG   (23679):          #05  pc 0000e380  /data/data/com.vitruvianinteractive.vitae/lib/libvitae.so
I/DEBUG   (23679):          #06  pc 0000919c  /data/data/com.vitruvianinteractive.vitae/lib/libvitae.so
I/DEBUG   (23679):          #07  pc 00008d16  /data/data/com.vitruvianinteractive.vitae/lib/libvitae.so
I/DEBUG   (23679):          #08  pc 00008d3e  /data/data/com.vitruvianinteractive.vitae/lib/libvitae.so
I/DEBUG   (23679):          #09  pc 0000fe52  /data/data/com.vitruvianinteractive.vitae/lib/libvitae.so
I/DEBUG   (23679):          #10  pc 000118e4  /system/lib/libc.so
I/DEBUG   (23679):          #11  pc 000114b0  /system/lib/libc.so
I/DEBUG   (23679): 
I/DEBUG   (23679): code around pc:
I/DEBUG   (23679): afd14bb8 0a00003d e58d2004 e59d2004 e3120003 
I/DEBUG   (23679): afd14bc8 1afffff6 e0800003 e3082080 e3482080 
I/DEBUG   (23679): afd14bd8 e4901004 e0433000 f5d0f040 e041c3a2 
I/DEBUG   (23679): afd14be8 e00cc002 e1dcc001 04901004 1a000022 
I/DEBUG   (23679): afd14bf8 e041c3a2 e00cc002 e1dcc001 04901004 
I/DEBUG   (23679): 
I/DEBUG   (23679): code around lr:
I/DEBUG   (23679): 8040e4fc 0001b2ec 0001be5e 000216c4 00021692 
I/DEBUG   (23679): 8040e50c b084b570 1c101c06 1c141c0d f7fa9201 
I/DEBUG   (23679): 8040e51c 9003eb88 d0272c00 f7fa1c30 ab03eaa4 
I/DEBUG   (23679): 8040e52c 21011c04 f7faaa01 1c20e858 e800f7fa 
I/DEBUG   (23679): 8040e53c 49121c20 f7faaa02 9b02e9f4 d1102b00 
I/DEBUG   (23679): 
I/DEBUG   (23679): stack:
I/DEBUG   (23679):     44717de0  00000001  
I/DEBUG   (23679):     44717de4  44717e90  
I/DEBUG   (23679):     44717de8  002a17b4  
I/DEBUG   (23679):     44717dec  afd13ec7  /system/lib/libc.so
I/DEBUG   (23679):     44717df0  00000050  
I/DEBUG   (23679):     44717df4  b88b77e4  
I/DEBUG   (23679):     44717df8  afd46784  
I/DEBUG   (23679):     44717dfc  00000000  
I/DEBUG   (23679):     44717e00  afd46784  
I/DEBUG   (23679):     44717e04  afd249d7  /system/lib/libc.so
I/DEBUG   (23679):     44717e08  afd46784  
I/DEBUG   (23679):     44717e0c  afd16ffd  /system/lib/libc.so
I/DEBUG   (23679):     44717e10  8042a214  /data/data/com.vitruvianinteractive.vitae/lib/libvitae.so
I/DEBUG   (23679):     44717e14  00000000  
I/DEBUG   (23679):     44717e18  df002777  
I/DEBUG   (23679):     44717e1c  e3a070ad  
I/DEBUG   (23679): #00 44717e20  000001b6  
I/DEBUG   (23679):     44717e24  b88b77e4  
I/DEBUG   (23679): #01 44717e28  8042a214  /data/data/com.vitruvianinteractive.vitae/lib/libvitae.so
I/DEBUG   (23679):     44717e2c  00000000  
I/DEBUG   (23679):     44717e30  44717e64  
I/DEBUG   (23679):     44717e34  8042a214  /data/data/com.vitruvianinteractive.vitae/lib/libvitae.so
I/DEBUG   (23679):     44717e38  8042a1f8  /data/data/com.vitruvianinteractive.vitae/lib/libvitae.so
I/DEBUG   (23679):     44717e3c  00000000  
I/DEBUG   (23679):     44717e40  8042a214  /data/data/com.vitruvianinteractive.vitae/lib/libvitae.so
I/DEBUG   (23679):     44717e44  8040e5b5  /data/data/com.vitruvianinteractive.vitae/lib/libvitae.so
I/BootReceiver(   96): Copying /data/tombstones/tombstone_04 to DropBox (SYSTEM_TOMBSTONE)
I/ActivityManager(   96): Process com.vitruvianinteractive.vitae (pid 23811) has died.
D/Zygote  (   67): Process 23811 terminated by signal (11)
D/dalvikvm(   96): GC_FOR_MALLOC freed 886K, 39% free 7855K/12679K, external 5519K/5906K, paused 82ms
W/InputManagerService(   96): Window already focused, ignoring focus gain of: com.android.internal.view.IInputMethodClient$Stub$Proxy@40b99d40
I/RealTimeChat( 7419): Sending ping to bunch
I/RealTimeChat( 7419): Ping response from backend
D/dalvikvm(  268): GC_EXPLICIT freed 157K, 51% free 2819K/5639K, external 2053K/2137K, paused 58ms
D/dalvikvm(  438): GC_EXPLICIT freed 338K, 54% free 3216K/6983K, external 2229K/2734K, paused 71ms
D/MinimalTextUpdateService(  429): Checking if widget 17 needs an update
D/MinimalTextUpdateService(  429): Updating widget 17; Change: 4194328, Demand: 183
D/dalvikvm(  429): GetFieldID: unable to find field Ljava/util/HashMap;.loadFactor:F
D/dalvikvm(  429): GetFieldID: unable to find field Ljava/util/HashMap;.loadFactor:F
D/dalvikvm(  429): GetFieldID: unable to find field Ljava/util/HashMap;.loadFactor:F
D/dalvikvm(  429): GetFieldID: unable to find field Ljava/util/HashMap;.loadFactor:F
D/dalvikvm(  429): GetFieldID: unable to find field Ljava/util/HashMap;.loadFactor:F
D/dalvikvm(  429): GetFieldID: unable to find field Ljava/util/HashMap;.loadFactor:F
D/dalvikvm(  429): GetFieldID: unable to find field Ljava/util/HashMap;.loadFactor:F
D/MediaUploader( 7419): PhoneStateBroadcastReceiver.onReceive: CS is disabled or not initialized - skipping Intent { act=android.intent.action.BATTERY_CHANGED flg=0x60000000 (has extras) }
D/MinimalTextUpdateService(  429): Checking if widget 24 needs an update
D/MinimalTextUpdateService(  429): Updating widget 24; Change: 4194328, Demand: 48
D/dalvikvm(  429): GetFieldID: unable to find field Ljava/util/HashMap;.loadFactor:F
D/dalvikvm(  429): GetFieldID: unable to find field Ljava/util/HashMap;.loadFactor:F
D/dalvikvm(  429): GetFieldID: unable to find field Ljava/util/HashMap;.loadFactor:F
D/dalvikvm(  429): GetFieldID: unable to find field Ljava/util/HashMap;.loadFactor:F
D/dalvikvm(  429): GetFieldID: unable to find field Ljava/util/HashMap;.loadFactor:F
D/dalvikvm(  429): GetFieldID: unable to find field Ljava/util/HashMap;.loadFactor:F
D/dalvikvm(  429): GetFieldID: unable to find field Ljava/util/HashMap;.loadFactor:F
D/MinimalTextUpdateService(  429): Receiving Battery Message: android.intent.action.BATTERY_CHANGED
D/MinimalTextUpdateService(  429): Battery level and/or status changed. Updating widget
D/MinimalTextUpdateService(  429): Checking if widget 17 needs an update
D/MinimalTextUpdateService(  429): Updating widget 17; Change: 4196480, Demand: 183
D/dalvikvm(  429): GetFieldID: unable to find field Ljava/util/HashMap;.loadFactor:F
D/dalvikvm(  429): GetFieldID: unable to find field Ljava/util/HashMap;.loadFactor:F
D/dalvikvm(  429): GetFieldID: unable to find field Ljava/util/HashMap;.loadFactor:F
D/dalvikvm(  429): GetFieldID: unable to find field Ljava/util/HashMap;.loadFactor:F
D/dalvikvm(  429): GetFieldID: unable to find field Ljava/util/HashMap;.loadFactor:F
D/dalvikvm(  429): GetFieldID: unable to find field Ljava/util/HashMap;.loadFactor:F
D/dalvikvm(  429): GetFieldID: unable to find field Ljava/util/HashMap;.loadFactor:F
D/MinimalTextUpdateService(  429): Checking if widget 24 needs an update
D/MinimalTextUpdateService(  429): No Update neccessary!
D/dalvikvm(  429): GetFieldID: unable to find field Ljava/util/HashMap;.loadFactor:F
D/dalvikvm(  429): GetFieldID: unable to find field Ljava/util/HashMap;.loadFactor:F
D/dalvikvm(  429): GetFieldID: unable to find field Ljava/util/HashMap;.loadFactor:F
D/dalvikvm(  429): GetFieldID: unable to find field Ljava/util/HashMap;.loadFactor:F
D/dalvikvm(  429): GetFieldID: unable to find field Ljava/util/HashMap;.loadFactor:F
D/dalvikvm(  429): GetFieldID: unable to find field Ljava/util/HashMap;.loadFactor:F
D/dalvikvm(  429): GetFieldID: unable to find field Ljava/util/HashMap;.loadFactor:F
D/dalvikvm(  429): GC_CONCURRENT freed 1329K, 58% free 3187K/7559K, external 3851K/4078K, paused 2ms+3ms
D/dalvikvm(23492): GC_EXPLICIT freed 9K, 48% free 3786K/7175K, external 1625K/2137K, paused 65ms
I/ActivityManager(   96): No longer want com.google.android.gm (pid 7402): hidden #16
I/WindowManager(   96): WIN DEATH: Window{40811e30 com.google.android.gm/com.google.android.gm.LabelsActivity paused=false}
I/WindowManager(   96): WIN DEATH: Window{408fe038 com.google.android.gm/com.google.android.gm.ConversationListActivity paused=false}
I/WindowManager(   96): WIN DEATH: Window{40ba4440 com.google.android.gm/com.google.android.gm.HtmlConversationActivity paused=false}
I/power   (   96): *** set_screen_state 0
D/MinimalTextUpdateService(  429): Receiving Screen On/Off Message: android.intent.action.SCREEN_OFF
I/WLBroadcast(  438): LOCKED
I/ActivityManager(   96): Starting: Intent { flg=0x34840000 cmp=com.teslacoilsw.widgetlocker/.WidgetLocker (has extras) } from pid 438
I/WLBroadcast(  438): VISIBLE atLockScreen:true inInteraction:true
W/IInputConnectionWrapper(  438): showStatusIcon on inactive InputConnection
D/SurfaceFlinger(   96): About to give-up screen, flinger = 0x1288d8
W/IInputConnectionWrapper(  181): getExtractedText on inactive InputConnection
W/IInputConnectionWrapper(  438): getExtractedText on inactive InputConnection
W/IInputConnectionWrapper(  438): getExtractedText on inactive InputConnection
W/IInputConnectionWrapper(  438): getExtractedText on inactive InputConnection
W/IInputConnectionWrapper(  438): getExtractedText on inactive InputConnection
W/BackupManagerService(   96): dataChanged but no participant pkg='com.android.providers.settings' uid=10059
I/ActivityManager(   96): Starting: Intent { flg=0x34840000 cmp=com.teslacoilsw.widgetlocker/.WidgetLocker (has extras) } from pid 438
W/BackupManagerService(   96): dataChanged but no participant pkg='com.android.providers.settings' uid=10059
I/WLBroadcast(  438): VISIBLE atLockScreen:true inInteraction:true
D/AK8973  (   73): Compass CLOSE 
W/BackupManagerService(   96): dataChanged but no participant pkg='com.android.providers.settings' uid=10059
W/BackupManagerService(   96): dataChanged but no participant pkg='com.android.providers.settings' uid=10059
D/dalvikvm(   96): GC_EXTERNAL_ALLOC freed 690K, 40% free 7707K/12679K, external 4798K/4886K, paused 89ms
W/IInputConnectionWrapper(  438): getExtractedText on inactive InputConnection
W/IInputConnectionWrapper(  438): getExtractedText on inactive InputConnection
D/skia    (   96): purging 191K from font cache [11 entries]
W/IInputConnectionWrapper(  438): getExtractedText on inactive InputConnection
W/IInputConnectionWrapper(  438): getExtractedText on inactive InputConnection
D/dalvikvm(23614): GC_EXPLICIT freed 50K, 50% free 2716K/5379K, external 1625K/2137K, paused 50ms
D/dalvikvm(  181): GC_EXPLICIT freed 101K, 51% free 3318K/6663K, external 6306K/6729K, paused 69ms
D/MinimalTextUpdateService(  429): The screen is currently off. Skipping update.
D/AndroidRuntime(23823): 
D/AndroidRuntime(23823): >>>>>> AndroidRuntime START com.android.internal.os.RuntimeInit <<<<<<
D/AndroidRuntime(23823): CheckJNI is OFF
D/dalvikvm(23823): creating instr width table
D/AndroidRuntime(23823): Calling main entry com.android.commands.pm.Pm
I/PackageManager(   96): Removing non-system package:com.vitruvianinteractive.vitae
I/ActivityManager(   96): Force stopping package com.vitruvianinteractive.vitae uid=10077
I/ActivityManager(   96): No longer want com.google.android.apps.uploader (pid 7410): hidden #16
I/WLBroadcast(  438): VISIBLE atLockScreen:true inInteraction:true
I/WLBroadcast(  438): VISIBLE atLockScreen:true inInteraction:true
D/PackageManager(   96): Removing package com.vitruvianinteractive.vitae
D/PackageManager(   96):   Activities: android.app.NativeActivity
W/BackupManagerService(   96): dataChanged but no participant pkg='com.android.providers.settings' uid=10059
W/BackupManagerService(   96): dataChanged but no participant pkg='com.android.providers.settings' uid=10059
I/ActivityManager(   96): Force stopping package com.vitruvianinteractive.vitae uid=10077
W/BackupManagerService(   96): dataChanged but no participant pkg='com.android.providers.settings' uid=10059
D/dalvikvm(   96): GC_EXPLICIT freed 429K, 39% free 7743K/12679K, external 5297K/5623K, paused 88ms
D/dalvikvm(  181): GC_EXPLICIT freed 44K, 51% free 3278K/6663K, external 5699K/6729K, paused 33ms
I/VoiceActionsFactory(18593): Applications list changed, recalculating supported actions
D/VoiceDialerReceiver(23424): onReceive Intent { act=android.intent.action.PACKAGE_REMOVED dat=package:com.vitruvianinteractive.vitae flg=0x10000000 cmp=com.android.voicedialer/.VoiceDialerReceiver (has extras) }
V/RecognizerEngine(23424): deleteCachedGrammarFiles /data/data/com.android.voicedialer/files/openentries.txt
I/WLBroadcast(  438): VISIBLE atLockScreen:true inInteraction:true
D/szipinf (   96): Initializing inflate state
D/dalvikvm(  225): GC_EXPLICIT freed 373K, 51% free 3712K/7431K, external 4438K/5243K, paused 129ms
D/dalvikvm(  438): GC_EXPLICIT freed 316K, 54% free 3232K/6983K, external 2228K/2734K, paused 42ms
W/BackupManagerService(   96): dataChanged but no participant pkg='com.android.providers.settings' uid=10059
D/dalvikvm(18593): GC_CONCURRENT freed 1169K, 55% free 3082K/6727K, external 1625K/2137K, paused 8ms+3ms
D/Sources (  225): Creating external source for type=com.twitter.android.auth.login, packageName=com.twitter.android
D/Sources (  225): Creating external source for type=com.facebook.auth.login, packageName=com.facebook.katana
D/vending (21713): [44] LocalAssetCache.updateOnePackage(): No local info for com.vitruvianinteractive.vitae
W/BackupManagerService(   96): dataChanged but no participant pkg='com.android.providers.settings' uid=10059
D/dalvikvm(   96): GC_EXPLICIT freed 219K, 39% free 7741K/12679K, external 5162K/5623K, paused 87ms
I/installd(   70): unlink /data/dalvik-cache/data@app@com.vitruvianinteractive.vitae-1.apk@classes.dex
E/installd(   70): Couldn't unlink /data/dalvik-cache/data@app@com.vitruvianinteractive.vitae-1.apk@classes.dex: No such file or directory
D/AndroidRuntime(23823): Shutting down VM
D/dalvikvm(23823): GC_CONCURRENT freed 99K, 72% free 292K/1024K, external 0K/0K, paused 0ms+0ms
D/jdwp    (23823): adbd disconnected
W/PackageManager(   96): Couldn't remove dex file for package:  at location /data/app/com.vitruvianinteractive.vitae-1.apk, retcode=-1
D/AndroidRuntime(23838): 
D/AndroidRuntime(23838): >>>>>> AndroidRuntime START com.android.internal.os.RuntimeInit <<<<<<
D/AndroidRuntime(23838): CheckJNI is OFF
D/dalvikvm(23838): creating instr width table
D/AndroidRuntime(23838): Calling main entry com.android.commands.pm.Pm
D/dalvikvm(23403): GC_EXPLICIT freed 14K, 50% free 2725K/5379K, external 1625K/2137K, paused 26ms
W/ActivityManager(   96): No content provider found for: 
W/ActivityManager(   96): No content provider found for: 
D/PackageParser(   96): Scanning package: /data/app/vmdl1445387095.tmp
I/PackageParser(   96): com.vitruvianinteractive.vitae: compat added android.permission.WRITE_EXTERNAL_STORAGE android.permission.READ_PHONE_STATE
D/PackageManager(   96): Scanning package com.vitruvianinteractive.vitae
I/PackageManager(   96): Unpacking native libraries for /data/app/com.vitruvianinteractive.vitae-1.apk
I/ActivityManager(   96): Force stopping package com.vitruvianinteractive.vitae uid=10077
I/WLBroadcast(  438): VISIBLE atLockScreen:true inInteraction:true
D/PackageManager(   96):   Activities: android.app.NativeActivity
W/BackupManagerService(   96): dataChanged but no participant pkg='com.android.providers.settings' uid=10059
D/PackageManager(   96): New package installed in /data/app/com.vitruvianinteractive.vitae-1.apk
W/BackupManagerService(   96): dataChanged but no participant pkg='com.android.providers.settings' uid=10059
D/SettingsProvider(   96): external modification to /data/data/com.android.providers.settings/databases/settings.db; event=2
D/SettingsProvider(   96): updating our caches for /data/data/com.android.providers.settings/databases/settings.db
D/SettingsProvider(   96): cache for settings table 'secure' rows=44; fullycached=true
D/SettingsProvider(   96): cache for settings table 'system' rows=57; fullycached=true
D/SettingsProvider(   96): external modification to /data/data/com.android.providers.settings/databases/settings.db; event=2
D/SettingsProvider(   96): updating our caches for /data/data/com.android.providers.settings/databases/settings.db
D/SettingsProvider(   96): cache for settings table 'secure' rows=44; fullycached=true
D/SettingsProvider(   96): cache for settings table 'system' rows=57; fullycached=true
I/VoiceActionsFactory(18593): Applications list changed, recalculating supported actions
D/GTalkService(  204): handlePackageInstalled: re-initialize providers
D/GTalkService(  204): [RawStanzaProvidersMgr] ##### searchProvidersFromIntent
D/szipinf (   96): Initializing inflate state
D/GTalkService(  204): [RawStanzaProvidersMgr] no intent receivers found
D/VoiceDialerReceiver(23424): onReceive Intent { act=android.intent.action.PACKAGE_ADDED dat=package:com.vitruvianinteractive.vitae flg=0x10000000 cmp=com.android.voicedialer/.VoiceDialerReceiver (has extras) }
V/RecognizerEngine(23424): deleteCachedGrammarFiles /data/data/com.android.voicedialer/files/openentries.txt
D/Sources (  225): Creating external source for type=com.twitter.android.auth.login, packageName=com.twitter.android
D/Sources (  225): Creating external source for type=com.facebook.auth.login, packageName=com.facebook.katana
D/dalvikvm(   96): GC_EXPLICIT freed 1101K, 39% free 7828K/12679K, external 5162K/5623K, paused 94ms
D/AndroidRuntime(23838): Shutting down VM
D/dalvikvm(23838): GC_CONCURRENT freed 100K, 72% free 294K/1024K, external 0K/0K, paused 0ms+1ms
D/jdwp    (23838): adbd disconnected
I/AndroidRuntime(23838): NOTE: attach of thread 'Binder Thread #3' failed
D/vending (21713): [46] LocalAssetCache.updateOnePackage(): No local info for com.vitruvianinteractive.vitae
D/KeyguardViewMediator(   96): wakeWhenReadyLocked(26)
I/power   (   96): *** set_screen_state 1
D/SurfaceFlinger(   96): Screen about to return, flinger = 0x1288d8
D/AK8973  (   73): Compass Start
I/WLBroadcast(  438): VISIBLE atLockScreen:true inInteraction:true
D/MinimalTextUpdateService(  429): Receiving Screen On/Off Message: android.intent.action.SCREEN_ON
D/MinimalTextUpdateService(  429): Checking if widget 17 needs an update
D/MinimalTextUpdateService(  429): Updating widget 17; Change: 4194328, Demand: 183
D/dalvikvm(  429): GetFieldID: unable to find field Ljava/util/HashMap;.loadFactor:F
D/dalvikvm(  429): GetFieldID: unable to find field Ljava/util/HashMap;.loadFactor:F
D/dalvikvm(  429): GetFieldID: unable to find field Ljava/util/HashMap;.loadFactor:F
D/dalvikvm(  429): GetFieldID: unable to find field Ljava/util/HashMap;.loadFactor:F
D/dalvikvm(  429): GetFieldID: unable to find field Ljava/util/HashMap;.loadFactor:F
D/dalvikvm(  429): GetFieldID: unable to find field Ljava/util/HashMap;.loadFactor:F
D/dalvikvm(  429): GetFieldID: unable to find field Ljava/util/HashMap;.loadFactor:F
D/MinimalTextUpdateService(  429): Checking if widget 24 needs an update
D/MinimalTextUpdateService(  429): Updating widget 24; Change: 4194328, Demand: 48
D/dalvikvm(  429): GetFieldID: unable to find field Ljava/util/HashMap;.loadFactor:F
D/dalvikvm(  429): GetFieldID: unable to find field Ljava/util/HashMap;.loadFactor:F
D/dalvikvm(  429): GetFieldID: unable to find field Ljava/util/HashMap;.loadFactor:F
D/dalvikvm(  429): GetFieldID: unable to find field Ljava/util/HashMap;.loadFactor:F
D/dalvikvm(  429): GetFieldID: unable to find field Ljava/util/HashMap;.loadFactor:F
D/dalvikvm(  429): GetFieldID: unable to find field Ljava/util/HashMap;.loadFactor:F
D/dalvikvm(  429): GetFieldID: unable to find field Ljava/util/HashMap;.loadFactor:F
E/WLBroadcast(  438): UNLOCKED
I/ActivityManager(   96): Starting: Intent { flg=0x10800000 cmp=com.teslacoilsw.widgetlocker/.LauncherProAnimationKillerActivity } from pid 438
I/ActivityManager(   96): moveTaskToBack: 4
W/BackupManagerService(   96): dataChanged but no participant pkg='com.android.providers.settings' uid=10059
I/ActivityManager(   96): Displayed com.teslacoilsw.widgetlocker/.LauncherProAnimationKillerActivity: +418ms (total +2m18s696ms)
W/InputManagerService(   96): Starting input on non-focused client com.android.internal.view.IInputMethodClient$Stub$Proxy@4078fbc0 (uid=10059 pid=438)
D/dalvikvm(  181): GC_EXTERNAL_ALLOC freed 235K, 51% free 3295K/6663K, external 6688K/6729K, paused 47ms
D/dalvikvm(  181): GC_EXTERNAL_ALLOC freed 82K, 52% free 3219K/6663K, external 6580K/7099K, paused 31ms
I/ActivityManager(   96): Starting: Intent { act=android.intent.action.MAIN cat=[android.intent.category.LAUNCHER] flg=0x10200000 cmp=com.vitruvianinteractive.vitae/android.app.NativeActivity } from pid 181
I/ActivityManager(   96): Start proc com.vitruvianinteractive.vitae for activity com.vitruvianinteractive.vitae/android.app.NativeActivity: pid=23853 uid=10077 gids={1015}
I/threaded_app(23853): Creating: 0x2a15f8
I/threaded_app(23853): Config: mcc=234 mnc=15 lang=en cnt=GB orien=1 touch=3 dens=160 keys=1 nav=3 keysHid=3 navHid=0 sdk=10 size=2 long=2 modetype=1 modenight=1
I/threaded_app(23853): Start: 0x2a15f8
I/vitae   (23853): Loading Vitae.
I/vitae   (23853): RENDERING: Initialising OpenGL rendering settings.
I/vitae   (23853): Loaded default texture as OpenGL texture name: 0
I/vitae   (23853): SHADER: Loading Shader (Vertex: "assets/shaders/phong.v.glsl", Fragment: "assets/shaders/phong.f.glsl")
I/vitae   (23853): vfile: Unable to open assets/shaders/phong.v.glsl for reading
I/vitae   (23853): vfile: Unable to open assets/shaders/phong.f.glsl for reading
I/DEBUG   (23679): *** *** *** *** *** *** *** *** *** *** *** *** *** *** *** ***
I/DEBUG   (23679): Build fingerprint: 'google/passion/passion:2.3.4/GRJ22/121341:user/release-keys'
I/DEBUG   (23679): pid: 23853, tid: 23861  >>> com.vitruvianinteractive.vitae <<<
I/DEBUG   (23679): signal 11 (SIGSEGV), code 1 (SEGV_MAPERR), fault addr 00000000
I/DEBUG   (23679):  r0 00000000  r1 8042a1f8  r2 80808080  r3 00000000
I/DEBUG   (23679):  r4 00000000  r5 8042a1f8  r6 00008b31  r7 8042a214
I/DEBUG   (23679):  r8 00000000  r9 002a1838  10 00100000  fp 00000001
I/DEBUG   (23679):  ip 8042fa88  sp 44717e20  lr 8040e51f  pc afd14bd8  cpsr 40000010
I/DEBUG   (23679):  d0  61657220726f6664  d1  662e676e6f687069
I/DEBUG   (23679):  d2  786574204c476e6e  d3  6d616e2065727567
I/DEBUG   (23679):  d4  0000000000000000  d5  0000000000000000
I/DEBUG   (23679):  d6  0000000000000000  d7  0000000000000000
I/DEBUG   (23679):  d8  0000000000000000  d9  0000000000000000
I/DEBUG   (23679):  d10 0000000000000000  d11 0000000000000000
I/DEBUG   (23679):  d12 0000000000000000  d13 0000000000000000
I/DEBUG   (23679):  d14 0000000000000000  d15 0000000000000000
I/DEBUG   (23679):  d16 0000000700000001  d17 bff0000000000000
I/DEBUG   (23679):  d18 3ff0000000000000  d19 0000000000000000
I/DEBUG   (23679):  d20 0000000000000000  d21 0000000000000000
I/DEBUG   (23679):  d22 3ff0000000000000  d23 0000000000000000
I/DEBUG   (23679):  d24 3ff0000000000000  d25 0000000000000000
I/DEBUG   (23679):  d26 0000000000000000  d27 0000000000000000
I/DEBUG   (23679):  d28 0000000000000000  d29 0000000000000000
I/DEBUG   (23679):  d30 0000000000000000  d31 0000000000000000
I/DEBUG   (23679):  scr 60000012
I/DEBUG   (23679): 
I/DEBUG   (23679):          #00  pc 00014bd8  /system/lib/libc.so
I/DEBUG   (23679):          #01  pc 0000e51c  /data/data/com.vitruvianinteractive.vitae/lib/libvitae.so
I/DEBUG   (23679):          #02  pc 0000e5b0  /data/data/com.vitruvianinteractive.vitae/lib/libvitae.so
I/DEBUG   (23679):          #03  pc 0000e826  /data/data/com.vitruvianinteractive.vitae/lib/libvitae.so
I/DEBUG   (23679):          #04  pc 0000e180  /data/data/com.vitruvianinteractive.vitae/lib/libvitae.so
I/DEBUG   (23679):          #05  pc 0000e380  /data/data/com.vitruvianinteractive.vitae/lib/libvitae.so
I/DEBUG   (23679):          #06  pc 0000919c  /data/data/com.vitruvianinteractive.vitae/lib/libvitae.so
I/DEBUG   (23679):          #07  pc 00008d16  /data/data/com.vitruvianinteractive.vitae/lib/libvitae.so
I/DEBUG   (23679):          #08  pc 00008d3e  /data/data/com.vitruvianinteractive.vitae/lib/libvitae.so
I/DEBUG   (23679):          #09  pc 0000fe52  /data/data/com.vitruvianinteractive.vitae/lib/libvitae.so
I/DEBUG   (23679):          #10  pc 000118e4  /system/lib/libc.so
I/DEBUG   (23679):          #11  pc 000114b0  /system/lib/libc.so
I/DEBUG   (23679): 
I/DEBUG   (23679): code around pc:
I/DEBUG   (23679): afd14bb8 0a00003d e58d2004 e59d2004 e3120003 
I/DEBUG   (23679): afd14bc8 1afffff6 e0800003 e3082080 e3482080 
I/DEBUG   (23679): afd14bd8 e4901004 e0433000 f5d0f040 e041c3a2 
I/DEBUG   (23679): afd14be8 e00cc002 e1dcc001 04901004 1a000022 
I/DEBUG   (23679): afd14bf8 e041c3a2 e00cc002 e1dcc001 04901004 
I/DEBUG   (23679): 
I/DEBUG   (23679): code around lr:
I/DEBUG   (23679): 8040e4fc 0001b2ec 0001be5e 000216c4 00021692 
I/DEBUG   (23679): 8040e50c b084b570 1c101c06 1c141c0d f7fa9201 
I/DEBUG   (23679): 8040e51c 9003eb88 d0272c00 f7fa1c30 ab03eaa4 
I/DEBUG   (23679): 8040e52c 21011c04 f7faaa01 1c20e858 e800f7fa 
I/DEBUG   (23679): 8040e53c 49121c20 f7faaa02 9b02e9f4 d1102b00 
I/DEBUG   (23679): 
I/DEBUG   (23679): stack:
I/DEBUG   (23679):     44717de0  00000001  
I/DEBUG   (23679):     44717de4  44717e90  
I/DEBUG   (23679):     44717de8  002a179c  
I/DEBUG   (23679):     44717dec  afd13ec7  /system/lib/libc.so
I/DEBUG   (23679):     44717df0  00000050  
I/DEBUG   (23679):     44717df4  b88b77e4  
I/DEBUG   (23679):     44717df8  afd46784  
I/DEBUG   (23679):     44717dfc  00000000  
I/DEBUG   (23679):     44717e00  afd46784  
I/DEBUG   (23679):     44717e04  afd249d7  /system/lib/libc.so
I/DEBUG   (23679):     44717e08  afd46784  
I/DEBUG   (23679):     44717e0c  afd16ffd  /system/lib/libc.so
I/DEBUG   (23679):     44717e10  8042a214  /data/data/com.vitruvianinteractive.vitae/lib/libvitae.so
I/DEBUG   (23679):     44717e14  00000000  
I/DEBUG   (23679):     44717e18  df002777  
I/DEBUG   (23679):     44717e1c  e3a070ad  
I/DEBUG   (23679): #00 44717e20  000001b6  
I/DEBUG   (23679):     44717e24  b88b77e4  
I/DEBUG   (23679): #01 44717e28  8042a214  /data/data/com.vitruvianinteractive.vitae/lib/libvitae.so
I/DEBUG   (23679):     44717e2c  00000000  
I/DEBUG   (23679):     44717e30  44717e64  
I/DEBUG   (23679):     44717e34  8042a214  /data/data/com.vitruvianinteractive.vitae/lib/libvitae.so
I/DEBUG   (23679):     44717e38  8042a1f8  /data/data/com.vitruvianinteractive.vitae/lib/libvitae.so
I/DEBUG   (23679):     44717e3c  00000000  
I/DEBUG   (23679):     44717e40  8042a214  /data/data/com.vitruvianinteractive.vitae/lib/libvitae.so
I/DEBUG   (23679):     44717e44  8040e5b5  /data/data/com.vitruvianinteractive.vitae/lib/libvitae.so
I/BootReceiver(   96): Copying /data/tombstones/tombstone_05 to DropBox (SYSTEM_TOMBSTONE)
I/ActivityManager(   96): Process com.vitruvianinteractive.vitae (pid 23853) has died.
W/InputManagerService(   96): Window already focused, ignoring focus gain of: com.android.internal.view.IInputMethodClient$Stub$Proxy@406cd780
D/Zygote  (   67): Process 23853 terminated by signal (11)
D/dalvikvm(   96): GC_FOR_MALLOC freed 811K, 39% free 7839K/12679K, external 5511K/5623K, paused 79ms
D/dalvikvm(23622): GC_EXPLICIT freed 388K, 47% free 3253K/6087K, external 1625K/2137K, paused 77ms
D/MinimalTextUpdateService(  429): Checking if widget 17 needs an update
D/MinimalTextUpdateService(  429): Updating widget 17; Change: 4194328, Demand: 183
D/dalvikvm(  429): GetFieldID: unable to find field Ljava/util/HashMap;.loadFactor:F
D/dalvikvm(  429): GetFieldID: unable to find field Ljava/util/HashMap;.loadFactor:F
D/dalvikvm(  429): GetFieldID: unable to find field Ljava/util/HashMap;.loadFactor:F
D/dalvikvm(  429): GetFieldID: unable to find field Ljava/util/HashMap;.loadFactor:F
D/dalvikvm(  429): GetFieldID: unable to find field Ljava/util/HashMap;.loadFactor:F
D/dalvikvm(  429): GetFieldID: unable to find field Ljava/util/HashMap;.loadFactor:F
D/dalvikvm(  429): GetFieldID: unable to find field Ljava/util/HashMap;.loadFactor:F
D/MinimalTextUpdateService(  429): Checking if widget 24 needs an update
D/MinimalTextUpdateService(  429): Updating widget 24; Change: 4194328, Demand: 48
D/dalvikvm(  429): GetFieldID: unable to find field Ljava/util/HashMap;.loadFactor:F
D/dalvikvm(  429): GetFieldID: unable to find field Ljava/util/HashMap;.loadFactor:F
D/dalvikvm(  429): GetFieldID: unable to find field Ljava/util/HashMap;.loadFactor:F
D/dalvikvm(  429): GetFieldID: unable to find field Ljava/util/HashMap;.loadFactor:F
D/dalvikvm(  429): GetFieldID: unable to find field Ljava/util/HashMap;.loadFactor:F
D/dalvikvm(  429): GetFieldID: unable to find field Ljava/util/HashMap;.loadFactor:F
D/dalvikvm(  429): GetFieldID: unable to find field Ljava/util/HashMap;.loadFactor:F
D/dalvikvm(21713): GC_EXPLICIT freed 66K, 54% free 3148K/6727K, external 1625K/2137K, paused 63ms
D/dalvikvm(23403): GC_EXPLICIT freed 9K, 50% free 2721K/5379K, external 1625K/2137K, paused 57ms
D/dalvikvm(23424): GC_EXPLICIT freed 20K, 50% free 2717K/5379K, external 1625K/2137K, paused 70ms
D/MediaUploader( 7419): PhoneStateBroadcastReceiver.onReceive: CS is disabled or not initialized - skipping Intent { act=android.intent.action.BATTERY_CHANGED flg=0x60000000 (has extras) }
D/MinimalTextUpdateService(  429): Receiving Battery Message: android.intent.action.BATTERY_CHANGED
D/MinimalTextUpdateService(  429): Battery level and/or status changed. Updating widget
D/MinimalTextUpdateService(  429): Checking if widget 17 needs an update
D/MinimalTextUpdateService(  429): Updating widget 17; Change: 4196552, Demand: 183
D/dalvikvm(  429): GetFieldID: unable to find field Ljava/util/HashMap;.loadFactor:F
D/dalvikvm(  429): GetFieldID: unable to find field Ljava/util/HashMap;.loadFactor:F
D/dalvikvm(  429): GetFieldID: unable to find field Ljava/util/HashMap;.loadFactor:F
D/dalvikvm(  429): GetFieldID: unable to find field Ljava/util/HashMap;.loadFactor:F
D/dalvikvm(  429): GetFieldID: unable to find field Ljava/util/HashMap;.loadFactor:F
D/dalvikvm(  429): GetFieldID: unable to find field Ljava/util/HashMap;.loadFactor:F
D/dalvikvm(  429): GetFieldID: unable to find field Ljava/util/HashMap;.loadFactor:F
D/MinimalTextUpdateService(  429): Checking if widget 24 needs an update
D/MinimalTextUpdateService(  429): No Update neccessary!
D/dalvikvm(  429): GetFieldID: unable to find field Ljava/util/HashMap;.loadFactor:F
D/dalvikvm(  429): GetFieldID: unable to find field Ljava/util/HashMap;.loadFactor:F
D/dalvikvm(  429): GetFieldID: unable to find field Ljava/util/HashMap;.loadFactor:F
D/dalvikvm(  429): GetFieldID: unable to find field Ljava/util/HashMap;.loadFactor:F
D/dalvikvm(  429): GetFieldID: unable to find field Ljava/util/HashMap;.loadFactor:F
D/dalvikvm(  429): GetFieldID: unable to find field Ljava/util/HashMap;.loadFactor:F
D/dalvikvm(  429): GetFieldID: unable to find field Ljava/util/HashMap;.loadFactor:F
D/dalvikvm(  429): GC_CONCURRENT freed 1354K, 58% free 3184K/7559K, external 3973K/4078K, paused 2ms+3ms
D/dalvikvm(23436): GC_EXPLICIT freed 14K, 49% free 2777K/5379K, external 1625K/2137K, paused 57ms
